Archive member included to satisfy reference by file (symbol)

c:\Users\chris\Documents\Github\arduino-heat-sensor\build\core\core.a(am_hal_clkgen.c.o)
                              c:\Users\chris\Documents\Github\arduino-heat-sensor\build\core\bsp\am_bsp.c.o (am_hal_clkgen_control)
c:\Users\chris\Documents\Github\arduino-heat-sensor\build\core\core.a(am_hal_flash.c.o)
                              c:\Users\chris\Documents\Github\arduino-heat-sensor\build\core\core.a(am_hal_clkgen.c.o) (am_hal_flash_delay)
c:\Users\chris\Documents\Github\arduino-heat-sensor\build\core\core.a(am_hal_gpio.c.o)
                              c:\Users\chris\Documents\Github\arduino-heat-sensor\build\core\bsp\am_bsp.c.o (am_hal_gpio_pinconfig)
c:\Users\chris\Documents\Github\arduino-heat-sensor\build\core\core.a(am_hal_interrupt.c.o)
                              c:\Users\chris\Documents\Github\arduino-heat-sensor\build\core\core.a(am_hal_gpio.c.o) (am_hal_interrupt_master_disable)
c:\Users\chris\Documents\Github\arduino-heat-sensor\build\core\core.a(am_hal_iom.c.o)
                              c:\Users\chris\Documents\Github\arduino-heat-sensor\build\libraries\Wire\Wire.cpp.o (am_hal_iom_blocking_transfer)
c:\Users\chris\Documents\Github\arduino-heat-sensor\build\core\core.a(am_hal_itm.c.o)
                              c:\Users\chris\Documents\Github\arduino-heat-sensor\build\core\bsp\am_bsp.c.o (am_hal_itm_enable)
c:\Users\chris\Documents\Github\arduino-heat-sensor\build\core\core.a(am_hal_pwrctrl.c.o)
                              c:\Users\chris\Documents\Github\arduino-heat-sensor\build\core\core.a(am_hal_iom.c.o) (am_hal_pwrctrl_periph_enable)
c:\Users\chris\Documents\Github\arduino-heat-sensor\build\core\core.a(am_hal_reset.c.o)
                              c:\Users\chris\Documents\Github\arduino-heat-sensor\build\core\core.a(am_hal_clkgen.c.o) (gAmHalResetStatus)
c:\Users\chris\Documents\Github\arduino-heat-sensor\build\core\core.a(am_hal_rtc.c.o)
                              c:\Users\chris\Documents\Github\arduino-heat-sensor\build\core\bsp\am_bsp.c.o (am_hal_rtc_osc_disable)
c:\Users\chris\Documents\Github\arduino-heat-sensor\build\core\core.a(am_hal_tpiu.c.o)
                              c:\Users\chris\Documents\Github\arduino-heat-sensor\build\core\bsp\am_bsp.c.o (am_hal_tpiu_enable)
c:\Users\chris\Documents\Github\arduino-heat-sensor\build\core\core.a(am_hal_uart.c.o)
                              c:\Users\chris\Documents\Github\arduino-heat-sensor\build\core\bsp\am_bsp.c.o (am_hal_uart_initialize)
c:\Users\chris\Documents\Github\arduino-heat-sensor\build\core\core.a(am_util_stdio.c.o)
                              c:\Users\chris\Documents\Github\arduino-heat-sensor\build\core\bsp\am_bsp.c.o (am_util_stdio_printf_init)
c:\Users\chris\Documents\Github\arduino-heat-sensor\build\core\core.a(ap3_gpio_structures.c.o)
                              c:\Users\chris\Documents\Github\arduino-heat-sensor\build\libraries\Wire\Wire.cpp.o (AP3_GPIO_PINCFG_NULL)
c:\Users\chris\Documents\Github\arduino-heat-sensor\build\core\core.a(Print.cpp.o)
                              c:\Users\chris\Documents\Github\arduino-heat-sensor\build\libraries\Wire\Wire.cpp.o (Print::write(unsigned char const*, unsigned int))
c:\Users\chris\Documents\Github\arduino-heat-sensor\build\core\core.a(WString.cpp.o)
                              c:\Users\chris\Documents\Github\arduino-heat-sensor\build\sketch\arduino-heat-sensor.ino.cpp.o (String::~String())
c:\Users\chris\Documents\Github\arduino-heat-sensor\build\core\core.a(ap3_gpio.cpp.o)
                              c:\Users\chris\Documents\Github\arduino-heat-sensor\build\libraries\Wire\Wire.cpp.o (padMode(unsigned char, am_hal_gpio_pincfg_t, ap3_err_t*))
c:\Users\chris\Documents\Github\arduino-heat-sensor\build\core\core.a(ap3_iomaster.cpp.o)
                              c:\Users\chris\Documents\Github\arduino-heat-sensor\build\libraries\Wire\Wire.cpp.o (IOMaster::IOMaster(unsigned char))
c:\Users\chris\Documents\Github\arduino-heat-sensor\build\core\core.a(main.cpp.o)
                              c:\Users\chris\Documents\Github\arduino-heat-sensor\build\core\startup\startup_gcc.c.o (main)
c:\Users\chris\Documents\Github\arduino-heat-sensor\build\core\core.a(ap3_timing.cpp.o)
                              c:\Users\chris\Documents\Github\arduino-heat-sensor\build\core\core.a(ap3_gpio.cpp.o) (micros())
c:\Users\chris\Documents\Github\arduino-heat-sensor\build\core\core.a(ap3_uart.cpp.o)
                              c:\Users\chris\Documents\Github\arduino-heat-sensor\build\sketch\arduino-heat-sensor.ino.cpp.o (Uart::begin(unsigned long))
c:\Users\chris\Documents\Github\arduino-heat-sensor\build\core\core.a(am_hal_cachectrl.c.o)
                              c:\Users\chris\Documents\Github\arduino-heat-sensor\build\core\core.a(am_hal_pwrctrl.c.o) (am_hal_cachectrl_control)
c:\Users\chris\Documents\Github\arduino-heat-sensor\build\core\core.a(am_hal_cmdq.c.o)
[...]
Memory Configuration

Name             Origin             Length             Attributes
FLASH            0x00010000         0x000f0000         xr
SRAM             0x10000000         0x00060000         xrw
*default*        0x00000000         0xffffffff

Linker script and memory map

LOAD c:\Users\chris\Documents\Github\arduino-heat-sensor\build\sketch\arduino-heat-sensor.ino.cpp.o
LOAD c:\Users\chris\Documents\Github\arduino-heat-sensor\build\libraries\Wire\Wire.cpp.o
LOAD c:\Users\chris\Documents\Github\arduino-heat-sensor\build\core\bsp\am_bsp.c.o
LOAD c:\Users\chris\Documents\Github\arduino-heat-sensor\build\core\bsp\am_bsp_pins.c.o
LOAD c:\Users\chris\Documents\Github\arduino-heat-sensor\build\core\startup\startup_gcc.c.o
LOAD c:\Users\chris\Documents\Github\arduino-heat-sensor\build\core\config\variant.cpp.o
LOAD c:\Users\chris\Documents\Github\arduino-heat-sensor\build\core\core.a
LOAD C:\Users\chris\AppData\Local\Arduino15\packages\SparkFun\hardware\apollo3\1.2.0/cores/arduino/am_sdk_ap3/CMSIS/ARM/Lib/ARM\libarm_cortexM4lf_math.a
START GROUP
LOAD c:/users/chris/appdata/local/arduino15/packages/sparkfun/tools/arm-none-eabi-gcc/8-2018-q4-major/bin/../lib/gcc/arm-none-eabi/8.2.1/../../../../arm-none-eabi/lib/thumb/v7e-m+fp/hard\libm.a
LOAD c:/users/chris/appdata/local/arduino15/packages/sparkfun/tools/arm-none-eabi-gcc/8-2018-q4-major/bin/../lib/gcc/arm-none-eabi/8.2.1/../../../../arm-none-eabi/lib/thumb/v7e-m+fp/hard\libc_nano.a
LOAD c:/users/chris/appdata/local/arduino15/packages/sparkfun/tools/arm-none-eabi-gcc/8-2018-q4-major/bin/../lib/gcc/arm-none-eabi/8.2.1/thumb/v7e-m+fp/hard\libgcc.a
END GROUP
LOAD c:/users/chris/appdata/local/arduino15/packages/sparkfun/tools/arm-none-eabi-gcc/8-2018-q4-major/bin/../lib/gcc/arm-none-eabi/8.2.1/../../../../arm-none-eabi/lib/thumb/v7e-m+fp/hard\libstdc++_nano.a
LOAD c:/users/chris/appdata/local/arduino15/packages/sparkfun/tools/arm-none-eabi-gcc/8-2018-q4-major/bin/../lib/gcc/arm-none-eabi/8.2.1/../../../../arm-none-eabi/lib/thumb/v7e-m+fp/hard\libc_nano.a
LOAD c:/users/chris/appdata/local/arduino15/packages/sparkfun/tools/arm-none-eabi-gcc/8-2018-q4-major/bin/../lib/gcc/arm-none-eabi/8.2.1/../../../../arm-none-eabi/lib/thumb/v7e-m+fp/hard\libnosys.a
LOAD c:/users/chris/appdata/local/arduino15/packages/sparkfun/tools/arm-none-eabi-gcc/8-2018-q4-major/bin/../lib/gcc/arm-none-eabi/8.2.1/../../../../arm-none-eabi/lib/thumb/v7e-m+fp/hard\libm.a

.text           0x00010000     0x6b48
                0x00010000                . = ALIGN (0x4)
 *(.isr_vector)
 .isr_vector    0x00010000       0xd0 c:\Users\chris\Documents\Github\arduino-heat-sensor\build\core\startup\startup_gcc.c.o
                0x00010000                g_am_pfnVectors
 *(.patch)
 .patch         0x000100d0       0x30 c:\Users\chris\Documents\Github\arduino-heat-sensor\build\core\startup\startup_gcc.c.o
                0x000100d0                __Patchable
 *(.text)
 .text          0x00010100       0x10 c:/users/chris/appdata/local/arduino15/packages/sparkfun/tools/arm-none-eabi-gcc/8-2018-q4-major/bin/../lib/gcc/arm-none-eabi/8.2.1/../../../../arm-none-eabi/lib/thumb/v7e-m+fp/hard\libc_nano.a(lib_a-strlen.o)
                0x00010100                strlen
 .text          0x00010110       0xa0 c:/users/chris/appdata/local/arduino15/packages/sparkfun/tools/arm-none-eabi-gcc/8-2018-q4-major/bin/../lib/gcc/arm-none-eabi/8.2.1/../../../../arm-none-eabi/lib/thumb/v7e-m+fp/hard\libc_nano.a(lib_a-memchr.o)
                0x00010110                memchr
 .text          0x000101b0      0x378 c:/users/chris/appdata/local/arduino15/packages/sparkfun/tools/arm-none-eabi-gcc/8-2018-q4-major/bin/../lib/gcc/arm-none-eabi/8.2.1/thumb/v7e-m+fp/hard\libgcc.a(_arm_addsubdf3.o)
                0x000101b0                __aeabi_drsub
                0x000101b8                __aeabi_dsub
                0x000101b8                __subdf3
                0x000101bc                __aeabi_dadd
                0x000101bc                __adddf3
                0x00010434                __floatunsidf
                0x00010434                __aeabi_ui2d
                0x00010454                __floatsidf
                0x00010454                __aeabi_i2d
                0x00010478                __aeabi_f2d
                0x00010478                __extendsfdf2
                0x000104bc                __floatundidf
                0x000104bc                __aeabi_ul2d
                0x000104cc                __floatdidf
                0x000104cc                __aeabi_l2d
 .text          0x00010528      0x424 c:/users/chris/appdata/local/arduino15/packages/sparkfun/tools/arm-none-eabi-gcc/8-2018-q4-major/bin/../lib/gcc/arm-none-eabi/8.2.1/thumb/v7e-m+fp/hard\libgcc.a(_arm_muldivdf3.o)
                0x00010528                __aeabi_dmul
                0x00010528                __muldf3
                0x0001077c                __divdf3
                0x0001077c                __aeabi_ddiv
 .text          0x0001094c      0x110 c:/users/chris/appdata/local/arduino15/packages/sparkfun/tools/arm-none-eabi-gcc/8-2018-q4-major/bin/../lib/gcc/arm-none-eabi/8.2.1/thumb/v7e-m+fp/hard\libgcc.a(_arm_cmpdf2.o)
                0x0001094c                __gtdf2
                0x0001094c                __gedf2
                0x00010954                __ltdf2
                0x00010954                __ledf2
                0x0001095c                __nedf2
                0x0001095c                __eqdf2
                0x0001095c                __cmpdf2
                0x000109d8                __aeabi_cdrcmple
                0x000109e8                __aeabi_cdcmpeq
                0x000109e8                __aeabi_cdcmple
                0x000109f8                __aeabi_dcmpeq
                0x00010a0c                __aeabi_dcmplt
                0x00010a20                __aeabi_dcmple
                0x00010a34                __aeabi_dcmpge
                0x00010a48                __aeabi_dcmpgt
 .text          0x00010a5c       0x2c c:/users/chris/appdata/local/arduino15/packages/sparkfun/tools/arm-none-eabi-gcc/8-2018-q4-major/bin/../lib/gcc/arm-none-eabi/8.2.1/thumb/v7e-m+fp/hard\libgcc.a(_arm_unorddf2.o)
                0x00010a5c                __unorddf2
                0x00010a5c                __aeabi_dcmpun
 .text          0x00010a88       0x50 c:/users/chris/appdata/local/arduino15/packages/sparkfun/tools/arm-none-eabi-gcc/8-2018-q4-major/bin/../lib/gcc/arm-none-eabi/8.2.1/thumb/v7e-m+fp/hard\libgcc.a(_arm_fixdfsi.o)
                0x00010a88                __aeabi_d2iz
                0x00010a88                __fixdfsi
 .text          0x00010ad8       0xa0 c:/users/chris/appdata/local/arduino15/packages/sparkfun/tools/arm-none-eabi-gcc/8-2018-q4-major/bin/../lib/gcc/arm-none-eabi/8.2.1/thumb/v7e-m+fp/hard\libgcc.a(_arm_truncdfsf2.o)
                0x00010ad8                __truncdfsf2
                0x00010ad8                __aeabi_d2f
 .text          0x00010b78       0x30 c:/users/chris/appdata/local/arduino15/packages/sparkfun/tools/arm-none-eabi-gcc/8-2018-q4-major/bin/../lib/gcc/arm-none-eabi/8.2.1/thumb/v7e-m+fp/hard\libgcc.a(_aeabi_uldivmod.o)
                0x00010b78                __aeabi_uldivmod
 .text          0x00010ba8      0x2d0 c:/users/chris/appdata/local/arduino15/packages/sparkfun/tools/arm-none-eabi-gcc/8-2018-q4-major/bin/../lib/gcc/arm-none-eabi/8.2.1/thumb/v7e-m+fp/hard\libgcc.a(_udivmoddi4.o)
                0x00010ba8                __udivmoddi4
 .text          0x00010e78        0x4 c:/users/chris/appdata/local/arduino15/packages/sparkfun/tools/arm-none-eabi-gcc/8-2018-q4-major/bin/../lib/gcc/arm-none-eabi/8.2.1/thumb/v7e-m+fp/hard\libgcc.a(_dvmd_tls.o)
                0x00010e78                __aeabi_idiv0
                0x00010e78                __aeabi_ldiv0
 *(.text*)
 .text._ZN7GridEYE11getRegisterEha
                0x00010e7c       0x6a c:\Users\chris\Documents\Github\arduino-heat-sensor\build\sketch\arduino-heat-sensor.ino.cpp.o
                0x00010e7c                GridEYE::getRegister(unsigned char, signed char)
 *fill*         0x00010ee6        0x2 
 .text._ZN7GridEYE19getPixelTemperatureEh
                0x00010ee8       0x38 c:\Users\chris\Documents\Github\arduino-heat-sensor\build\sketch\arduino-heat-sensor.ino.cpp.o
                0x00010ee8                GridEYE::getPixelTemperature(unsigned char)
 .text._ZN14GridEyeSupport9readValueEv
                0x00010f20       0x98 c:\Users\chris\Documents\Github\arduino-heat-sensor\build\sketch\arduino-heat-sensor.ino.cpp.o
                0x00010f20                GridEyeSupport::readValue()
 .text._ZN5Utils7publishE6String
                0x00010fb8       0x4c c:\Users\chris\Documents\Github\arduino-heat-sensor\build\sketch\arduino-heat-sensor.ino.cpp.o
                0x00010fb8                Utils::publish(String)
 .text._Z7displayv
                0x00011004       0x3c c:\Users\chris\Documents\Github\arduino-heat-sensor\build\sketch\arduino-heat-sensor.ino.cpp.o
                0x00011004                display()
 .text.loop     0x00011040       0x1c c:\Users\chris\Documents\Github\arduino-heat-sensor\build\sketch\arduino-heat-sensor.ino.cpp.o
                0x00011040                loop
 .text.startup._GLOBAL__sub_I__ZN7GridEYE5beginEhR7TwoWire
                0x0001105c       0x58 c:\Users\chris\Documents\Github\arduino-heat-sensor\build\sketch\arduino-heat-sensor.ino.cpp.o
 .text.setup    0x000110b4       0xa4 c:\Users\chris\Documents\Github\arduino-heat-sensor\build\sketch\arduino-heat-sensor.ino.cpp.o
                0x000110b4                setup
 .text._ZN5Print17availableForWriteEv
                0x00011158        0x4 c:\Users\chris\Documents\Github\arduino-heat-sensor\build\libraries\Wire\Wire.cpp.o
                0x00011158                Print::availableForWrite()
 .text._ZN5Print5flushEv
                0x0001115c        0x2 c:\Users\chris\Documents\Github\arduino-heat-sensor\build\libraries\Wire\Wire.cpp.o
                0x0001115c                Print::flush()
 .text._ZN7TwoWire5writeEPKhj
                0x0001115e       0x22 c:\Users\chris\Documents\Github\arduino-heat-sensor\build\libraries\Wire\Wire.cpp.o
                0x0001115e                TwoWire::write(unsigned char const*, unsigned int)
 .text._ZN7TwoWire5flushEv
                0x00011180        0x2 c:\Users\chris\Documents\Github\arduino-heat-sensor\build\libraries\Wire\Wire.cpp.o
                0x00011180                TwoWire::flush()
                0x00011180                TwoWire::onService()
 .text._ZN7TwoWire5writeEh
                0x00011182       0x3c c:\Users\chris\Documents\Github\arduino-heat-sensor\build\libraries\Wire\Wire.cpp.o
                0x00011182                TwoWire::write(unsigned char)
 .text._ZN7TwoWire4peekEv
                0x000111be       0x1c c:\Users\chris\Documents\Github\arduino-heat-sensor\build\libraries\Wire\Wire.cpp.o
                0x000111be                TwoWire::peek()
 .text._ZN7TwoWire9availableEv
                0x000111da       0x12 c:\Users\chris\Documents\Github\arduino-heat-sensor\build\libraries\Wire\Wire.cpp.o
                0x000111da                TwoWire::available()
 .text._ZN7TwoWire4readEv
                0x000111ec       0x2c c:\Users\chris\Documents\Github\arduino-heat-sensor\build\libraries\Wire\Wire.cpp.o
                0x000111ec                TwoWire::read()
 .text._ZN7TwoWireC2Eh
                0x00011218       0x74 c:\Users\chris\Documents\Github\arduino-heat-sensor\build\libraries\Wire\Wire.cpp.o
                0x00011218                TwoWire::TwoWire(unsigned char)
                0x00011218                TwoWire::TwoWire(unsigned char)
 .text._ZN7TwoWire5beginEv
                0x0001128c       0xe8 c:\Users\chris\Documents\Github\arduino-heat-sensor\build\libraries\Wire\Wire.cpp.o
                0x0001128c                TwoWire::begin()
 .text._ZN7TwoWire11requestFromEhjb
                0x00011374       0x80 c:\Users\chris\Documents\Github\arduino-heat-sensor\build\libraries\Wire\Wire.cpp.o
                0x00011374                TwoWire::requestFrom(unsigned char, unsigned int, bool)
 .text._ZN7TwoWire17beginTransmissionEh
                0x000113f4       0x16 c:\Users\chris\Documents\Github\arduino-heat-sensor\build\libraries\Wire\Wire.cpp.o
                0x000113f4                TwoWire::beginTransmission(unsigned char)
 *fill*         0x0001140a        0x2 
 .text._ZN7TwoWire15endTransmissionEb
                0x0001140c       0x90 c:\Users\chris\Documents\Github\arduino-heat-sensor\build\libraries\Wire\Wire.cpp.o
                0x0001140c                TwoWire::endTransmission(bool)
 .text.startup._GLOBAL__sub_I__ZN7TwoWireC2Eh
                0x0001149c       0x38 c:\Users\chris\Documents\Github\arduino-heat-sensor\build\libraries\Wire\Wire.cpp.o
 .text.am_bsp_itm_printf_disable
                0x000114d4       0x10 c:\Users\chris\Documents\Github\arduino-heat-sensor\build\core\bsp\am_bsp.c.o
                0x000114d4                am_bsp_itm_printf_disable
 .text.am_bsp_low_power_init
                0x000114e4       0x40 c:\Users\chris\Documents\Github\arduino-heat-sensor\build\core\bsp\am_bsp.c.o
                0x000114e4                am_bsp_low_power_init
 .text.NMI_Handler
                0x00011524        0x2 c:\Users\chris\Documents\Github\arduino-heat-sensor\build\core\startup\startup_gcc.c.o
                0x00011524                NMI_Handler
 .text.HardFault_Handler
                0x00011526        0x2 c:\Users\chris\Documents\Github\arduino-heat-sensor\build\core\startup\startup_gcc.c.o
                0x00011526                UsageFault_Handler
                0x00011526                MemManage_Handler
                0x00011526                BusFault_Handler
                0x00011526                HardFault_Handler
 .text.am_default_isr
                0x00011528        0x2 c:\Users\chris\Documents\Github\arduino-heat-sensor\build\core\startup\startup_gcc.c.o
                0x00011528                DebugMon_Handler
                0x00011528                am_iomaster4_isr
                0x00011528                SysTick_Handler
                0x00011528                PendSV_Handler
                0x00011528                am_rtc_isr
                0x00011528                am_stimer_cmpr3_isr
                0x00011528                am_adc_isr
                0x00011528                am_iomaster3_isr
                0x00011528                am_clkgen_isr
                0x00011528                am_software0_isr
                0x00011528                am_stimer_cmpr5_isr
                0x00011528                am_iomaster5_isr
                0x00011528                am_ctimer_isr
                0x00011528                am_mspi_isr
                0x00011528                am_ioslave_acc_isr
                0x00011528                am_software1_isr
                0x00011528                am_pdm_isr
                0x00011528                am_stimer_cmpr6_isr
                0x00011528                am_iomaster1_isr
                0x00011528                am_brownout_isr
                0x00011528                am_vcomp_isr
                0x00011528                am_stimer_cmpr1_isr
                0x00011528                am_iomaster2_isr
                0x00011528                SVC_Handler
                0x00011528                am_stimer_cmpr2_isr
                0x00011528                am_ioslave_ios_isr
                0x00011528                am_stimer_cmpr7_isr
                0x00011528                am_scard_isr
                0x00011528                am_watchdog_isr
                0x00011528                am_stimer_cmpr0_isr
                0x00011528                am_software3_isr
                0x00011528                am_iomaster0_isr
                0x00011528                am_ble_isr
                0x00011528                am_software2_isr
                0x00011528                am_stimer_cmpr4_isr
                0x00011528                am_default_isr
 *fill*         0x0001152a        0x2 
 .text.Reset_Handler
                0x0001152c       0x68 c:\Users\chris\Documents\Github\arduino-heat-sensor\build\core\startup\startup_gcc.c.o
                0x0001152c                Reset_Handler
 .text.startup._GLOBAL__sub_I_ap3_variant_pinmap
                0x00011594       0x30 c:\Users\chris\Documents\Github\arduino-heat-sensor\build\core\config\variant.cpp.o
 .text.am_hal_clkgen_control
                0x000115c4       0xfc c:\Users\chris\Documents\Github\arduino-heat-sensor\build\core\core.a(am_hal_clkgen.c.o)
                0x000115c4                am_hal_clkgen_control
 .text.am_hal_clkgen_status_get
                0x000116c0       0x34 c:\Users\chris\Documents\Github\arduino-heat-sensor\build\core\core.a(am_hal_clkgen.c.o)
                0x000116c0                am_hal_clkgen_status_get
 .text.am_hal_flash_delay
                0x000116f4       0x20 c:\Users\chris\Documents\Github\arduino-heat-sensor\build\core\core.a(am_hal_flash.c.o)
                0x000116f4                am_hal_flash_delay
 .text.am_hal_flash_delay_status_check
                0x00011714       0x34 c:\Users\chris\Documents\Github\arduino-heat-sensor\build\core\core.a(am_hal_flash.c.o)
                0x00011714                am_hal_flash_delay_status_check
 .text.am_hal_flash_load_ui32
                0x00011748        0x8 c:\Users\chris\Documents\Github\arduino-heat-sensor\build\core\core.a(am_hal_flash.c.o)
                0x00011748                am_hal_flash_load_ui32
 .text.am_hal_flash_store_ui32
                0x00011750        0xc c:\Users\chris\Documents\Github\arduino-heat-sensor\build\core\core.a(am_hal_flash.c.o)
                0x00011750                am_hal_flash_store_ui32
 .text.am_hal_gpio_pinconfig
                0x0001175c      0x234 c:\Users\chris\Documents\Github\arduino-heat-sensor\build\core\core.a(am_hal_gpio.c.o)
                0x0001175c                am_hal_gpio_pinconfig
 .text.am_hal_gpio_state_write
                0x00011990       0x78 c:\Users\chris\Documents\Github\arduino-heat-sensor\build\core\core.a(am_hal_gpio.c.o)
                0x00011990                am_hal_gpio_state_write
 .text.am_hal_gpio_interrupt_clear
                0x00011a08       0x38 c:\Users\chris\Documents\Github\arduino-heat-sensor\build\core\core.a(am_hal_gpio.c.o)
                0x00011a08                am_hal_gpio_interrupt_clear
 .text.am_hal_gpio_interrupt_status_get
                0x00011a40       0x48 c:\Users\chris\Documents\Github\arduino-heat-sensor\build\core\core.a(am_hal_gpio.c.o)
                0x00011a40                am_hal_gpio_interrupt_status_get
 .text.am_hal_interrupt_master_enable
                0x00011a88        0x8 c:\Users\chris\Documents\Github\arduino-heat-sensor\build\core\core.a(am_hal_interrupt.c.o)
                0x00011a88                am_hal_interrupt_master_enable
 .text.am_hal_interrupt_master_disable
                0x00011a90        0x8 c:\Users\chris\Documents\Github\arduino-heat-sensor\build\core\core.a(am_hal_interrupt.c.o)
                0x00011a90                am_hal_interrupt_master_disable
 .text.am_hal_interrupt_master_set
                0x00011a98        0x6 c:\Users\chris\Documents\Github\arduino-heat-sensor\build\core\core.a(am_hal_interrupt.c.o)
                0x00011a98                am_hal_interrupt_master_set
 *fill*         0x00011a9e        0x2 
 .text.build_cmd
                0x00011aa0       0x3c c:\Users\chris\Documents\Github\arduino-heat-sensor\build\core\core.a(am_hal_iom.c.o)
 .text.internal_iom_reset_on_error
                0x00011adc       0xec c:\Users\chris\Documents\Github\arduino-heat-sensor\build\core\core.a(am_hal_iom.c.o)
 .text.internal_iom_get_int_err
                0x00011bc8       0x40 c:\Users\chris\Documents\Github\arduino-heat-sensor\build\core\core.a(am_hal_iom.c.o)
                0x00011bc8                internal_iom_get_int_err
 .text.am_hal_iom_CQInit
                0x00011c08       0x34 c:\Users\chris\Documents\Github\arduino-heat-sensor\build\core\core.a(am_hal_iom.c.o)
                0x00011c08                am_hal_iom_CQInit
 .text.am_hal_IOM_CQReset
                0x00011c3c       0x1a c:\Users\chris\Documents\Github\arduino-heat-sensor\build\core\core.a(am_hal_iom.c.o)
                0x00011c3c                am_hal_IOM_CQReset
 .text.am_hal_iom_CQEnable
                0x00011c56       0x20 c:\Users\chris\Documents\Github\arduino-heat-sensor\build\core\core.a(am_hal_iom.c.o)
                0x00011c56                am_hal_iom_CQEnable
 .text.validate_transaction
                0x00011c76       0x68 c:\Users\chris\Documents\Github\arduino-heat-sensor\build\core\core.a(am_hal_iom.c.o)
                0x00011c76                validate_transaction
 *fill*         0x00011cde        0x2 
 .text.am_hal_iom_initialize
                0x00011ce0       0x44 c:\Users\chris\Documents\Github\arduino-heat-sensor\build\core\core.a(am_hal_iom.c.o)
                0x00011ce0                am_hal_iom_initialize
 .text.am_hal_iom_enable
                0x00011d24       0xa8 c:\Users\chris\Documents\Github\arduino-heat-sensor\build\core\core.a(am_hal_iom.c.o)
                0x00011d24                am_hal_iom_enable
 .text.am_hal_iom_disable
                0x00011dcc       0x5c c:\Users\chris\Documents\Github\arduino-heat-sensor\build\core\core.a(am_hal_iom.c.o)
                0x00011dcc                am_hal_iom_disable
 .text.am_hal_iom_uninitialize
                0x00011e28       0x30 c:\Users\chris\Documents\Github\arduino-heat-sensor\build\core\core.a(am_hal_iom.c.o)
                0x00011e28                am_hal_iom_uninitialize
 .text.am_hal_iom_power_ctrl
                0x00011e58      0x184 c:\Users\chris\Documents\Github\arduino-heat-sensor\build\core\core.a(am_hal_iom.c.o)
                0x00011e58                am_hal_iom_power_ctrl
 .text.am_hal_iom_blocking_transfer
                0x00011fdc      0x258 c:\Users\chris\Documents\Github\arduino-heat-sensor\build\core\core.a(am_hal_iom.c.o)
                0x00011fdc                am_hal_iom_blocking_transfer
 .text.am_hal_itm_enable
                0x00012234       0x3c c:\Users\chris\Documents\Github\arduino-heat-sensor\build\core\core.a(am_hal_itm.c.o)
                0x00012234                am_hal_itm_enable
 .text.am_hal_itm_not_busy
                0x00012270       0x14 c:\Users\chris\Documents\Github\arduino-heat-sensor\build\core\core.a(am_hal_itm.c.o)
                0x00012270                am_hal_itm_not_busy
 .text.am_hal_itm_disable
                0x00012284       0x6c c:\Users\chris\Documents\Github\arduino-heat-sensor\build\core\core.a(am_hal_itm.c.o)
                0x00012284                am_hal_itm_disable
 .text.am_hal_pwrctrl_periph_enable
                0x000122f0       0x50 c:\Users\chris\Documents\Github\arduino-heat-sensor\build\core\core.a(am_hal_pwrctrl.c.o)
                0x000122f0                am_hal_pwrctrl_periph_enable
 .text.am_hal_pwrctrl_periph_disable
                0x00012340       0x50 c:\Users\chris\Documents\Github\arduino-heat-sensor\build\core\core.a(am_hal_pwrctrl.c.o)
                0x00012340                am_hal_pwrctrl_periph_disable
 .text.am_hal_pwrctrl_low_power_init
                0x00012390      0x140 c:\Users\chris\Documents\Github\arduino-heat-sensor\build\core\core.a(am_hal_pwrctrl.c.o)
                0x00012390                am_hal_pwrctrl_low_power_init
 .text.am_hal_rtc_osc_disable
                0x000124d0       0x14 c:\Users\chris\Documents\Github\arduino-heat-sensor\build\core\core.a(am_hal_rtc.c.o)
                0x000124d0                am_hal_rtc_osc_disable
 .text.uart_fifo_read
                0x000124e4       0x34 c:\Users\chris\Documents\Github\arduino-heat-sensor\build\core\core.a(am_hal_uart.c.o)
 .text.uart_fifo_write
                0x00012518       0x2a c:\Users\chris\Documents\Github\arduino-heat-sensor\build\core\core.a(am_hal_uart.c.o)
 *fill*         0x00012542        0x2 
 .text.rx_queue_update
                0x00012544       0x40 c:\Users\chris\Documents\Github\arduino-heat-sensor\build\core\core.a(am_hal_uart.c.o)
 .text.tx_queue_update
                0x00012584       0x52 c:\Users\chris\Documents\Github\arduino-heat-sensor\build\core\core.a(am_hal_uart.c.o)
 .text.write_nonblocking.part.0
                0x000125d6       0x42 c:\Users\chris\Documents\Github\arduino-heat-sensor\build\core\core.a(am_hal_uart.c.o)
 .text.read_nonblocking.part.1
                0x00012618       0x46 c:\Users\chris\Documents\Github\arduino-heat-sensor\build\core\core.a(am_hal_uart.c.o)
 *fill*         0x0001265e        0x2 
 .text.am_hal_uart_initialize
                0x00012660       0x48 c:\Users\chris\Documents\Github\arduino-heat-sensor\build\core\core.a(am_hal_uart.c.o)
                0x00012660                am_hal_uart_initialize
 .text.am_hal_uart_deinitialize
                0x000126a8       0x28 c:\Users\chris\Documents\Github\arduino-heat-sensor\build\core\core.a(am_hal_uart.c.o)
                0x000126a8                am_hal_uart_deinitialize
 .text.am_hal_uart_transfer
                0x000126d0      0x150 c:\Users\chris\Documents\Github\arduino-heat-sensor\build\core\core.a(am_hal_uart.c.o)
                0x000126d0                am_hal_uart_transfer
 .text.am_hal_uart_tx_flush
                0x00012820       0x48 c:\Users\chris\Documents\Github\arduino-heat-sensor\build\core\core.a(am_hal_uart.c.o)
                0x00012820                am_hal_uart_tx_flush
 .text.am_hal_uart_interrupt_service
                0x00012868       0x8c c:\Users\chris\Documents\Github\arduino-heat-sensor\build\core\core.a(am_hal_uart.c.o)
                0x00012868                am_hal_uart_interrupt_service
 .text.am_hal_uart_interrupt_enable
                0x000128f4       0x28 c:\Users\chris\Documents\Github\arduino-heat-sensor\build\core\core.a(am_hal_uart.c.o)
                0x000128f4                am_hal_uart_interrupt_enable
 .text.am_hal_uart_interrupt_disable
                0x0001291c       0x2c c:\Users\chris\Documents\Github\arduino-heat-sensor\build\core\core.a(am_hal_uart.c.o)
                0x0001291c                am_hal_uart_interrupt_disable
 .text.am_hal_uart_configure
                0x00012948      0x1bc c:\Users\chris\Documents\Github\arduino-heat-sensor\build\core\core.a(am_hal_uart.c.o)
                0x00012948                am_hal_uart_configure
 .text.am_hal_uart_interrupt_clear
                0x00012b04       0x24 c:\Users\chris\Documents\Github\arduino-heat-sensor\build\core\core.a(am_hal_uart.c.o)
                0x00012b04                am_hal_uart_interrupt_clear
 .text.am_hal_uart_power_control
                0x00012b28       0xc4 c:\Users\chris\Documents\Github\arduino-heat-sensor\build\core\core.a(am_hal_uart.c.o)
                0x00012b28                am_hal_uart_power_control
 .text.am_hal_uart_interrupt_status_get
                0x00012bec       0x30 c:\Users\chris\Documents\Github\arduino-heat-sensor\build\core\core.a(am_hal_uart.c.o)
                0x00012bec                am_hal_uart_interrupt_status_get
 .text.am_util_stdio_printf_init
                0x00012c1c        0xc c:\Users\chris\Documents\Github\arduino-heat-sensor\build\core\core.a(am_util_stdio.c.o)
                0x00012c1c                am_util_stdio_printf_init
 .text._ZN5Print5writeEPKhj
                0x00012c28       0x22 c:\Users\chris\Documents\Github\arduino-heat-sensor\build\core\core.a(Print.cpp.o)
                0x00012c28                Print::write(unsigned char const*, unsigned int)
 .text._ZN5Print5writeEPKc
                0x00012c4a       0x20 c:\Users\chris\Documents\Github\arduino-heat-sensor\build\core\core.a(Print.cpp.o)
                0x00012c4a                Print::write(char const*)
 .text._ZN5Print5printERK6String
                0x00012c6a        0xa c:\Users\chris\Documents\Github\arduino-heat-sensor\build\core\core.a(Print.cpp.o)
                0x00012c6a                Print::print(String const&)
 .text._ZN5Print7printlnEv
                0x00012c74       0x10 c:\Users\chris\Documents\Github\arduino-heat-sensor\build\core\core.a(Print.cpp.o)
                0x00012c74                Print::println()
 .text._ZN5Print7printlnERK6String
                0x00012c84       0x14 c:\Users\chris\Documents\Github\arduino-heat-sensor\build\core\core.a(Print.cpp.o)
                0x00012c84                Print::println(String const&)
 .text._ZN6StringD2Ev
                0x00012c98        0xe c:\Users\chris\Documents\Github\arduino-heat-sensor\build\core\core.a(WString.cpp.o)
                0x00012c98                String::~String()
                0x00012c98                String::~String()
 .text._ZN6String10invalidateEv
                0x00012ca6       0x16 c:\Users\chris\Documents\Github\arduino-heat-sensor\build\core\core.a(WString.cpp.o)
                0x00012ca6                String::invalidate()
 .text._ZN6String12changeBufferEj
                0x00012cbc       0x18 c:\Users\chris\Documents\Github\arduino-heat-sensor\build\core\core.a(WString.cpp.o)
                0x00012cbc                String::changeBuffer(unsigned int)
 .text._ZN6String7reserveEj
                0x00012cd4       0x28 c:\Users\chris\Documents\Github\arduino-heat-sensor\build\core\core.a(WString.cpp.o)
                0x00012cd4                String::reserve(unsigned int)
 .text._ZN6String4copyEPKcj
                0x00012cfc       0x26 c:\Users\chris\Documents\Github\arduino-heat-sensor\build\core\core.a(WString.cpp.o)
                0x00012cfc                String::copy(char const*, unsigned int)
 .text._ZN6StringC2EPKc
                0x00012d22       0x24 c:\Users\chris\Documents\Github\arduino-heat-sensor\build\core\core.a(WString.cpp.o)
                0x00012d22                String::String(char const*)
                0x00012d22                String::String(char const*)
 .text._ZN6StringaSERKS_
                0x00012d46       0x1e c:\Users\chris\Documents\Github\arduino-heat-sensor\build\core\core.a(WString.cpp.o)
                0x00012d46                String::operator=(String const&)
 .text._ZN6StringC2ERKS_
                0x00012d64       0x14 c:\Users\chris\Documents\Github\arduino-heat-sensor\build\core\core.a(WString.cpp.o)
                0x00012d64                String::String(String const&)
                0x00012d64                String::String(String const&)
 .text._ZN6StringaSEPKc
                0x00012d78       0x22 c:\Users\chris\Documents\Github\arduino-heat-sensor\build\core\core.a(WString.cpp.o)
                0x00012d78                String::operator=(char const*)
 .text._ZN6StringC2Eih
                0x00012d9a       0x24 c:\Users\chris\Documents\Github\arduino-heat-sensor\build\core\core.a(WString.cpp.o)
                0x00012d9a                String::String(int, unsigned char)
                0x00012d9a                String::String(int, unsigned char)
 .text._ZN6String6concatEPKcj
                0x00012dbe       0x2e c:\Users\chris\Documents\Github\arduino-heat-sensor\build\core\core.a(WString.cpp.o)
                0x00012dbe                String::concat(char const*, unsigned int)
 .text._ZN6String6concatERKS_
                0x00012dec        0x8 c:\Users\chris\Documents\Github\arduino-heat-sensor\build\core\core.a(WString.cpp.o)
                0x00012dec                String::concat(String const&)
 .text._ZN6String6concatEPKc
                0x00012df4       0x1e c:\Users\chris\Documents\Github\arduino-heat-sensor\build\core\core.a(WString.cpp.o)
                0x00012df4                String::concat(char const*)
 *fill*         0x00012e12        0x2 
 .text._Z16ap3_gpio_pin2padh
                0x00012e14        0xc c:\Users\chris\Documents\Github\arduino-heat-sensor\build\core\core.a(ap3_gpio.cpp.o)
                0x00012e14                ap3_gpio_pin2pad(unsigned char)
 .text._Z7padModeh20am_hal_gpio_pincfg_tP9ap3_err_t
                0x00012e20       0x38 c:\Users\chris\Documents\Github\arduino-heat-sensor\build\core\core.a(ap3_gpio.cpp.o)
                0x00012e20                padMode(unsigned char, am_hal_gpio_pincfg_t, ap3_err_t*)
 .text._Z7pinModeh20am_hal_gpio_pincfg_tP9ap3_err_t
                0x00012e58        0xc c:\Users\chris\Documents\Github\arduino-heat-sensor\build\core\core.a(ap3_gpio.cpp.o)
                0x00012e58                pinMode(unsigned char, am_hal_gpio_pincfg_t, ap3_err_t*)
 .text._Z12digitalWritehh
                0x00012e64       0x30 c:\Users\chris\Documents\Github\arduino-heat-sensor\build\core\core.a(ap3_gpio.cpp.o)
                0x00012e64                digitalWrite(unsigned char, unsigned char)
 .text._Z11digitalReadh
                0x00012e94       0x58 c:\Users\chris\Documents\Github\arduino-heat-sensor\build\core\core.a(ap3_gpio.cpp.o)
                0x00012e94                digitalRead(unsigned char)
 .text.am_gpio_isr
                0x00012eec       0xd4 c:\Users\chris\Documents\Github\arduino-heat-sensor\build\core\core.a(ap3_gpio.cpp.o)
                0x00012eec                am_gpio_isr
 .text._ZN8IOMasterC2Eh
                0x00012fc0        0x8 c:\Users\chris\Documents\Github\arduino-heat-sensor\build\core\core.a(ap3_iomaster.cpp.o)
                0x00012fc0                IOMaster::IOMaster(unsigned char)
                0x00012fc0                IOMaster::IOMaster(unsigned char)
 .text._ZN8IOMaster12deinitializeEv
                0x00012fc8       0x32 c:\Users\chris\Documents\Github\arduino-heat-sensor\build\core\core.a(ap3_iomaster.cpp.o)
                0x00012fc8                IOMaster::deinitialize()
 .text._ZN8IOMaster10initializeE19am_hal_iom_config_t
                0x00012ffa       0x64 c:\Users\chris\Documents\Github\arduino-heat-sensor\build\core\core.a(ap3_iomaster.cpp.o)
                0x00012ffa                IOMaster::initialize(am_hal_iom_config_t)
 .text._ZN8IOMaster10initializeEv
                0x0001305e       0x20 c:\Users\chris\Documents\Github\arduino-heat-sensor\build\core\core.a(ap3_iomaster.cpp.o)
                0x0001305e                IOMaster::initialize()
 .text._Z19ap3_iom_pad_funcselh18ap3_iom_pad_type_ePhS0_
                0x0001307e       0xfc c:\Users\chris\Documents\Github\arduino-heat-sensor\build\core\core.a(ap3_iomaster.cpp.o)
                0x0001307e                ap3_iom_pad_funcsel(unsigned char, ap3_iom_pad_type_e, unsigned char*, unsigned char*)
 .text._Z16ap3_variant_initv
                0x0001317a        0x2 c:\Users\chris\Documents\Github\arduino-heat-sensor\build\core\core.a(main.cpp.o)
                0x0001317a                ap3_variant_init()
 .text._init    0x0001317c        0x2 c:\Users\chris\Documents\Github\arduino-heat-sensor\build\core\core.a(main.cpp.o)
                0x0001317c                _init
 .text.startup.main
                0x0001317e       0x18 c:\Users\chris\Documents\Github\arduino-heat-sensor\build\core\core.a(main.cpp.o)
                0x0001317e                main
 *fill*         0x00013196        0x2 
 .text._Z11_fill_ticksv
                0x00013198       0x24 c:\Users\chris\Documents\Github\arduino-heat-sensor\build\core\core.a(ap3_timing.cpp.o)
                0x00013198                _fill_ticks()
 .text._Z6millisv
                0x000131bc       0x1c c:\Users\chris\Documents\Github\arduino-heat-sensor\build\core\core.a(ap3_timing.cpp.o)
                0x000131bc                millis()
 .text._Z5delaym
                0x000131d8        0x4 c:\Users\chris\Documents\Github\arduino-heat-sensor\build\core\core.a(ap3_timing.cpp.o)
                0x000131d8                delay(unsigned long)
 .text.am_stimer_isr
                0x000131dc       0x18 c:\Users\chris\Documents\Github\arduino-heat-sensor\build\core\core.a(ap3_timing.cpp.o)
                0x000131dc                am_stimer_isr
 .text._ZN4UartcvbEv
                0x000131f4        0x4 c:\Users\chris\Documents\Github\arduino-heat-sensor\build\core\core.a(ap3_uart.cpp.o)
                0x000131f4                Uart::operator bool()
 .text._ZN4Uart5beginEm
                0x000131f8        0x8 c:\Users\chris\Documents\Github\arduino-heat-sensor\build\core\core.a(ap3_uart.cpp.o)
                0x000131f8                Uart::begin(unsigned long)
 .text._ZN4Uart5writeEh
                0x00013200       0x18 c:\Users\chris\Documents\Github\arduino-heat-sensor\build\core\core.a(ap3_uart.cpp.o)
                0x00013200                Uart::write(unsigned char)
 .text._ZN4Uart9availableEv
                0x00013218       0x16 c:\Users\chris\Documents\Github\arduino-heat-sensor\build\core\core.a(ap3_uart.cpp.o)
                0x00013218                Uart::available()
 .text._ZN4Uart17availableForWriteEv
                0x0001322e       0x30 c:\Users\chris\Documents\Github\arduino-heat-sensor\build\core\core.a(ap3_uart.cpp.o)
                0x0001322e                Uart::availableForWrite()
 .text._ZN4Uart4peekEv
                0x0001325e       0x1c c:\Users\chris\Documents\Github\arduino-heat-sensor\build\core\core.a(ap3_uart.cpp.o)
                0x0001325e                Uart::peek()
 .text._ZN4Uart4readEv
                0x0001327a       0x2a c:\Users\chris\Documents\Github\arduino-heat-sensor\build\core\core.a(ap3_uart.cpp.o)
                0x0001327a                Uart::read()
 .text._ZN4Uart3endEv
                0x000132a4       0x48 c:\Users\chris\Documents\Github\arduino-heat-sensor\build\core\core.a(ap3_uart.cpp.o)
                0x000132a4                Uart::end()
 .text._ZN4Uart5flushEv
                0x000132ec        0xa c:\Users\chris\Documents\Github\arduino-heat-sensor\build\core\core.a(ap3_uart.cpp.o)
                0x000132ec                Uart::flush()
 .text._ZN4Uart5writeEPKhj
                0x000132f6       0x7e c:\Users\chris\Documents\Github\arduino-heat-sensor\build\core\core.a(ap3_uart.cpp.o)
                0x000132f6                Uart::write(unsigned char const*, unsigned int)
 .text._ZN4UartC2Ehhhhh
                0x00013374       0xa4 c:\Users\chris\Documents\Github\arduino-heat-sensor\build\core\core.a(ap3_uart.cpp.o)
                0x00013374                Uart::Uart(unsigned char, unsigned char, unsigned char, unsigned char, unsigned char)
                0x00013374                Uart::Uart(unsigned char, unsigned char, unsigned char, unsigned char, unsigned char)
 .text._ZN4Uart10set_configE23HardwareSerial_Config_e
                0x00013418      0x192 c:\Users\chris\Documents\Github\arduino-heat-sensor\build\core\core.a(ap3_uart.cpp.o)
                0x00013418                Uart::set_config(HardwareSerial_Config_e)
 *fill*         0x000135aa        0x2 
 .text._Z20ap3_uart_pad_funcselh19ap3_uart_pad_type_ehPh
                0x000135ac       0x60 c:\Users\chris\Documents\Github\arduino-heat-sensor\build\core\core.a(ap3_uart.cpp.o)
                0x000135ac                ap3_uart_pad_funcsel(unsigned char, ap3_uart_pad_type_e, unsigned char, unsigned char*)
 .text._ZN4Uart6_beginEv
                0x0001360c      0x238 c:\Users\chris\Documents\Github\arduino-heat-sensor\build\core\core.a(ap3_uart.cpp.o)
                0x0001360c                Uart::_begin()
 .text._ZN4Uart5beginEmt
                0x00013844       0x20 c:\Users\chris\Documents\Github\arduino-heat-sensor\build\core\core.a(ap3_uart.cpp.o)
                0x00013844                Uart::begin(unsigned long, unsigned short)
 .text._ZN4Uart8uart_isrEv
                0x00013864       0x7c c:\Users\chris\Documents\Github\arduino-heat-sensor\build\core\core.a(ap3_uart.cpp.o)
                0x00013864                Uart::uart_isr()
 .text.am_uart_isr
                0x000138e0       0x14 c:\Users\chris\Documents\Github\arduino-heat-sensor\build\core\core.a(ap3_uart.cpp.o)
                0x000138e0                am_uart_isr
 .text.am_uart1_isr
                0x000138f4       0x14 c:\Users\chris\Documents\Github\arduino-heat-sensor\build\core\core.a(ap3_uart.cpp.o)
                0x000138f4                am_uart1_isr
 .text.set_LPMMODE.part.0
                0x00013908       0x34 c:\Users\chris\Documents\Github\arduino-heat-sensor\build\core\core.a(am_hal_cachectrl.c.o)
 .text.set_SEDELAY.part.1
                0x0001393c       0x34 c:\Users\chris\Documents\Github\arduino-heat-sensor\build\core\core.a(am_hal_cachectrl.c.o)
 .text.set_RDWAIT.part.2
                0x00013970       0x3c c:\Users\chris\Documents\Github\arduino-heat-sensor\build\core\core.a(am_hal_cachectrl.c.o)
 .text.am_hal_cachectrl_config
                0x000139ac       0x44 c:\Users\chris\Documents\Github\arduino-heat-sensor\build\core\core.a(am_hal_cachectrl.c.o)
                0x000139ac                am_hal_cachectrl_config
 .text.am_hal_cachectrl_enable
                0x000139f0       0x14 c:\Users\chris\Documents\Github\arduino-heat-sensor\build\core\core.a(am_hal_cachectrl.c.o)
                0x000139f0                am_hal_cachectrl_enable
 .text.am_hal_cachectrl_control
                0x00013a04      0x14c c:\Users\chris\Documents\Github\arduino-heat-sensor\build\core\core.a(am_hal_cachectrl.c.o)
                0x00013a04                am_hal_cachectrl_control
 .text.update_indices
                0x00013b50       0x38 c:\Users\chris\Documents\Github\arduino-heat-sensor\build\core\core.a(am_hal_cmdq.c.o)
 .text.am_hal_cmdq_init
                0x00013b88       0xac c:\Users\chris\Documents\Github\arduino-heat-sensor\build\core\core.a(am_hal_cmdq.c.o)
                0x00013b88                am_hal_cmdq_init
 .text.am_hal_cmdq_enable
                0x00013c34       0x38 c:\Users\chris\Documents\Github\arduino-heat-sensor\build\core\core.a(am_hal_cmdq.c.o)
                0x00013c34                am_hal_cmdq_enable
 .text.am_hal_cmdq_term
                0x00013c6c       0x54 c:\Users\chris\Documents\Github\arduino-heat-sensor\build\core\core.a(am_hal_cmdq.c.o)
                0x00013c6c                am_hal_cmdq_term
 .text.am_hal_queue_init
                0x00013cc0       0x12 c:\Users\chris\Documents\Github\arduino-heat-sensor\build\core\core.a(am_hal_queue.c.o)
                0x00013cc0                am_hal_queue_init
 .text.am_hal_queue_item_add
                0x00013cd2       0x56 c:\Users\chris\Documents\Github\arduino-heat-sensor\build\core\core.a(am_hal_queue.c.o)
                0x00013cd2                am_hal_queue_item_add
 .text.am_hal_queue_item_get
                0x00013d28       0x52 c:\Users\chris\Documents\Github\arduino-heat-sensor\build\core\core.a(am_hal_queue.c.o)
                0x00013d28                am_hal_queue_item_get
 *fill*         0x00013d7a        0x2 
 .text.am_hal_stimer_config
                0x00013d7c       0x14 c:\Users\chris\Documents\Github\arduino-heat-sensor\build\core\core.a(am_hal_stimer.c.o)
                0x00013d7c                am_hal_stimer_config
 .text.am_hal_stimer_counter_get
                0x00013d90        0xc c:\Users\chris\Documents\Github\arduino-heat-sensor\build\core\core.a(am_hal_stimer.c.o)
                0x00013d90                am_hal_stimer_counter_get
 .text.am_hal_stimer_int_enable
                0x00013d9c       0x14 c:\Users\chris\Documents\Github\arduino-heat-sensor\build\core\core.a(am_hal_stimer.c.o)
                0x00013d9c                am_hal_stimer_int_enable
 .text.am_hal_stimer_int_clear
                0x00013db0        0xc c:\Users\chris\Documents\Github\arduino-heat-sensor\build\core\core.a(am_hal_stimer.c.o)
                0x00013db0                am_hal_stimer_int_clear
 .text.am_util_delay_ms
                0x00013dbc       0x1e c:\Users\chris\Documents\Github\arduino-heat-sensor\build\core\core.a(am_util_delay.c.o)
                0x00013dbc                am_util_delay_ms
 .text.ltoa     0x00013dda       0x6a c:\Users\chris\Documents\Github\arduino-heat-sensor\build\core\core.a(itoa.c.o)
                0x00013dda                ltoa
 .text.itoa     0x00013e44        0x4 c:\Users\chris\Documents\Github\arduino-heat-sensor\build\core\core.a(itoa.c.o)
                0x00013e44                itoa
 .text.ap3_iom_configure
                0x00013e48      0x2b0 c:\Users\chris\Documents\Github\arduino-heat-sensor\build\core\core.a(ap3_iomaster.c.o)
                0x00013e48                ap3_iom_configure
 .text._Z8ap3_initv
                0x000140f8       0x48 c:\Users\chris\Documents\Github\arduino-heat-sensor\build\core\core.a(ap3_initialization.cpp.o)
                0x000140f8                ap3_init()
 .text.__aeabi_atexit
                0x00014140        0xa c:/users/chris/appdata/local/arduino15/packages/sparkfun/tools/arm-none-eabi-gcc/8-2018-q4-major/bin/../lib/gcc/arm-none-eabi/8.2.1/../../../../arm-none-eabi/lib/thumb/v7e-m+fp/hard\libc_nano.a(lib_a-aeabi_atexit.o)
                0x00014140                __aeabi_atexit
 *fill*         0x0001414a        0x2 
 .text.__cxa_atexit
                0x0001414c       0x1c c:/users/chris/appdata/local/arduino15/packages/sparkfun/tools/arm-none-eabi-gcc/8-2018-q4-major/bin/../lib/gcc/arm-none-eabi/8.2.1/../../../../arm-none-eabi/lib/thumb/v7e-m+fp/hard\libc_nano.a(lib_a-cxa_atexit.o)
                0x0001414c                __cxa_atexit
 .text.__libc_init_array
                0x00014168       0x48 c:/users/chris/appdata/local/arduino15/packages/sparkfun/tools/arm-none-eabi-gcc/8-2018-q4-major/bin/../lib/gcc/arm-none-eabi/8.2.1/../../../../arm-none-eabi/lib/thumb/v7e-m+fp/hard\libc_nano.a(lib_a-init.o)
                0x00014168                __libc_init_array
 .text.malloc   0x000141b0       0x10 c:/users/chris/appdata/local/arduino15/packages/sparkfun/tools/arm-none-eabi-gcc/8-2018-q4-major/bin/../lib/gcc/arm-none-eabi/8.2.1/../../../../arm-none-eabi/lib/thumb/v7e-m+fp/hard\libc_nano.a(lib_a-malloc.o)
                0x000141b0                malloc
 .text.free     0x000141c0       0x10 c:/users/chris/appdata/local/arduino15/packages/sparkfun/tools/arm-none-eabi-gcc/8-2018-q4-major/bin/../lib/gcc/arm-none-eabi/8.2.1/../../../../arm-none-eabi/lib/thumb/v7e-m+fp/hard\libc_nano.a(lib_a-malloc.o)
                0x000141c0                free
 .text.memcpy   0x000141d0       0x1c c:/users/chris/appdata/local/arduino15/packages/sparkfun/tools/arm-none-eabi-gcc/8-2018-q4-major/bin/../lib/gcc/arm-none-eabi/8.2.1/../../../../arm-none-eabi/lib/thumb/v7e-m+fp/hard\libc_nano.a(lib_a-memcpy-stub.o)
                0x000141d0                memcpy
 .text.memmove  0x000141ec       0x34 c:/users/chris/appdata/local/arduino15/packages/sparkfun/tools/arm-none-eabi-gcc/8-2018-q4-major/bin/../lib/gcc/arm-none-eabi/8.2.1/../../../../arm-none-eabi/lib/thumb/v7e-m+fp/hard\libc_nano.a(lib_a-memmove.o)
                0x000141ec                memmove
 .text.memset   0x00014220       0x10 c:/users/chris/appdata/local/arduino15/packages/sparkfun/tools/arm-none-eabi-gcc/8-2018-q4-major/bin/../lib/gcc/arm-none-eabi/8.2.1/../../../../arm-none-eabi/lib/thumb/v7e-m+fp/hard\libc_nano.a(lib_a-memset.o)
                0x00014220                memset
 .text._free_r  0x00014230       0x9c c:/users/chris/appdata/local/arduino15/packages/sparkfun/tools/arm-none-eabi-gcc/8-2018-q4-major/bin/../lib/gcc/arm-none-eabi/8.2.1/../../../../arm-none-eabi/lib/thumb/v7e-m+fp/hard\libc_nano.a(lib_a-nano-freer.o)
                0x00014230                _free_r
 .text._malloc_r
                0x000142cc       0xb4 c:/users/chris/appdata/local/arduino15/packages/sparkfun/tools/arm-none-eabi-gcc/8-2018-q4-major/bin/../lib/gcc/arm-none-eabi/8.2.1/../../../../arm-none-eabi/lib/thumb/v7e-m+fp/hard\libc_nano.a(lib_a-nano-mallocr.o)
                0x000142cc                _malloc_r
 .text.__cvt    0x00014380       0xba c:/users/chris/appdata/local/arduino15/packages/sparkfun/tools/arm-none-eabi-gcc/8-2018-q4-major/bin/../lib/gcc/arm-none-eabi/8.2.1/../../../../arm-none-eabi/lib/thumb/v7e-m+fp/hard\libc_nano.a(lib_a-nano-vfprintf_float.o)
                0x00014380                __cvt
 .text.__exponent
                0x0001443a       0x64 c:/users/chris/appdata/local/arduino15/packages/sparkfun/tools/arm-none-eabi-gcc/8-2018-q4-major/bin/../lib/gcc/arm-none-eabi/8.2.1/../../../../arm-none-eabi/lib/thumb/v7e-m+fp/hard\libc_nano.a(lib_a-nano-vfprintf_float.o)
                0x0001443a                __exponent
 *fill*         0x0001449e        0x2 
 .text._printf_float
                0x000144a0      0x45c c:/users/chris/appdata/local/arduino15/packages/sparkfun/tools/arm-none-eabi-gcc/8-2018-q4-major/bin/../lib/gcc/arm-none-eabi/8.2.1/../../../../arm-none-eabi/lib/thumb/v7e-m+fp/hard\libc_nano.a(lib_a-nano-vfprintf_float.o)
                0x000144a0                _printf_float
 .text._printf_common
                0x000148fc       0xea c:/users/chris/appdata/local/arduino15/packages/sparkfun/tools/arm-none-eabi-gcc/8-2018-q4-major/bin/../lib/gcc/arm-none-eabi/8.2.1/../../../../arm-none-eabi/lib/thumb/v7e-m+fp/hard\libc_nano.a(lib_a-nano-vfprintf_i.o)
                0x000148fc                _printf_common
 *fill*         0x000149e6        0x2 
 .text._printf_i
                0x000149e8      0x228 c:/users/chris/appdata/local/arduino15/packages/sparkfun/tools/arm-none-eabi-gcc/8-2018-q4-major/bin/../lib/gcc/arm-none-eabi/8.2.1/../../../../arm-none-eabi/lib/thumb/v7e-m+fp/hard\libc_nano.a(lib_a-nano-vfprintf_i.o)
                0x000149e8                _printf_i
 .text.realloc  0x00014c10       0x10 c:/users/chris/appdata/local/arduino15/packages/sparkfun/tools/arm-none-eabi-gcc/8-2018-q4-major/bin/../lib/gcc/arm-none-eabi/8.2.1/../../../../arm-none-eabi/lib/thumb/v7e-m+fp/hard\libc_nano.a(lib_a-realloc.o)
                0x00014c10                realloc
 .text._sbrk_r  0x00014c20       0x20 c:/users/chris/appdata/local/arduino15/packages/sparkfun/tools/arm-none-eabi-gcc/8-2018-q4-major/bin/../lib/gcc/arm-none-eabi/8.2.1/../../../../arm-none-eabi/lib/thumb/v7e-m+fp/hard\libc_nano.a(lib_a-sbrkr.o)
                0x00014c20                _sbrk_r
 .text.sprintf  0x00014c40       0x40 c:/users/chris/appdata/local/arduino15/packages/sparkfun/tools/arm-none-eabi-gcc/8-2018-q4-major/bin/../lib/gcc/arm-none-eabi/8.2.1/../../../../arm-none-eabi/lib/thumb/v7e-m+fp/hard\libc_nano.a(lib_a-sprintf.o)
                0x00014c40                siprintf
                0x00014c40                sprintf
 .text.strcpy   0x00014c80       0x10 c:/users/chris/appdata/local/arduino15/packages/sparkfun/tools/arm-none-eabi-gcc/8-2018-q4-major/bin/../lib/gcc/arm-none-eabi/8.2.1/../../../../arm-none-eabi/lib/thumb/v7e-m+fp/hard\libc_nano.a(lib_a-strcpy.o)
                0x00014c80                strcpy
 .text.quorem   0x00014c90      0x112 c:/users/chris/appdata/local/arduino15/packages/sparkfun/tools/arm-none-eabi-gcc/8-2018-q4-major/bin/../lib/gcc/arm-none-eabi/8.2.1/../../../../arm-none-eabi/lib/thumb/v7e-m+fp/hard\libc_nano.a(lib_a-dtoa.o)
 *fill*         0x00014da2        0x6 
 .text._dtoa_r  0x00014da8      0xb74 c:/users/chris/appdata/local/arduino15/packages/sparkfun/tools/arm-none-eabi-gcc/8-2018-q4-major/bin/../lib/gcc/arm-none-eabi/8.2.1/../../../../arm-none-eabi/lib/thumb/v7e-m+fp/hard\libc_nano.a(lib_a-dtoa.o)
                0x00014da8                _dtoa_r
 .text._localeconv_r
                0x0001591c        0x8 c:/users/chris/appdata/local/arduino15/packages/sparkfun/tools/arm-none-eabi-gcc/8-2018-q4-major/bin/../lib/gcc/arm-none-eabi/8.2.1/../../../../arm-none-eabi/lib/thumb/v7e-m+fp/hard\libc_nano.a(lib_a-localeconv.o)
                0x0001591c                _localeconv_r
 .text.__ascii_mbtowc
                0x00015924       0x24 c:/users/chris/appdata/local/arduino15/packages/sparkfun/tools/arm-none-eabi-gcc/8-2018-q4-major/bin/../lib/gcc/arm-none-eabi/8.2.1/../../../../arm-none-eabi/lib/thumb/v7e-m+fp/hard\libc_nano.a(lib_a-mbtowc_r.o)
                0x00015924                __ascii_mbtowc
 .text.__malloc_lock
                0x00015948        0xc c:/users/chris/appdata/local/arduino15/packages/sparkfun/tools/arm-none-eabi-gcc/8-2018-q4-major/bin/../lib/gcc/arm-none-eabi/8.2.1/../../../../arm-none-eabi/lib/thumb/v7e-m+fp/hard\libc_nano.a(lib_a-mlock.o)
                0x00015948                __malloc_lock
 .text.__malloc_unlock
                0x00015954        0xc c:/users/chris/appdata/local/arduino15/packages/sparkfun/tools/arm-none-eabi-gcc/8-2018-q4-major/bin/../lib/gcc/arm-none-eabi/8.2.1/../../../../arm-none-eabi/lib/thumb/v7e-m+fp/hard\libc_nano.a(lib_a-mlock.o)
                0x00015954                __malloc_unlock
 .text._Balloc  0x00015960       0x68 c:/users/chris/appdata/local/arduino15/packages/sparkfun/tools/arm-none-eabi-gcc/8-2018-q4-major/bin/../lib/gcc/arm-none-eabi/8.2.1/../../../../arm-none-eabi/lib/thumb/v7e-m+fp/hard\libc_nano.a(lib_a-mprec.o)
                0x00015960                _Balloc
 .text._Bfree   0x000159c8       0x2e c:/users/chris/appdata/local/arduino15/packages/sparkfun/tools/arm-none-eabi-gcc/8-2018-q4-major/bin/../lib/gcc/arm-none-eabi/8.2.1/../../../../arm-none-eabi/lib/thumb/v7e-m+fp/hard\libc_nano.a(lib_a-mprec.o)
                0x000159c8                _Bfree
 .text.__multadd
                0x000159f6       0x76 c:/users/chris/appdata/local/arduino15/packages/sparkfun/tools/arm-none-eabi-gcc/8-2018-q4-major/bin/../lib/gcc/arm-none-eabi/8.2.1/../../../../arm-none-eabi/lib/thumb/v7e-m+fp/hard\libc_nano.a(lib_a-mprec.o)
                0x000159f6                __multadd
 .text.__hi0bits
                0x00015a6c       0x40 c:/users/chris/appdata/local/arduino15/packages/sparkfun/tools/arm-none-eabi-gcc/8-2018-q4-major/bin/../lib/gcc/arm-none-eabi/8.2.1/../../../../arm-none-eabi/lib/thumb/v7e-m+fp/hard\libc_nano.a(lib_a-mprec.o)
                0x00015a6c                __hi0bits
 .text.__lo0bits
                0x00015aac       0x60 c:/users/chris/appdata/local/arduino15/packages/sparkfun/tools/arm-none-eabi-gcc/8-2018-q4-major/bin/../lib/gcc/arm-none-eabi/8.2.1/../../../../arm-none-eabi/lib/thumb/v7e-m+fp/hard\libc_nano.a(lib_a-mprec.o)
                0x00015aac                __lo0bits
 .text.__i2b    0x00015b0c       0x12 c:/users/chris/appdata/local/arduino15/packages/sparkfun/tools/arm-none-eabi-gcc/8-2018-q4-major/bin/../lib/gcc/arm-none-eabi/8.2.1/../../../../arm-none-eabi/lib/thumb/v7e-m+fp/hard\libc_nano.a(lib_a-mprec.o)
                0x00015b0c                __i2b
 .text.__multiply
                0x00015b1e      0x120 c:/users/chris/appdata/local/arduino15/packages/sparkfun/tools/arm-none-eabi-gcc/8-2018-q4-major/bin/../lib/gcc/arm-none-eabi/8.2.1/../../../../arm-none-eabi/lib/thumb/v7e-m+fp/hard\libc_nano.a(lib_a-mprec.o)
                0x00015b1e                __multiply
 *fill*         0x00015c3e        0x2 
 .text.__pow5mult
                0x00015c40       0x9c c:/users/chris/appdata/local/arduino15/packages/sparkfun/tools/arm-none-eabi-gcc/8-2018-q4-major/bin/../lib/gcc/arm-none-eabi/8.2.1/../../../../arm-none-eabi/lib/thumb/v7e-m+fp/hard\libc_nano.a(lib_a-mprec.o)
                0x00015c40                __pow5mult
 .text.__lshift
                0x00015cdc       0xa6 c:/users/chris/appdata/local/arduino15/packages/sparkfun/tools/arm-none-eabi-gcc/8-2018-q4-major/bin/../lib/gcc/arm-none-eabi/8.2.1/../../../../arm-none-eabi/lib/thumb/v7e-m+fp/hard\libc_nano.a(lib_a-mprec.o)
                0x00015cdc                __lshift
 .text.__mcmp   0x00015d82       0x34 c:/users/chris/appdata/local/arduino15/packages/sparkfun/tools/arm-none-eabi-gcc/8-2018-q4-major/bin/../lib/gcc/arm-none-eabi/8.2.1/../../../../arm-none-eabi/lib/thumb/v7e-m+fp/hard\libc_nano.a(lib_a-mprec.o)
                0x00015d82                __mcmp
 .text.__mdiff  0x00015db6       0xba c:/users/chris/appdata/local/arduino15/packages/sparkfun/tools/arm-none-eabi-gcc/8-2018-q4-major/bin/../lib/gcc/arm-none-eabi/8.2.1/../../../../arm-none-eabi/lib/thumb/v7e-m+fp/hard\libc_nano.a(lib_a-mprec.o)
                0x00015db6                __mdiff
 .text.__d2b    0x00015e70       0x9c c:/users/chris/appdata/local/arduino15/packages/sparkfun/tools/arm-none-eabi-gcc/8-2018-q4-major/bin/../lib/gcc/arm-none-eabi/8.2.1/../../../../arm-none-eabi/lib/thumb/v7e-m+fp/hard\libc_nano.a(lib_a-mprec.o)
                0x00015e70                __d2b
 .text._calloc_r
                0x00015f0c       0x1c c:/users/chris/appdata/local/arduino15/packages/sparkfun/tools/arm-none-eabi-gcc/8-2018-q4-major/bin/../lib/gcc/arm-none-eabi/8.2.1/../../../../arm-none-eabi/lib/thumb/v7e-m+fp/hard\libc_nano.a(lib_a-nano-callocr.o)
                0x00015f0c                _calloc_r
 .text._realloc_r
                0x00015f28       0x4c c:/users/chris/appdata/local/arduino15/packages/sparkfun/tools/arm-none-eabi-gcc/8-2018-q4-major/bin/../lib/gcc/arm-none-eabi/8.2.1/../../../../arm-none-eabi/lib/thumb/v7e-m+fp/hard\libc_nano.a(lib_a-nano-reallocr.o)
                0x00015f28                _realloc_r
 .text.__ssputs_r
                0x00015f74       0xb6 c:/users/chris/appdata/local/arduino15/packages/sparkfun/tools/arm-none-eabi-gcc/8-2018-q4-major/bin/../lib/gcc/arm-none-eabi/8.2.1/../../../../arm-none-eabi/lib/thumb/v7e-m+fp/hard\libc_nano.a(lib_a-nano-svfprintf.o)
                0x00015f74                __ssputs_r
 *fill*         0x0001602a        0x2 
 .text._svfprintf_r
                0x0001602c      0x1f0 c:/users/chris/appdata/local/arduino15/packages/sparkfun/tools/arm-none-eabi-gcc/8-2018-q4-major/bin/../lib/gcc/arm-none-eabi/8.2.1/../../../../arm-none-eabi/lib/thumb/v7e-m+fp/hard\libc_nano.a(lib_a-nano-svfprintf.o)
                0x0001602c                _svfiprintf_r
                0x0001602c                _svfprintf_r
 .text.__ascii_wctomb
                0x0001621c       0x1a c:/users/chris/appdata/local/arduino15/packages/sparkfun/tools/arm-none-eabi-gcc/8-2018-q4-major/bin/../lib/gcc/arm-none-eabi/8.2.1/../../../../arm-none-eabi/lib/thumb/v7e-m+fp/hard\libc_nano.a(lib_a-wctomb_r.o)
                0x0001621c                __ascii_wctomb
 .text.__retarget_lock_acquire_recursive
                0x00016236        0x2 c:/users/chris/appdata/local/arduino15/packages/sparkfun/tools/arm-none-eabi-gcc/8-2018-q4-major/bin/../lib/gcc/arm-none-eabi/8.2.1/../../../../arm-none-eabi/lib/thumb/v7e-m+fp/hard\libc_nano.a(lib_a-lock.o)
                0x00016236                __retarget_lock_acquire_recursive
 .text.__retarget_lock_release_recursive
                0x00016238        0x2 c:/users/chris/appdata/local/arduino15/packages/sparkfun/tools/arm-none-eabi-gcc/8-2018-q4-major/bin/../lib/gcc/arm-none-eabi/8.2.1/../../../../arm-none-eabi/lib/thumb/v7e-m+fp/hard\libc_nano.a(lib_a-lock.o)
                0x00016238                __retarget_lock_release_recursive
 .text._malloc_usable_size_r
                0x0001623a       0x10 c:/users/chris/appdata/local/arduino15/packages/sparkfun/tools/arm-none-eabi-gcc/8-2018-q4-major/bin/../lib/gcc/arm-none-eabi/8.2.1/../../../../arm-none-eabi/lib/thumb/v7e-m+fp/hard\libc_nano.a(lib_a-nano-msizer.o)
                0x0001623a                _malloc_usable_size_r
 .text.__cxa_pure_virtual
                0x0001624a        0x6 c:/users/chris/appdata/local/arduino15/packages/sparkfun/tools/arm-none-eabi-gcc/8-2018-q4-major/bin/../lib/gcc/arm-none-eabi/8.2.1/../../../../arm-none-eabi/lib/thumb/v7e-m+fp/hard\libstdc++_nano.a(pure.o)
                0x0001624a                __cxa_pure_virtual
 .text._ZN10__cxxabiv111__terminateEPFvvE
                0x00016250        0x8 c:/users/chris/appdata/local/arduino15/packages/sparkfun/tools/arm-none-eabi-gcc/8-2018-q4-major/bin/../lib/gcc/arm-none-eabi/8.2.1/../../../../arm-none-eabi/lib/thumb/v7e-m+fp/hard\libstdc++_nano.a(eh_terminate.o)
                0x00016250                __cxxabiv1::__terminate(void (*)())
 .text._ZSt13get_terminatev
                0x00016258       0x10 c:/users/chris/appdata/local/arduino15/packages/sparkfun/tools/arm-none-eabi-gcc/8-2018-q4-major/bin/../lib/gcc/arm-none-eabi/8.2.1/../../../../arm-none-eabi/lib/thumb/v7e-m+fp/hard\libstdc++_nano.a(eh_terminate.o)
                0x00016258                std::get_terminate()
 .text._ZSt9terminatev
                0x00016268        0xa c:/users/chris/appdata/local/arduino15/packages/sparkfun/tools/arm-none-eabi-gcc/8-2018-q4-major/bin/../lib/gcc/arm-none-eabi/8.2.1/../../../../arm-none-eabi/lib/thumb/v7e-m+fp/hard\libstdc++_nano.a(eh_terminate.o)
                0x00016268                std::terminate()
 .text.abort    0x00016272        0xe c:/users/chris/appdata/local/arduino15/packages/sparkfun/tools/arm-none-eabi-gcc/8-2018-q4-major/bin/../lib/gcc/arm-none-eabi/8.2.1/../../../../arm-none-eabi/lib/thumb/v7e-m+fp/hard\libc_nano.a(lib_a-abort.o)
                0x00016272                abort
 .text._raise_r
                0x00016280       0x50 c:/users/chris/appdata/local/arduino15/packages/sparkfun/tools/arm-none-eabi-gcc/8-2018-q4-major/bin/../lib/gcc/arm-none-eabi/8.2.1/../../../../arm-none-eabi/lib/thumb/v7e-m+fp/hard\libc_nano.a(lib_a-signal.o)
                0x00016280                _raise_r
 .text.raise    0x000162d0       0x10 c:/users/chris/appdata/local/arduino15/packages/sparkfun/tools/arm-none-eabi-gcc/8-2018-q4-major/bin/../lib/gcc/arm-none-eabi/8.2.1/../../../../arm-none-eabi/lib/thumb/v7e-m+fp/hard\libc_nano.a(lib_a-signal.o)
                0x000162d0                raise
 .text._kill_r  0x000162e0       0x24 c:/users/chris/appdata/local/arduino15/packages/sparkfun/tools/arm-none-eabi-gcc/8-2018-q4-major/bin/../lib/gcc/arm-none-eabi/8.2.1/../../../../arm-none-eabi/lib/thumb/v7e-m+fp/hard\libc_nano.a(lib_a-signalr.o)
                0x000162e0                _kill_r
 .text._getpid_r
                0x00016304        0x4 c:/users/chris/appdata/local/arduino15/packages/sparkfun/tools/arm-none-eabi-gcc/8-2018-q4-major/bin/../lib/gcc/arm-none-eabi/8.2.1/../../../../arm-none-eabi/lib/thumb/v7e-m+fp/hard\libc_nano.a(lib_a-signalr.o)
                0x00016304                _getpid_r
 .text._getpid  0x00016308       0x10 c:/users/chris/appdata/local/arduino15/packages/sparkfun/tools/arm-none-eabi-gcc/8-2018-q4-major/bin/../lib/gcc/arm-none-eabi/8.2.1/../../../../arm-none-eabi/lib/thumb/v7e-m+fp/hard\libnosys.a(getpid.o)
                0x00016308                _getpid
 .text._kill    0x00016318       0x10 c:/users/chris/appdata/local/arduino15/packages/sparkfun/tools/arm-none-eabi-gcc/8-2018-q4-major/bin/../lib/gcc/arm-none-eabi/8.2.1/../../../../arm-none-eabi/lib/thumb/v7e-m+fp/hard\libnosys.a(kill.o)
                0x00016318                _kill
 .text._sbrk    0x00016328       0x1c c:/users/chris/appdata/local/arduino15/packages/sparkfun/tools/arm-none-eabi-gcc/8-2018-q4-major/bin/../lib/gcc/arm-none-eabi/8.2.1/../../../../arm-none-eabi/lib/thumb/v7e-m+fp/hard\libnosys.a(sbrk.o)
                0x00016328                _sbrk
 .text._exit    0x00016344        0x4 c:/users/chris/appdata/local/arduino15/packages/sparkfun/tools/arm-none-eabi-gcc/8-2018-q4-major/bin/../lib/gcc/arm-none-eabi/8.2.1/../../../../arm-none-eabi/lib/thumb/v7e-m+fp/hard\libnosys.a(_exit.o)
                0x00016344                _exit
                0x00016348                . = ALIGN (0x4)
                0x00016348                __init_array_start = .
 *(.init_array)
 .init_array    0x00016348        0x4 c:\Users\chris\Documents\Github\arduino-heat-sensor\build\sketch\arduino-heat-sensor.ino.cpp.o
 .init_array    0x0001634c        0x4 c:\Users\chris\Documents\Github\arduino-heat-sensor\build\libraries\Wire\Wire.cpp.o
 .init_array    0x00016350        0x4 c:\Users\chris\Documents\Github\arduino-heat-sensor\build\core\config\variant.cpp.o
 *(.ctors)
                0x00016354                __init_array_end = .
 *(.rodata)
 *(.rodata*)
 .rodata._GLOBAL__sub_I__ZN7GridEYE5beginEhR7TwoWire.str1.1
                0x00016354       0x61 c:\Users\chris\Documents\Github\arduino-heat-sensor\build\sketch\arduino-heat-sensor.ino.cpp.o
 .rodata._ZN5Utils7publishE6String.str1.1
                0x000163b5        0x5 c:\Users\chris\Documents\Github\arduino-heat-sensor\build\sketch\arduino-heat-sensor.ino.cpp.o
                                  0x7 (size before relaxing)
 .rodata.setup.str1.1
                0x000163ba       0x23 c:\Users\chris\Documents\Github\arduino-heat-sensor\build\sketch\arduino-heat-sensor.ino.cpp.o
 *fill*         0x000163dd        0x3 
 .rodata._ZTV6Stream
                0x000163e0       0x24 c:\Users\chris\Documents\Github\arduino-heat-sensor\build\libraries\Wire\Wire.cpp.o
                0x000163e0                vtable for Stream
 .rodata._ZTV7TwoWire
                0x00016404       0x24 c:\Users\chris\Documents\Github\arduino-heat-sensor\build\libraries\Wire\Wire.cpp.o
                0x00016404                vtable for TwoWire
 .rodata.ap3_variant_pinmap
                0x00016428       0x20 c:\Users\chris\Documents\Github\arduino-heat-sensor\build\core\config\variant.cpp.o
                0x00016428                ap3_variant_pinmap
 .rodata.g_AM_HAL_GPIO_DISABLE
                0x00016448        0x4 c:\Users\chris\Documents\Github\arduino-heat-sensor\build\core\core.a(am_hal_gpio.c.o)
                0x00016448                g_AM_HAL_GPIO_DISABLE
 .rodata.g_AM_HAL_GPIO_OUTPUT
                0x0001644c        0x4 c:\Users\chris\Documents\Github\arduino-heat-sensor\build\core\core.a(am_hal_gpio.c.o)
                0x0001644c                g_AM_HAL_GPIO_OUTPUT
 .rodata.g_ui8Bit76Capabilities
                0x00016450       0x32 c:\Users\chris\Documents\Github\arduino-heat-sensor\build\core\core.a(am_hal_gpio.c.o)
 .rodata.g_ui8Inpen
                0x00016482       0x32 c:\Users\chris\Documents\Github\arduino-heat-sensor\build\core\core.a(am_hal_gpio.c.o)
 .rodata.g_ui8NCEtable
                0x000164b4       0xc8 c:\Users\chris\Documents\Github\arduino-heat-sensor\build\core\core.a(am_hal_gpio.c.o)
 .rodata.g_ui8nCEpins
                0x0001657c       0x32 c:\Users\chris\Documents\Github\arduino-heat-sensor\build\core\core.a(am_hal_gpio.c.o)
 *fill*         0x000165ae        0x2 
 .rodata.am_hal_pwrctrl_peripheral_control
                0x000165b0       0xb4 c:\Users\chris\Documents\Github\arduino-heat-sensor\build\core\core.a(am_hal_pwrctrl.c.o)
                0x000165b0                am_hal_pwrctrl_peripheral_control
 .rodata.CSWTCH.19
                0x00016664       0x10 c:\Users\chris\Documents\Github\arduino-heat-sensor\build\core\core.a(am_hal_uart.c.o)
 .rodata.AP3_GPIO_PINCFG_NULL
                0x00016674        0x4 c:\Users\chris\Documents\Github\arduino-heat-sensor\build\core\core.a(ap3_gpio_structures.c.o)
                0x00016674                AP3_GPIO_PINCFG_NULL
 .rodata._ZN5Print7printlnEv.str1.1
                0x00016678        0x3 c:\Users\chris\Documents\Github\arduino-heat-sensor\build\core\core.a(Print.cpp.o)
 *fill*         0x0001667b        0x1 
 .rodata.CSWTCH.35
                0x0001667c       0x10 c:\Users\chris\Documents\Github\arduino-heat-sensor\build\core\core.a(ap3_uart.cpp.o)
 .rodata.CSWTCH.36
                0x0001668c        0x4 c:\Users\chris\Documents\Github\arduino-heat-sensor\build\core\core.a(ap3_uart.cpp.o)
 .rodata.CSWTCH.37
                0x00016690       0x10 c:\Users\chris\Documents\Github\arduino-heat-sensor\build\core\core.a(ap3_uart.cpp.o)
 .rodata.CSWTCH.38
                0x000166a0        0x4 c:\Users\chris\Documents\Github\arduino-heat-sensor\build\core\core.a(ap3_uart.cpp.o)
 .rodata._ZTV4Uart
                0x000166a4       0x34 c:\Users\chris\Documents\Github\arduino-heat-sensor\build\core\core.a(ap3_uart.cpp.o)
                0x000166a4                vtable for Uart
 .rodata.am_hal_cachectrl_defaults
                0x000166d8        0x3 c:\Users\chris\Documents\Github\arduino-heat-sensor\build\core\core.a(am_hal_cachectrl.c.o)
                0x000166d8                am_hal_cachectrl_defaults
 *fill*         0x000166db        0x1 
 .rodata.gAmHalCmdQReg
                0x000166dc      0x140 c:\Users\chris\Documents\Github\arduino-heat-sensor\build\core\core.a(am_hal_cmdq.c.o)
 .rodata.ap3_uart0_cts_map
                0x0001681c       0x10 c:\Users\chris\Documents\Github\arduino-heat-sensor\build\core\core.a(ap3_uart_structures.c.o)
                0x0001681c                ap3_uart0_cts_map
 .rodata.ap3_uart0_rts_map
                0x0001682c       0x10 c:\Users\chris\Documents\Github\arduino-heat-sensor\build\core\core.a(ap3_uart_structures.c.o)
                0x0001682c                ap3_uart0_rts_map
 .rodata.ap3_uart0_rx_map
                0x0001683c       0x18 c:\Users\chris\Documents\Github\arduino-heat-sensor\build\core\core.a(ap3_uart_structures.c.o)
                0x0001683c                ap3_uart0_rx_map
 .rodata.ap3_uart0_tx_map
                0x00016854       0x18 c:\Users\chris\Documents\Github\arduino-heat-sensor\build\core\core.a(ap3_uart_structures.c.o)
                0x00016854                ap3_uart0_tx_map
 .rodata.ap3_uart1_cts_map
                0x0001686c       0x10 c:\Users\chris\Documents\Github\arduino-heat-sensor\build\core\core.a(ap3_uart_structures.c.o)
                0x0001686c                ap3_uart1_cts_map
 .rodata.ap3_uart1_rts_map
                0x0001687c       0x10 c:\Users\chris\Documents\Github\arduino-heat-sensor\build\core\core.a(ap3_uart_structures.c.o)
                0x0001687c                ap3_uart1_rts_map
 .rodata.ap3_uart1_rx_map
                0x0001688c       0x1a c:\Users\chris\Documents\Github\arduino-heat-sensor\build\core\core.a(ap3_uart_structures.c.o)
                0x0001688c                ap3_uart1_rx_map
 .rodata.ap3_uart1_tx_map
                0x000168a6       0x18 c:\Users\chris\Documents\Github\arduino-heat-sensor\build\core\core.a(ap3_uart_structures.c.o)
                0x000168a6                ap3_uart1_tx_map
 *fill*         0x000168be        0x2 
 .rodata.ap3_uart_config_default
                0x000168c0       0x28 c:\Users\chris\Documents\Github\arduino-heat-sensor\build\core\core.a(ap3_uart_structures.c.o)
                0x000168c0                ap3_uart_config_default
 .rodata._printf_float.str1.1
                0x000168e8       0x12 c:/users/chris/appdata/local/arduino15/packages/sparkfun/tools/arm-none-eabi-gcc/8-2018-q4-major/bin/../lib/gcc/arm-none-eabi/8.2.1/../../../../arm-none-eabi/lib/thumb/v7e-m+fp/hard\libc_nano.a(lib_a-nano-vfprintf_float.o)
 .rodata._printf_i.str1.1
                0x000168fa       0x22 c:/users/chris/appdata/local/arduino15/packages/sparkfun/tools/arm-none-eabi-gcc/8-2018-q4-major/bin/../lib/gcc/arm-none-eabi/8.2.1/../../../../arm-none-eabi/lib/thumb/v7e-m+fp/hard\libc_nano.a(lib_a-nano-vfprintf_i.o)
 .rodata._ctype_
                0x0001691c      0x101 c:/users/chris/appdata/local/arduino15/packages/sparkfun/tools/arm-none-eabi-gcc/8-2018-q4-major/bin/../lib/gcc/arm-none-eabi/8.2.1/../../../../arm-none-eabi/lib/thumb/v7e-m+fp/hard\libc_nano.a(lib_a-ctype_.o)
                0x0001691c                _ctype_
 .rodata._dtoa_r.str1.1
                0x00016a1d        0xd c:/users/chris/appdata/local/arduino15/packages/sparkfun/tools/arm-none-eabi-gcc/8-2018-q4-major/bin/../lib/gcc/arm-none-eabi/8.2.1/../../../../arm-none-eabi/lib/thumb/v7e-m+fp/hard\libc_nano.a(lib_a-dtoa.o)
                                  0xf (size before relaxing)
 .rodata._setlocale_r.str1.1
                0x00016a2a        0x8 c:/users/chris/appdata/local/arduino15/packages/sparkfun/tools/arm-none-eabi-gcc/8-2018-q4-major/bin/../lib/gcc/arm-none-eabi/8.2.1/../../../../arm-none-eabi/lib/thumb/v7e-m+fp/hard\libc_nano.a(lib_a-locale.o)
                                  0x9 (size before relaxing)
 .rodata.str1.1
                0x00016a32        0x8 c:/users/chris/appdata/local/arduino15/packages/sparkfun/tools/arm-none-eabi-gcc/8-2018-q4-major/bin/../lib/gcc/arm-none-eabi/8.2.1/../../../../arm-none-eabi/lib/thumb/v7e-m+fp/hard\libc_nano.a(lib_a-locale.o)
                                  0x2 (size before relaxing)
 *fill*         0x00016a32        0x6 
 .rodata.__mprec_bigtens
                0x00016a38       0x28 c:/users/chris/appdata/local/arduino15/packages/sparkfun/tools/arm-none-eabi-gcc/8-2018-q4-major/bin/../lib/gcc/arm-none-eabi/8.2.1/../../../../arm-none-eabi/lib/thumb/v7e-m+fp/hard\libc_nano.a(lib_a-mprec.o)
                0x00016a38                __mprec_bigtens
 .rodata.__mprec_tens
                0x00016a60       0xc8 c:/users/chris/appdata/local/arduino15/packages/sparkfun/tools/arm-none-eabi-gcc/8-2018-q4-major/bin/../lib/gcc/arm-none-eabi/8.2.1/../../../../arm-none-eabi/lib/thumb/v7e-m+fp/hard\libc_nano.a(lib_a-mprec.o)
                0x00016a60                __mprec_tens
 .rodata.p05.7454
                0x00016b28        0xc c:/users/chris/appdata/local/arduino15/packages/sparkfun/tools/arm-none-eabi-gcc/8-2018-q4-major/bin/../lib/gcc/arm-none-eabi/8.2.1/../../../../arm-none-eabi/lib/thumb/v7e-m+fp/hard\libc_nano.a(lib_a-mprec.o)
 .rodata._svfprintf_r.str1.1
                0x00016b34       0x11 c:/users/chris/appdata/local/arduino15/packages/sparkfun/tools/arm-none-eabi-gcc/8-2018-q4-major/bin/../lib/gcc/arm-none-eabi/8.2.1/../../../../arm-none-eabi/lib/thumb/v7e-m+fp/hard\libc_nano.a(lib_a-nano-svfprintf.o)
                0x00016b48                . = ALIGN (0x4)
 *fill*         0x00016b45        0x3 
                0x00016b48                _etext = .

.glue_7         0x00016b48        0x0
 .glue_7        0x00016b48        0x0 linker stubs

.glue_7t        0x00016b48        0x0
 .glue_7t       0x00016b48        0x0 linker stubs

.vfp11_veneer   0x00016b48        0x0
 .vfp11_veneer  0x00016b48        0x0 linker stubs

.v4_bx          0x00016b48        0x0
 .v4_bx         0x00016b48        0x0 linker stubs

.iplt           0x00016b48        0x0
 .iplt          0x00016b48        0x0 c:\Users\chris\Documents\Github\arduino-heat-sensor\build\sketch\arduino-heat-sensor.ino.cpp.o

.rel.dyn        0x00016b48        0x0
 .rel.iplt      0x00016b48        0x0 c:\Users\chris\Documents\Github\arduino-heat-sensor\build\sketch\arduino-heat-sensor.ino.cpp.o

.ARM.exidx      0x00016b48        0x8
 .ARM.exidx     0x00016b48        0x8 c:/users/chris/appdata/local/arduino15/packages/sparkfun/tools/arm-none-eabi-gcc/8-2018-q4-major/bin/../lib/gcc/arm-none-eabi/8.2.1/thumb/v7e-m+fp/hard\libgcc.a(_udivmoddi4.o)

.stack          0x10000000    0x14000
                0x10000000                . = ALIGN (0x8)
 *(.stack)
 .stack         0x10000000    0x14000 c:\Users\chris\Documents\Github\arduino-heat-sensor\build\core\startup\startup_gcc.c.o
 *(.stack*)
                0x10014000                . = ALIGN (0x8)

.data           0x10014000      0x208 load address 0x00016b50
                0x10014000                . = ALIGN (0x4)
                0x10014000                _sdata = .
 *(.data)
 *(.data*)
 .data.am_bsp_psLEDs
                0x10014000        0x8 c:\Users\chris\Documents\Github\arduino-heat-sensor\build\core\bsp\am_bsp.c.o
                0x10014000                am_bsp_psLEDs
 .data.SRAM_write_ui32
                0x10014008        0xc c:\Users\chris\Documents\Github\arduino-heat-sensor\build\core\core.a(am_hal_flash.c.o)
                0x10014008                SRAM_write_ui32
 .data.ap3_analog_configure_map
                0x10014014       0x1e c:\Users\chris\Documents\Github\arduino-heat-sensor\build\core\core.a(ap3_analog_structures.c.o)
                0x10014014                ap3_analog_configure_map
 *fill*         0x10014032        0x2 
 .data._impure_ptr
                0x10014034        0x4 c:/users/chris/appdata/local/arduino15/packages/sparkfun/tools/arm-none-eabi-gcc/8-2018-q4-major/bin/../lib/gcc/arm-none-eabi/8.2.1/../../../../arm-none-eabi/lib/thumb/v7e-m+fp/hard\libc_nano.a(lib_a-impure.o)
                0x10014034                _impure_ptr
 .data.impure_data
                0x10014038       0x60 c:/users/chris/appdata/local/arduino15/packages/sparkfun/tools/arm-none-eabi-gcc/8-2018-q4-major/bin/../lib/gcc/arm-none-eabi/8.2.1/../../../../arm-none-eabi/lib/thumb/v7e-m+fp/hard\libc_nano.a(lib_a-impure.o)
 .data.__global_locale
                0x10014098      0x16c c:/users/chris/appdata/local/arduino15/packages/sparkfun/tools/arm-none-eabi-gcc/8-2018-q4-major/bin/../lib/gcc/arm-none-eabi/8.2.1/../../../../arm-none-eabi/lib/thumb/v7e-m+fp/hard\libc_nano.a(lib_a-locale.o)
                0x10014098                __global_locale
 .data._ZN10__cxxabiv119__terminate_handlerE
                0x10014204        0x4 c:/users/chris/appdata/local/arduino15/packages/sparkfun/tools/arm-none-eabi-gcc/8-2018-q4-major/bin/../lib/gcc/arm-none-eabi/8.2.1/../../../../arm-none-eabi/lib/thumb/v7e-m+fp/hard\libstdc++_nano.a(eh_term_handler.o)
                0x10014204                __cxxabiv1::__terminate_handler
                0x10014208                . = ALIGN (0x4)
                0x10014208                _edata = .
                0x00016b50                _init_data = LOADADDR (.data)

.igot.plt       0x10014208        0x0 load address 0x00016d58
 .igot.plt      0x10014208        0x0 c:\Users\chris\Documents\Github\arduino-heat-sensor\build\sketch\arduino-heat-sensor.ino.cpp.o

.bss            0x10014208     0xcb60 load address 0x00016d58
                0x10014208                . = ALIGN (0x4)
                0x10014208                _sbss = .
 *(.bss)
 *(.bss*)
 .bss._ZL10githubHash
                0x10014208        0xc c:\Users\chris\Documents\Github\arduino-heat-sensor\build\sketch\arduino-heat-sensor.ino.cpp.o
 .bss._ZL10githubRepo
                0x10014214        0xc c:\Users\chris\Documents\Github\arduino-heat-sensor\build\sketch\arduino-heat-sensor.ino.cpp.o
 .bss.gridEyeSupport
                0x10014220        0xc c:\Users\chris\Documents\Github\arduino-heat-sensor\build\sketch\arduino-heat-sensor.ino.cpp.o
                0x10014220                gridEyeSupport
 .bss.lastDisplay
                0x1001422c        0x4 c:\Users\chris\Documents\Github\arduino-heat-sensor\build\sketch\arduino-heat-sensor.ino.cpp.o
                0x1001422c                lastDisplay
 .bss.Wire      0x10014230      0x47c c:\Users\chris\Documents\Github\arduino-heat-sensor\build\libraries\Wire\Wire.cpp.o
                0x10014230                Wire
 .bss.Wire1     0x100146ac      0x47c c:\Users\chris\Documents\Github\arduino-heat-sensor\build\libraries\Wire\Wire.cpp.o
                0x100146ac                Wire1
 .bss.Wire2     0x10014b28      0x47c c:\Users\chris\Documents\Github\arduino-heat-sensor\build\libraries\Wire\Wire.cpp.o
                0x10014b28                Wire2
 .bss.Wire3     0x10014fa4      0x47c c:\Users\chris\Documents\Github\arduino-heat-sensor\build\libraries\Wire\Wire.cpp.o
                0x10014fa4                Wire3
 .bss.Serial    0x10015420     0x4058 c:\Users\chris\Documents\Github\arduino-heat-sensor\build\core\config\variant.cpp.o
                0x10015420                Serial
 .bss.Serial1   0x10019478     0x4058 c:\Users\chris\Documents\Github\arduino-heat-sensor\build\core\config\variant.cpp.o
                0x10019478                Serial1
 .bss.gAmHalResetStatus
                0x1001d4d0        0x4 c:\Users\chris\Documents\Github\arduino-heat-sensor\build\core\core.a(am_hal_reset.c.o)
                0x1001d4d0                gAmHalResetStatus
 .bss.gpio_isr_entries
                0x1001d4d4      0x258 c:\Users\chris\Documents\Github\arduino-heat-sensor\build\core\core.a(ap3_gpio.cpp.o)
                0x1001d4d4                gpio_isr_entries
 .bss.gpio_num_isr
                0x1001d72c        0x1 c:\Users\chris\Documents\Github\arduino-heat-sensor\build\core\core.a(ap3_gpio.cpp.o)
                0x1001d72c                gpio_num_isr
 *fill*         0x1001d72d        0x3 
 .bss.__dso_handle
                0x1001d730        0x4 c:\Users\chris\Documents\Github\arduino-heat-sensor\build\core\core.a(main.cpp.o)
                0x1001d730                __dso_handle
 .bss.ap3_stimer_overflows
                0x1001d734        0x4 c:\Users\chris\Documents\Github\arduino-heat-sensor\build\core\core.a(ap3_timing.cpp.o)
                0x1001d734                ap3_stimer_overflows
 .bss.ticks     0x1001d738        0x8 c:\Users\chris\Documents\Github\arduino-heat-sensor\build\core\core.a(ap3_timing.cpp.o)
                0x1001d738                ticks
 .bss.ap3_uart_handles
                0x1001d740        0x8 c:\Users\chris\Documents\Github\arduino-heat-sensor\build\core\core.a(ap3_uart.cpp.o)
                0x1001d740                ap3_uart_handles
 .bss.gAmHalCmdq
                0x1001d748      0x160 c:\Users\chris\Documents\Github\arduino-heat-sensor\build\core\core.a(am_hal_cmdq.c.o)
 .bss.__malloc_free_list
                0x1001d8a8        0x4 c:/users/chris/appdata/local/arduino15/packages/sparkfun/tools/arm-none-eabi-gcc/8-2018-q4-major/bin/../lib/gcc/arm-none-eabi/8.2.1/../../../../arm-none-eabi/lib/thumb/v7e-m+fp/hard\libc_nano.a(lib_a-nano-mallocr.o)
                0x1001d8a8                __malloc_free_list
 .bss.__malloc_sbrk_start
                0x1001d8ac        0x4 c:/users/chris/appdata/local/arduino15/packages/sparkfun/tools/arm-none-eabi-gcc/8-2018-q4-major/bin/../lib/gcc/arm-none-eabi/8.2.1/../../../../arm-none-eabi/lib/thumb/v7e-m+fp/hard\libc_nano.a(lib_a-nano-mallocr.o)
                0x1001d8ac                __malloc_sbrk_start
 .bss.heap_end.5501
                0x1001d8b0        0x4 c:/users/chris/appdata/local/arduino15/packages/sparkfun/tools/arm-none-eabi-gcc/8-2018-q4-major/bin/../lib/gcc/arm-none-eabi/8.2.1/../../../../arm-none-eabi/lib/thumb/v7e-m+fp/hard\libnosys.a(sbrk.o)
 *(COMMON)
 COMMON         0x1001d8b4     0x33d8 c:\Users\chris\Documents\Github\arduino-heat-sensor\build\core\core.a(am_hal_iom.c.o)
                0x1001d8b4                g_IOMhandles
 COMMON         0x10020c8c       0xc8 c:\Users\chris\Documents\Github\arduino-heat-sensor\build\core\core.a(am_hal_uart.c.o)
                0x10020c8c                g_am_hal_uart_states
 COMMON         0x10020d54        0x4 c:\Users\chris\Documents\Github\arduino-heat-sensor\build\core\core.a(am_util_stdio.c.o)
                0x10020d54                g_pfnCharPrint
 COMMON         0x10020d58        0x4 c:/users/chris/appdata/local/arduino15/packages/sparkfun/tools/arm-none-eabi-gcc/8-2018-q4-major/bin/../lib/gcc/arm-none-eabi/8.2.1/../../../../arm-none-eabi/lib/thumb/v7e-m+fp/hard\libc_nano.a(lib_a-reent.o)
                0x10020d58                errno
 COMMON         0x10020d5c        0x9 c:/users/chris/appdata/local/arduino15/packages/sparkfun/tools/arm-none-eabi-gcc/8-2018-q4-major/bin/../lib/gcc/arm-none-eabi/8.2.1/../../../../arm-none-eabi/lib/thumb/v7e-m+fp/hard\libc_nano.a(lib_a-lock.o)
                0x10020d5c                __lock___atexit_recursive_mutex
                0x10020d5d                __lock___arc4random_mutex
                0x10020d5e                __lock___env_recursive_mutex
                0x10020d5f                __lock___sinit_recursive_mutex
                0x10020d60                __lock___malloc_recursive_mutex
                0x10020d61                __lock___at_quick_exit_mutex
                0x10020d62                __lock___dd_hash_mutex
                0x10020d63                __lock___tz_mutex
                0x10020d64                __lock___sfp_recursive_mutex
                0x10020d68                . = ALIGN (0x4)
 *fill*         0x10020d65        0x3 
                0x10020d68                _ebss = .

.heap           0x10020d68        0x0 load address 0x00016d58
                0x10020d68                __end__ = .
                0x10020d68                PROVIDE (end = .)
 *(.heap*)
                0x10020d68                __HeapLimit = .

.ARM.attributes
                0x00000000       0x32
 *(.ARM.attributes)
 .ARM.attributes
                0x00000000       0x34 c:\Users\chris\Documents\Github\arduino-heat-sensor\build\sketch\arduino-heat-sensor.ino.cpp.o
 .ARM.attributes
                0x00000034       0x34 c:\Users\chris\Documents\Github\arduino-heat-sensor\build\libraries\Wire\Wire.cpp.o
 .ARM.attributes
                0x00000068       0x34 c:\Users\chris\Documents\Github\arduino-heat-sensor\build\core\bsp\am_bsp.c.o
 .ARM.attributes
                0x0000009c       0x34 c:\Users\chris\Documents\Github\arduino-heat-sensor\build\core\startup\startup_gcc.c.o
 .ARM.attributes
                0x000000d0       0x34 c:\Users\chris\Documents\Github\arduino-heat-sensor\build\core\config\variant.cpp.o
 .ARM.attributes
                0x00000104       0x34 c:\Users\chris\Documents\Github\arduino-heat-sensor\build\core\core.a(am_hal_clkgen.c.o)
 .ARM.attributes
                0x00000138       0x34 c:\Users\chris\Documents\Github\arduino-heat-sensor\build\core\core.a(am_hal_flash.c.o)
 .ARM.attributes
                0x0000016c       0x34 c:\Users\chris\Documents\Github\arduino-heat-sensor\build\core\core.a(am_hal_gpio.c.o)
 .ARM.attributes
                0x000001a0       0x34 c:\Users\chris\Documents\Github\arduino-heat-sensor\build\core\core.a(am_hal_interrupt.c.o)
 .ARM.attributes
                0x000001d4       0x34 c:\Users\chris\Documents\Github\arduino-heat-sensor\build\core\core.a(am_hal_iom.c.o)
 .ARM.attributes
                0x00000208       0x34 c:\Users\chris\Documents\Github\arduino-heat-sensor\build\core\core.a(am_hal_itm.c.o)
 .ARM.attributes
                0x0000023c       0x34 c:\Users\chris\Documents\Github\arduino-heat-sensor\build\core\core.a(am_hal_pwrctrl.c.o)
 .ARM.attributes
                0x00000270       0x34 c:\Users\chris\Documents\Github\arduino-heat-sensor\build\core\core.a(am_hal_reset.c.o)
 .ARM.attributes
                0x000002a4       0x34 c:\Users\chris\Documents\Github\arduino-heat-sensor\build\core\core.a(am_hal_rtc.c.o)
 .ARM.attributes
                0x000002d8       0x34 c:\Users\chris\Documents\Github\arduino-heat-sensor\build\core\core.a(am_hal_uart.c.o)
 .ARM.attributes
                0x0000030c       0x34 c:\Users\chris\Documents\Github\arduino-heat-sensor\build\core\core.a(am_util_stdio.c.o)
 .ARM.attributes
                0x00000340       0x39 c:\Users\chris\Documents\Github\arduino-heat-sensor\build\core\core.a(ap3_gpio_structures.c.o)
 .ARM.attributes
                0x00000379       0x34 c:\Users\chris\Documents\Github\arduino-heat-sensor\build\core\core.a(Print.cpp.o)
 .ARM.attributes
                0x000003ad       0x34 c:\Users\chris\Documents\Github\arduino-heat-sensor\build\core\core.a(WString.cpp.o)
 .ARM.attributes
                0x000003e1       0x34 c:\Users\chris\Documents\Github\arduino-heat-sensor\build\core\core.a(ap3_gpio.cpp.o)
 .ARM.attributes
                0x00000415       0x34 c:\Users\chris\Documents\Github\arduino-heat-sensor\build\core\core.a(ap3_iomaster.cpp.o)
 .ARM.attributes
                0x00000449       0x34 c:\Users\chris\Documents\Github\arduino-heat-sensor\build\core\core.a(main.cpp.o)
 .ARM.attributes
                0x0000047d       0x34 c:\Users\chris\Documents\Github\arduino-heat-sensor\build\core\core.a(ap3_timing.cpp.o)
 .ARM.attributes
                0x000004b1       0x34 c:\Users\chris\Documents\Github\arduino-heat-sensor\build\core\core.a(ap3_uart.cpp.o)
 .ARM.attributes
                0x000004e5       0x34 c:\Users\chris\Documents\Github\arduino-heat-sensor\build\core\core.a(am_hal_cachectrl.c.o)
 .ARM.attributes
                0x00000519       0x34 c:\Users\chris\Documents\Github\arduino-heat-sensor\build\core\core.a(am_hal_cmdq.c.o)
 .ARM.attributes
                0x0000054d       0x34 c:\Users\chris\Documents\Github\arduino-heat-sensor\build\core\core.a(am_hal_queue.c.o)
 .ARM.attributes
                0x00000581       0x34 c:\Users\chris\Documents\Github\arduino-heat-sensor\build\core\core.a(am_hal_stimer.c.o)
 .ARM.attributes
                0x000005b5       0x34 c:\Users\chris\Documents\Github\arduino-heat-sensor\build\core\core.a(am_util_delay.c.o)
 .ARM.attributes
                0x000005e9       0x39 c:\Users\chris\Documents\Github\arduino-heat-sensor\build\core\core.a(ap3_analog_structures.c.o)
 .ARM.attributes
                0x00000622       0x34 c:\Users\chris\Documents\Github\arduino-heat-sensor\build\core\core.a(itoa.c.o)
 .ARM.attributes
                0x00000656       0x34 c:\Users\chris\Documents\Github\arduino-heat-sensor\build\core\core.a(ap3_iomaster.c.o)
 .ARM.attributes
                0x0000068a       0x39 c:\Users\chris\Documents\Github\arduino-heat-sensor\build\core\core.a(ap3_uart_structures.c.o)
 .ARM.attributes
                0x000006c3       0x34 c:\Users\chris\Documents\Github\arduino-heat-sensor\build\core\core.a(ap3_initialization.cpp.o)
 .ARM.attributes
                0x000006f7       0x34 c:/users/chris/appdata/local/arduino15/packages/sparkfun/tools/arm-none-eabi-gcc/8-2018-q4-major/bin/../lib/gcc/arm-none-eabi/8.2.1/../../../../arm-none-eabi/lib/thumb/v7e-m+fp/hard\libc_nano.a(lib_a-aeabi_atexit.o)
 .ARM.attributes
                0x0000072b       0x34 c:/users/chris/appdata/local/arduino15/packages/sparkfun/tools/arm-none-eabi-gcc/8-2018-q4-major/bin/../lib/gcc/arm-none-eabi/8.2.1/../../../../arm-none-eabi/lib/thumb/v7e-m+fp/hard\libc_nano.a(lib_a-cxa_atexit.o)
 .ARM.attributes
                0x0000075f       0x34 c:/users/chris/appdata/local/arduino15/packages/sparkfun/tools/arm-none-eabi-gcc/8-2018-q4-major/bin/../lib/gcc/arm-none-eabi/8.2.1/../../../../arm-none-eabi/lib/thumb/v7e-m+fp/hard\libc_nano.a(lib_a-init.o)
 .ARM.attributes
                0x00000793       0x34 c:/users/chris/appdata/local/arduino15/packages/sparkfun/tools/arm-none-eabi-gcc/8-2018-q4-major/bin/../lib/gcc/arm-none-eabi/8.2.1/../../../../arm-none-eabi/lib/thumb/v7e-m+fp/hard\libc_nano.a(lib_a-malloc.o)
 .ARM.attributes
                0x000007c7       0x34 c:/users/chris/appdata/local/arduino15/packages/sparkfun/tools/arm-none-eabi-gcc/8-2018-q4-major/bin/../lib/gcc/arm-none-eabi/8.2.1/../../../../arm-none-eabi/lib/thumb/v7e-m+fp/hard\libc_nano.a(lib_a-memcpy-stub.o)
 .ARM.attributes
                0x000007fb       0x34 c:/users/chris/appdata/local/arduino15/packages/sparkfun/tools/arm-none-eabi-gcc/8-2018-q4-major/bin/../lib/gcc/arm-none-eabi/8.2.1/../../../../arm-none-eabi/lib/thumb/v7e-m+fp/hard\libc_nano.a(lib_a-memmove.o)
 .ARM.attributes
                0x0000082f       0x34 c:/users/chris/appdata/local/arduino15/packages/sparkfun/tools/arm-none-eabi-gcc/8-2018-q4-major/bin/../lib/gcc/arm-none-eabi/8.2.1/../../../../arm-none-eabi/lib/thumb/v7e-m+fp/hard\libc_nano.a(lib_a-memset.o)
 .ARM.attributes
                0x00000863       0x34 c:/users/chris/appdata/local/arduino15/packages/sparkfun/tools/arm-none-eabi-gcc/8-2018-q4-major/bin/../lib/gcc/arm-none-eabi/8.2.1/../../../../arm-none-eabi/lib/thumb/v7e-m+fp/hard\libc_nano.a(lib_a-nano-freer.o)
 .ARM.attributes
                0x00000897       0x34 c:/users/chris/appdata/local/arduino15/packages/sparkfun/tools/arm-none-eabi-gcc/8-2018-q4-major/bin/../lib/gcc/arm-none-eabi/8.2.1/../../../../arm-none-eabi/lib/thumb/v7e-m+fp/hard\libc_nano.a(lib_a-nano-mallocr.o)
 .ARM.attributes
                0x000008cb       0x34 c:/users/chris/appdata/local/arduino15/packages/sparkfun/tools/arm-none-eabi-gcc/8-2018-q4-major/bin/../lib/gcc/arm-none-eabi/8.2.1/../../../../arm-none-eabi/lib/thumb/v7e-m+fp/hard\libc_nano.a(lib_a-nano-vfprintf_float.o)
 .ARM.attributes
                0x000008ff       0x34 c:/users/chris/appdata/local/arduino15/packages/sparkfun/tools/arm-none-eabi-gcc/8-2018-q4-major/bin/../lib/gcc/arm-none-eabi/8.2.1/../../../../arm-none-eabi/lib/thumb/v7e-m+fp/hard\libc_nano.a(lib_a-nano-vfprintf_i.o)
 .ARM.attributes
                0x00000933       0x34 c:/users/chris/appdata/local/arduino15/packages/sparkfun/tools/arm-none-eabi-gcc/8-2018-q4-major/bin/../lib/gcc/arm-none-eabi/8.2.1/../../../../arm-none-eabi/lib/thumb/v7e-m+fp/hard\libc_nano.a(lib_a-realloc.o)
 .ARM.attributes
                0x00000967       0x34 c:/users/chris/appdata/local/arduino15/packages/sparkfun/tools/arm-none-eabi-gcc/8-2018-q4-major/bin/../lib/gcc/arm-none-eabi/8.2.1/../../../../arm-none-eabi/lib/thumb/v7e-m+fp/hard\libc_nano.a(lib_a-sbrkr.o)
 .ARM.attributes
                0x0000099b       0x34 c:/users/chris/appdata/local/arduino15/packages/sparkfun/tools/arm-none-eabi-gcc/8-2018-q4-major/bin/../lib/gcc/arm-none-eabi/8.2.1/../../../../arm-none-eabi/lib/thumb/v7e-m+fp/hard\libc_nano.a(lib_a-sprintf.o)
 .ARM.attributes
                0x000009cf       0x34 c:/users/chris/appdata/local/arduino15/packages/sparkfun/tools/arm-none-eabi-gcc/8-2018-q4-major/bin/../lib/gcc/arm-none-eabi/8.2.1/../../../../arm-none-eabi/lib/thumb/v7e-m+fp/hard\libc_nano.a(lib_a-strcpy.o)
 .ARM.attributes
                0x00000a03       0x17 c:/users/chris/appdata/local/arduino15/packages/sparkfun/tools/arm-none-eabi-gcc/8-2018-q4-major/bin/../lib/gcc/arm-none-eabi/8.2.1/../../../../arm-none-eabi/lib/thumb/v7e-m+fp/hard\libc_nano.a(lib_a-strlen.o)
 .ARM.attributes
                0x00000a1a       0x32 c:/users/chris/appdata/local/arduino15/packages/sparkfun/tools/arm-none-eabi-gcc/8-2018-q4-major/bin/../lib/gcc/arm-none-eabi/8.2.1/../../../../arm-none-eabi/lib/thumb/v7e-m+fp/hard\libc_nano.a(lib_a-ctype_.o)
 .ARM.attributes
                0x00000a4c       0x34 c:/users/chris/appdata/local/arduino15/packages/sparkfun/tools/arm-none-eabi-gcc/8-2018-q4-major/bin/../lib/gcc/arm-none-eabi/8.2.1/../../../../arm-none-eabi/lib/thumb/v7e-m+fp/hard\libc_nano.a(lib_a-dtoa.o)
 .ARM.attributes
                0x00000a80       0x32 c:/users/chris/appdata/local/arduino15/packages/sparkfun/tools/arm-none-eabi-gcc/8-2018-q4-major/bin/../lib/gcc/arm-none-eabi/8.2.1/../../../../arm-none-eabi/lib/thumb/v7e-m+fp/hard\libc_nano.a(lib_a-impure.o)
 .ARM.attributes
                0x00000ab2       0x34 c:/users/chris/appdata/local/arduino15/packages/sparkfun/tools/arm-none-eabi-gcc/8-2018-q4-major/bin/../lib/gcc/arm-none-eabi/8.2.1/../../../../arm-none-eabi/lib/thumb/v7e-m+fp/hard\libc_nano.a(lib_a-locale.o)
 .ARM.attributes
                0x00000ae6       0x34 c:/users/chris/appdata/local/arduino15/packages/sparkfun/tools/arm-none-eabi-gcc/8-2018-q4-major/bin/../lib/gcc/arm-none-eabi/8.2.1/../../../../arm-none-eabi/lib/thumb/v7e-m+fp/hard\libc_nano.a(lib_a-localeconv.o)
 .ARM.attributes
                0x00000b1a       0x34 c:/users/chris/appdata/local/arduino15/packages/sparkfun/tools/arm-none-eabi-gcc/8-2018-q4-major/bin/../lib/gcc/arm-none-eabi/8.2.1/../../../../arm-none-eabi/lib/thumb/v7e-m+fp/hard\libc_nano.a(lib_a-mbtowc_r.o)
 .ARM.attributes