Archive member included to satisfy reference by file (symbol)

c:\Users\chris\Documents\Github\arduino-heat-sensor\build\core\core.a(am_hal_clkgen.c.o)
                              c:\Users\chris\Documents\Github\arduino-heat-sensor\build\core\bsp\am_bsp.c.o (am_hal_clkgen_control)
c:\Users\chris\Documents\Github\arduino-heat-sensor\build\core\core.a(am_hal_flash.c.o)
                              c:\Users\chris\Documents\Github\arduino-heat-sensor\build\core\core.a(am_hal_clkgen.c.o) (am_hal_flash_delay)
c:\Users\chris\Documents\Github\arduino-heat-sensor\build\core\core.a(am_hal_gpio.c.o)
                              c:\Users\chris\Documents\Github\arduino-heat-sensor\build\core\bsp\am_bsp.c.o (am_hal_gpio_pinconfig)
c:\Users\chris\Documents\Github\arduino-heat-sensor\build\core\core.a(am_hal_interrupt.c.o)
                              c:\Users\chris\Documents\Github\arduino-heat-sensor\build\core\core.a(am_hal_gpio.c.o) (am_hal_interrupt_master_disable)
c:\Users\chris\Documents\Github\arduino-heat-sensor\build\core\core.a(am_hal_itm.c.o)
                              c:\Users\chris\Documents\Github\arduino-heat-sensor\build\core\bsp\am_bsp.c.o (am_hal_itm_enable)
c:\Users\chris\Documents\Github\arduino-heat-sensor\build\core\core.a(am_hal_pwrctrl.c.o)
                              c:\Users\chris\Documents\Github\arduino-heat-sensor\build\core\bsp\am_bsp.c.o (am_hal_pwrctrl_low_power_init)
c:\Users\chris\Documents\Github\arduino-heat-sensor\build\core\core.a(am_hal_reset.c.o)
                              c:\Users\chris\Documents\Github\arduino-heat-sensor\build\core\core.a(am_hal_clkgen.c.o) (gAmHalResetStatus)
c:\Users\chris\Documents\Github\arduino-heat-sensor\build\core\core.a(am_hal_rtc.c.o)
                              c:\Users\chris\Documents\Github\arduino-heat-sensor\build\core\bsp\am_bsp.c.o (am_hal_rtc_osc_disable)
c:\Users\chris\Documents\Github\arduino-heat-sensor\build\core\core.a(am_hal_tpiu.c.o)
                              c:\Users\chris\Documents\Github\arduino-heat-sensor\build\core\bsp\am_bsp.c.o (am_hal_tpiu_enable)
c:\Users\chris\Documents\Github\arduino-heat-sensor\build\core\core.a(am_hal_uart.c.o)
                              c:\Users\chris\Documents\Github\arduino-heat-sensor\build\core\bsp\am_bsp.c.o (am_hal_uart_initialize)
c:\Users\chris\Documents\Github\arduino-heat-sensor\build\core\core.a(am_util_stdio.c.o)
                              c:\Users\chris\Documents\Github\arduino-heat-sensor\build\core\bsp\am_bsp.c.o (am_util_stdio_printf_init)
c:\Users\chris\Documents\Github\arduino-heat-sensor\build\core\core.a(Print.cpp.o)
                              c:\Users\chris\Documents\Github\arduino-heat-sensor\build\sketch\arduino-heat-sensor.ino.cpp.o (Print::println(String const&))
c:\Users\chris\Documents\Github\arduino-heat-sensor\build\core\core.a(WString.cpp.o)
                              c:\Users\chris\Documents\Github\arduino-heat-sensor\build\sketch\arduino-heat-sensor.ino.cpp.o (String::~String())
c:\Users\chris\Documents\Github\arduino-heat-sensor\build\core\core.a(main.cpp.o)
                              c:\Users\chris\Documents\Github\arduino-heat-sensor\build\core\startup\startup_gcc.c.o (main)
c:\Users\chris\Documents\Github\arduino-heat-sensor\build\core\core.a(ap3_timing.cpp.o)
                              c:\Users\chris\Documents\Github\arduino-heat-sensor\build\sketch\arduino-heat-sensor.ino.cpp.o (millis())
c:\Users\chris\Documents\Github\arduino-heat-sensor\build\core\core.a(ap3_uart.cpp.o)
                              c:\Users\chris\Documents\Github\arduino-heat-sensor\build\sketch\arduino-heat-sensor.ino.cpp.o (Uart::begin(unsigned long))
c:\Users\chris\Documents\Github\arduino-heat-sensor\build\core\core.a(am_hal_cachectrl.c.o)
                              c:\Users\chris\Documents\Github\arduino-heat-sensor\build\core\core.a(am_hal_pwrctrl.c.o) (am_hal_cachectrl_control)
c:\Users\chris\Documents\Github\arduino-heat-sensor\build\core\core.a(am_hal_queue.c.o)
                              c:\Users\chris\Documents\Github\arduino-heat-sensor\build\core\core.a(am_hal_uart.c.o) (am_hal_queue_init)
c:\Users\chris\Documents\Github\arduino-heat-sensor\build\core\core.a(am_hal_stimer.c.o)
                              c:\Users\chris\Documents\Github\arduino-heat-sensor\build\core\core.a(ap3_timing.cpp.o) (am_hal_stimer_counter_get)
c:\Users\chris\Documents\Github\arduino-heat-sensor\build\core\core.a(am_util_delay.c.o)
                              c:\Users\chris\Documents\Github\arduino-heat-sensor\build\core\core.a(ap3_timing.cpp.o) (am_util_delay_ms)
c:\Users\chris\Documents\Github\arduino-heat-sensor\build\core\core.a(dtostrf.c.o)
                              c:\Users\chris\Documents\Github\arduino-heat-sensor\build\core\core.a(WString.cpp.o) (dtostrf)
c:\Users\chris\Documents\Github\arduino-heat-sensor\build\core\core.a(itoa.c.o)
                              c:\Users\chris\Documents\Github\arduino-heat-sensor\build\core\core.a(WString.cpp.o) (ltoa)
[...]
Memory Configuration

Name             Origin             Length             Attributes
FLASH            0x00010000         0x000f0000         xr
SRAM             0x10000000         0x00060000         xrw
*default*        0x00000000         0xffffffff

Linker script and memory map

LOAD c:\Users\chris\Documents\Github\arduino-heat-sensor\build\sketch\arduino-heat-sensor.ino.cpp.o
LOAD c:\Users\chris\Documents\Github\arduino-heat-sensor\build\core\bsp\am_bsp.c.o
LOAD c:\Users\chris\Documents\Github\arduino-heat-sensor\build\core\bsp\am_bsp_pins.c.o
LOAD c:\Users\chris\Documents\Github\arduino-heat-sensor\build\core\startup\startup_gcc.c.o
LOAD c:\Users\chris\Documents\Github\arduino-heat-sensor\build\core\config\variant.cpp.o
LOAD c:\Users\chris\Documents\Github\arduino-heat-sensor\build\core\core.a
LOAD C:\Users\chris\AppData\Local\Arduino15\packages\SparkFun\hardware\apollo3\1.2.0/cores/arduino/am_sdk_ap3/CMSIS/ARM/Lib/ARM\libarm_cortexM4lf_math.a
START GROUP
LOAD c:/users/chris/appdata/local/arduino15/packages/sparkfun/tools/arm-none-eabi-gcc/8-2018-q4-major/bin/../lib/gcc/arm-none-eabi/8.2.1/../../../../arm-none-eabi/lib/thumb/v7e-m+fp/hard\libm.a
LOAD c:/users/chris/appdata/local/arduino15/packages/sparkfun/tools/arm-none-eabi-gcc/8-2018-q4-major/bin/../lib/gcc/arm-none-eabi/8.2.1/../../../../arm-none-eabi/lib/thumb/v7e-m+fp/hard\libc_nano.a
LOAD c:/users/chris/appdata/local/arduino15/packages/sparkfun/tools/arm-none-eabi-gcc/8-2018-q4-major/bin/../lib/gcc/arm-none-eabi/8.2.1/thumb/v7e-m+fp/hard\libgcc.a
END GROUP
LOAD c:/users/chris/appdata/local/arduino15/packages/sparkfun/tools/arm-none-eabi-gcc/8-2018-q4-major/bin/../lib/gcc/arm-none-eabi/8.2.1/../../../../arm-none-eabi/lib/thumb/v7e-m+fp/hard\libstdc++_nano.a
LOAD c:/users/chris/appdata/local/arduino15/packages/sparkfun/tools/arm-none-eabi-gcc/8-2018-q4-major/bin/../lib/gcc/arm-none-eabi/8.2.1/../../../../arm-none-eabi/lib/thumb/v7e-m+fp/hard\libc_nano.a
LOAD c:/users/chris/appdata/local/arduino15/packages/sparkfun/tools/arm-none-eabi-gcc/8-2018-q4-major/bin/../lib/gcc/arm-none-eabi/8.2.1/../../../../arm-none-eabi/lib/thumb/v7e-m+fp/hard\libnosys.a
LOAD c:/users/chris/appdata/local/arduino15/packages/sparkfun/tools/arm-none-eabi-gcc/8-2018-q4-major/bin/../lib/gcc/arm-none-eabi/8.2.1/../../../../arm-none-eabi/lib/thumb/v7e-m+fp/hard\libm.a

.text           0x00010000     0x54a8
                0x00010000                . = ALIGN (0x4)
 *(.isr_vector)
 .isr_vector    0x00010000       0xd0 c:\Users\chris\Documents\Github\arduino-heat-sensor\build\core\startup\startup_gcc.c.o
                0x00010000                g_am_pfnVectors
 *(.patch)
 .patch         0x000100d0       0x30 c:\Users\chris\Documents\Github\arduino-heat-sensor\build\core\startup\startup_gcc.c.o
                0x000100d0                __Patchable
 *(.text)
 .text          0x00010100       0x10 c:/users/chris/appdata/local/arduino15/packages/sparkfun/tools/arm-none-eabi-gcc/8-2018-q4-major/bin/../lib/gcc/arm-none-eabi/8.2.1/../../../../arm-none-eabi/lib/thumb/v7e-m+fp/hard\libc_nano.a(lib_a-strlen.o)
                0x00010100                strlen
 .text          0x00010110       0xa0 c:/users/chris/appdata/local/arduino15/packages/sparkfun/tools/arm-none-eabi-gcc/8-2018-q4-major/bin/../lib/gcc/arm-none-eabi/8.2.1/../../../../arm-none-eabi/lib/thumb/v7e-m+fp/hard\libc_nano.a(lib_a-memchr.o)
                0x00010110                memchr
 .text          0x000101b0      0x378 c:/users/chris/appdata/local/arduino15/packages/sparkfun/tools/arm-none-eabi-gcc/8-2018-q4-major/bin/../lib/gcc/arm-none-eabi/8.2.1/thumb/v7e-m+fp/hard\libgcc.a(_arm_addsubdf3.o)
                0x000101b0                __aeabi_drsub
                0x000101b8                __aeabi_dsub
                0x000101b8                __subdf3
                0x000101bc                __aeabi_dadd
                0x000101bc                __adddf3
                0x00010434                __floatunsidf
                0x00010434                __aeabi_ui2d
                0x00010454                __floatsidf
                0x00010454                __aeabi_i2d
                0x00010478                __aeabi_f2d
                0x00010478                __extendsfdf2
                0x000104bc                __floatundidf
                0x000104bc                __aeabi_ul2d
                0x000104cc                __floatdidf
                0x000104cc                __aeabi_l2d
 .text          0x00010528      0x424 c:/users/chris/appdata/local/arduino15/packages/sparkfun/tools/arm-none-eabi-gcc/8-2018-q4-major/bin/../lib/gcc/arm-none-eabi/8.2.1/thumb/v7e-m+fp/hard\libgcc.a(_arm_muldivdf3.o)
                0x00010528                __aeabi_dmul
                0x00010528                __muldf3
                0x0001077c                __divdf3
                0x0001077c                __aeabi_ddiv
 .text          0x0001094c      0x110 c:/users/chris/appdata/local/arduino15/packages/sparkfun/tools/arm-none-eabi-gcc/8-2018-q4-major/bin/../lib/gcc/arm-none-eabi/8.2.1/thumb/v7e-m+fp/hard\libgcc.a(_arm_cmpdf2.o)
                0x0001094c                __gtdf2
                0x0001094c                __gedf2
                0x00010954                __ltdf2
                0x00010954                __ledf2
                0x0001095c                __nedf2
                0x0001095c                __eqdf2
                0x0001095c                __cmpdf2
                0x000109d8                __aeabi_cdrcmple
                0x000109e8                __aeabi_cdcmpeq
                0x000109e8                __aeabi_cdcmple
                0x000109f8                __aeabi_dcmpeq
                0x00010a0c                __aeabi_dcmplt
                0x00010a20                __aeabi_dcmple
                0x00010a34                __aeabi_dcmpge
                0x00010a48                __aeabi_dcmpgt
 .text          0x00010a5c       0x2c c:/users/chris/appdata/local/arduino15/packages/sparkfun/tools/arm-none-eabi-gcc/8-2018-q4-major/bin/../lib/gcc/arm-none-eabi/8.2.1/thumb/v7e-m+fp/hard\libgcc.a(_arm_unorddf2.o)
                0x00010a5c                __unorddf2
                0x00010a5c                __aeabi_dcmpun
 .text          0x00010a88       0x50 c:/users/chris/appdata/local/arduino15/packages/sparkfun/tools/arm-none-eabi-gcc/8-2018-q4-major/bin/../lib/gcc/arm-none-eabi/8.2.1/thumb/v7e-m+fp/hard\libgcc.a(_arm_fixdfsi.o)
                0x00010a88                __aeabi_d2iz
                0x00010a88                __fixdfsi
 .text          0x00010ad8       0x30 c:/users/chris/appdata/local/arduino15/packages/sparkfun/tools/arm-none-eabi-gcc/8-2018-q4-major/bin/../lib/gcc/arm-none-eabi/8.2.1/thumb/v7e-m+fp/hard\libgcc.a(_aeabi_uldivmod.o)
                0x00010ad8                __aeabi_uldivmod
 .text          0x00010b08      0x2d0 c:/users/chris/appdata/local/arduino15/packages/sparkfun/tools/arm-none-eabi-gcc/8-2018-q4-major/bin/../lib/gcc/arm-none-eabi/8.2.1/thumb/v7e-m+fp/hard\libgcc.a(_udivmoddi4.o)
                0x00010b08                __udivmoddi4
 .text          0x00010dd8        0x4 c:/users/chris/appdata/local/arduino15/packages/sparkfun/tools/arm-none-eabi-gcc/8-2018-q4-major/bin/../lib/gcc/arm-none-eabi/8.2.1/thumb/v7e-m+fp/hard\libgcc.a(_dvmd_tls.o)
                0x00010dd8                __aeabi_idiv0
                0x00010dd8                __aeabi_ldiv0
 *(.text*)
 .text._Z9to_serial6String
                0x00010ddc       0x4c c:\Users\chris\Documents\Github\arduino-heat-sensor\build\sketch\arduino-heat-sensor.ino.cpp.o
                0x00010ddc                to_serial(String)
 .text.loop     0x00010e28        0x2 c:\Users\chris\Documents\Github\arduino-heat-sensor\build\sketch\arduino-heat-sensor.ino.cpp.o
                0x00010e28                loop
 *fill*         0x00010e2a        0x2 
 .text.startup._GLOBAL__sub_I__Z9to_serial6String
                0x00010e2c       0x4c c:\Users\chris\Documents\Github\arduino-heat-sensor\build\sketch\arduino-heat-sensor.ino.cpp.o
 .text.setup    0x00010e78       0x78 c:\Users\chris\Documents\Github\arduino-heat-sensor\build\sketch\arduino-heat-sensor.ino.cpp.o
                0x00010e78                setup
 .text.am_bsp_itm_printf_disable
                0x00010ef0       0x10 c:\Users\chris\Documents\Github\arduino-heat-sensor\build\core\bsp\am_bsp.c.o
                0x00010ef0                am_bsp_itm_printf_disable
 .text.am_bsp_low_power_init
                0x00010f00       0x40 c:\Users\chris\Documents\Github\arduino-heat-sensor\build\core\bsp\am_bsp.c.o
                0x00010f00                am_bsp_low_power_init
 .text.NMI_Handler
                0x00010f40        0x2 c:\Users\chris\Documents\Github\arduino-heat-sensor\build\core\startup\startup_gcc.c.o
                0x00010f40                NMI_Handler
 .text.HardFault_Handler
                0x00010f42        0x2 c:\Users\chris\Documents\Github\arduino-heat-sensor\build\core\startup\startup_gcc.c.o
                0x00010f42                UsageFault_Handler
                0x00010f42                MemManage_Handler
                0x00010f42                BusFault_Handler
                0x00010f42                HardFault_Handler
 .text.am_default_isr
                0x00010f44        0x2 c:\Users\chris\Documents\Github\arduino-heat-sensor\build\core\startup\startup_gcc.c.o
                0x00010f44                DebugMon_Handler
                0x00010f44                am_iomaster4_isr
                0x00010f44                SysTick_Handler
                0x00010f44                PendSV_Handler
                0x00010f44                am_rtc_isr
                0x00010f44                am_stimer_cmpr3_isr
                0x00010f44                am_adc_isr
                0x00010f44                am_iomaster3_isr
                0x00010f44                am_clkgen_isr
                0x00010f44                am_software0_isr
                0x00010f44                am_stimer_cmpr5_isr
                0x00010f44                am_iomaster5_isr
                0x00010f44                am_ctimer_isr
                0x00010f44                am_mspi_isr
                0x00010f44                am_ioslave_acc_isr
                0x00010f44                am_software1_isr
                0x00010f44                am_pdm_isr
                0x00010f44                am_stimer_cmpr6_isr
                0x00010f44                am_iomaster1_isr
                0x00010f44                am_brownout_isr
                0x00010f44                am_vcomp_isr
                0x00010f44                am_stimer_cmpr1_isr
                0x00010f44                am_iomaster2_isr
                0x00010f44                SVC_Handler
                0x00010f44                am_stimer_cmpr2_isr
                0x00010f44                am_ioslave_ios_isr
                0x00010f44                am_stimer_cmpr7_isr
                0x00010f44                am_scard_isr
                0x00010f44                am_watchdog_isr
                0x00010f44                am_stimer_cmpr0_isr
                0x00010f44                am_software3_isr
                0x00010f44                am_iomaster0_isr
                0x00010f44                am_ble_isr
                0x00010f44                am_software2_isr
                0x00010f44                am_stimer_cmpr4_isr
                0x00010f44                am_default_isr
 *fill*         0x00010f46        0x2 
 .text.Reset_Handler
                0x00010f48       0x68 c:\Users\chris\Documents\Github\arduino-heat-sensor\build\core\startup\startup_gcc.c.o
                0x00010f48                Reset_Handler
 .text.startup._GLOBAL__sub_I_ap3_variant_pinmap
                0x00010fb0       0x30 c:\Users\chris\Documents\Github\arduino-heat-sensor\build\core\config\variant.cpp.o
 .text.am_hal_clkgen_control
                0x00010fe0       0xfc c:\Users\chris\Documents\Github\arduino-heat-sensor\build\core\core.a(am_hal_clkgen.c.o)
                0x00010fe0                am_hal_clkgen_control
 .text.am_hal_clkgen_status_get
                0x000110dc       0x34 c:\Users\chris\Documents\Github\arduino-heat-sensor\build\core\core.a(am_hal_clkgen.c.o)
                0x000110dc                am_hal_clkgen_status_get
 .text.am_hal_flash_delay
                0x00011110       0x20 c:\Users\chris\Documents\Github\arduino-heat-sensor\build\core\core.a(am_hal_flash.c.o)
                0x00011110                am_hal_flash_delay
 .text.am_hal_flash_delay_status_check
                0x00011130       0x34 c:\Users\chris\Documents\Github\arduino-heat-sensor\build\core\core.a(am_hal_flash.c.o)
                0x00011130                am_hal_flash_delay_status_check
 .text.am_hal_flash_load_ui32
                0x00011164        0x8 c:\Users\chris\Documents\Github\arduino-heat-sensor\build\core\core.a(am_hal_flash.c.o)
                0x00011164                am_hal_flash_load_ui32
 .text.am_hal_flash_store_ui32
                0x0001116c        0xc c:\Users\chris\Documents\Github\arduino-heat-sensor\build\core\core.a(am_hal_flash.c.o)
                0x0001116c                am_hal_flash_store_ui32
 .text.am_hal_gpio_pinconfig
                0x00011178      0x234 c:\Users\chris\Documents\Github\arduino-heat-sensor\build\core\core.a(am_hal_gpio.c.o)
                0x00011178                am_hal_gpio_pinconfig
 .text.am_hal_gpio_state_write
                0x000113ac       0x78 c:\Users\chris\Documents\Github\arduino-heat-sensor\build\core\core.a(am_hal_gpio.c.o)
                0x000113ac                am_hal_gpio_state_write
 .text.am_hal_gpio_interrupt_clear
                0x00011424       0x38 c:\Users\chris\Documents\Github\arduino-heat-sensor\build\core\core.a(am_hal_gpio.c.o)
                0x00011424                am_hal_gpio_interrupt_clear
 .text.am_hal_gpio_interrupt_status_get
                0x0001145c       0x48 c:\Users\chris\Documents\Github\arduino-heat-sensor\build\core\core.a(am_hal_gpio.c.o)
                0x0001145c                am_hal_gpio_interrupt_status_get
 .text.am_hal_interrupt_master_enable
                0x000114a4        0x8 c:\Users\chris\Documents\Github\arduino-heat-sensor\build\core\core.a(am_hal_interrupt.c.o)
                0x000114a4                am_hal_interrupt_master_enable
 .text.am_hal_interrupt_master_disable
                0x000114ac        0x8 c:\Users\chris\Documents\Github\arduino-heat-sensor\build\core\core.a(am_hal_interrupt.c.o)
                0x000114ac                am_hal_interrupt_master_disable
 .text.am_hal_interrupt_master_set
                0x000114b4        0x6 c:\Users\chris\Documents\Github\arduino-heat-sensor\build\core\core.a(am_hal_interrupt.c.o)
                0x000114b4                am_hal_interrupt_master_set
 *fill*         0x000114ba        0x2 
 .text.am_hal_itm_enable
                0x000114bc       0x3c c:\Users\chris\Documents\Github\arduino-heat-sensor\build\core\core.a(am_hal_itm.c.o)
                0x000114bc                am_hal_itm_enable
 .text.am_hal_itm_not_busy
                0x000114f8       0x14 c:\Users\chris\Documents\Github\arduino-heat-sensor\build\core\core.a(am_hal_itm.c.o)
                0x000114f8                am_hal_itm_not_busy
 .text.am_hal_itm_disable
                0x0001150c       0x6c c:\Users\chris\Documents\Github\arduino-heat-sensor\build\core\core.a(am_hal_itm.c.o)
                0x0001150c                am_hal_itm_disable
 .text.am_hal_pwrctrl_periph_enable
                0x00011578       0x50 c:\Users\chris\Documents\Github\arduino-heat-sensor\build\core\core.a(am_hal_pwrctrl.c.o)
                0x00011578                am_hal_pwrctrl_periph_enable
 .text.am_hal_pwrctrl_periph_disable
                0x000115c8       0x50 c:\Users\chris\Documents\Github\arduino-heat-sensor\build\core\core.a(am_hal_pwrctrl.c.o)
                0x000115c8                am_hal_pwrctrl_periph_disable
 .text.am_hal_pwrctrl_low_power_init
                0x00011618      0x140 c:\Users\chris\Documents\Github\arduino-heat-sensor\build\core\core.a(am_hal_pwrctrl.c.o)
                0x00011618                am_hal_pwrctrl_low_power_init
 .text.am_hal_rtc_osc_disable
                0x00011758       0x14 c:\Users\chris\Documents\Github\arduino-heat-sensor\build\core\core.a(am_hal_rtc.c.o)
                0x00011758                am_hal_rtc_osc_disable
 .text.uart_fifo_read
                0x0001176c       0x34 c:\Users\chris\Documents\Github\arduino-heat-sensor\build\core\core.a(am_hal_uart.c.o)
 .text.uart_fifo_write
                0x000117a0       0x2a c:\Users\chris\Documents\Github\arduino-heat-sensor\build\core\core.a(am_hal_uart.c.o)
 *fill*         0x000117ca        0x2 
 .text.rx_queue_update
                0x000117cc       0x40 c:\Users\chris\Documents\Github\arduino-heat-sensor\build\core\core.a(am_hal_uart.c.o)
 .text.tx_queue_update
                0x0001180c       0x52 c:\Users\chris\Documents\Github\arduino-heat-sensor\build\core\core.a(am_hal_uart.c.o)
 .text.write_nonblocking.part.0
                0x0001185e       0x42 c:\Users\chris\Documents\Github\arduino-heat-sensor\build\core\core.a(am_hal_uart.c.o)
 .text.read_nonblocking.part.1
                0x000118a0       0x46 c:\Users\chris\Documents\Github\arduino-heat-sensor\build\core\core.a(am_hal_uart.c.o)
 *fill*         0x000118e6        0x2 
 .text.am_hal_uart_initialize
                0x000118e8       0x48 c:\Users\chris\Documents\Github\arduino-heat-sensor\build\core\core.a(am_hal_uart.c.o)
                0x000118e8                am_hal_uart_initialize
 .text.am_hal_uart_deinitialize
                0x00011930       0x28 c:\Users\chris\Documents\Github\arduino-heat-sensor\build\core\core.a(am_hal_uart.c.o)
                0x00011930                am_hal_uart_deinitialize
 .text.am_hal_uart_transfer
                0x00011958      0x150 c:\Users\chris\Documents\Github\arduino-heat-sensor\build\core\core.a(am_hal_uart.c.o)
                0x00011958                am_hal_uart_transfer
 .text.am_hal_uart_tx_flush
                0x00011aa8       0x48 c:\Users\chris\Documents\Github\arduino-heat-sensor\build\core\core.a(am_hal_uart.c.o)
                0x00011aa8                am_hal_uart_tx_flush
 .text.am_hal_uart_interrupt_service
                0x00011af0       0x8c c:\Users\chris\Documents\Github\arduino-heat-sensor\build\core\core.a(am_hal_uart.c.o)
                0x00011af0                am_hal_uart_interrupt_service
 .text.am_hal_uart_interrupt_enable
                0x00011b7c       0x28 c:\Users\chris\Documents\Github\arduino-heat-sensor\build\core\core.a(am_hal_uart.c.o)
                0x00011b7c                am_hal_uart_interrupt_enable
 .text.am_hal_uart_interrupt_disable
                0x00011ba4       0x2c c:\Users\chris\Documents\Github\arduino-heat-sensor\build\core\core.a(am_hal_uart.c.o)
                0x00011ba4                am_hal_uart_interrupt_disable
 .text.am_hal_uart_configure
                0x00011bd0      0x1bc c:\Users\chris\Documents\Github\arduino-heat-sensor\build\core\core.a(am_hal_uart.c.o)
                0x00011bd0                am_hal_uart_configure
 .text.am_hal_uart_interrupt_clear
                0x00011d8c       0x24 c:\Users\chris\Documents\Github\arduino-heat-sensor\build\core\core.a(am_hal_uart.c.o)
                0x00011d8c                am_hal_uart_interrupt_clear
 .text.am_hal_uart_power_control
                0x00011db0       0xc4 c:\Users\chris\Documents\Github\arduino-heat-sensor\build\core\core.a(am_hal_uart.c.o)
                0x00011db0                am_hal_uart_power_control
 .text.am_hal_uart_interrupt_status_get
                0x00011e74       0x30 c:\Users\chris\Documents\Github\arduino-heat-sensor\build\core\core.a(am_hal_uart.c.o)
                0x00011e74                am_hal_uart_interrupt_status_get
 .text.am_util_stdio_printf_init
                0x00011ea4        0xc c:\Users\chris\Documents\Github\arduino-heat-sensor\build\core\core.a(am_util_stdio.c.o)
                0x00011ea4                am_util_stdio_printf_init
 .text._ZN5Print5writeEPKc
                0x00011eb0       0x20 c:\Users\chris\Documents\Github\arduino-heat-sensor\build\core\core.a(Print.cpp.o)
                0x00011eb0                Print::write(char const*)
 .text._ZN5Print5printERK6String
                0x00011ed0        0xa c:\Users\chris\Documents\Github\arduino-heat-sensor\build\core\core.a(Print.cpp.o)
                0x00011ed0                Print::print(String const&)
 *fill*         0x00011eda        0x2 
 .text._ZN5Print7printlnEv
                0x00011edc       0x10 c:\Users\chris\Documents\Github\arduino-heat-sensor\build\core\core.a(Print.cpp.o)
                0x00011edc                Print::println()
 .text._ZN5Print7printlnERK6String
                0x00011eec       0x14 c:\Users\chris\Documents\Github\arduino-heat-sensor\build\core\core.a(Print.cpp.o)
                0x00011eec                Print::println(String const&)
 .text._ZN6StringD2Ev
                0x00011f00        0xe c:\Users\chris\Documents\Github\arduino-heat-sensor\build\core\core.a(WString.cpp.o)
                0x00011f00                String::~String()
                0x00011f00                String::~String()
 .text._ZN6String10invalidateEv
                0x00011f0e       0x16 c:\Users\chris\Documents\Github\arduino-heat-sensor\build\core\core.a(WString.cpp.o)
                0x00011f0e                String::invalidate()
 .text._ZN6String12changeBufferEj
                0x00011f24       0x18 c:\Users\chris\Documents\Github\arduino-heat-sensor\build\core\core.a(WString.cpp.o)
                0x00011f24                String::changeBuffer(unsigned int)
 .text._ZN6String7reserveEj
                0x00011f3c       0x28 c:\Users\chris\Documents\Github\arduino-heat-sensor\build\core\core.a(WString.cpp.o)
                0x00011f3c                String::reserve(unsigned int)
 .text._ZN6String4copyEPKcj
                0x00011f64       0x26 c:\Users\chris\Documents\Github\arduino-heat-sensor\build\core\core.a(WString.cpp.o)
                0x00011f64                String::copy(char const*, unsigned int)
 .text._ZN6StringC2EPKc
                0x00011f8a       0x24 c:\Users\chris\Documents\Github\arduino-heat-sensor\build\core\core.a(WString.cpp.o)
                0x00011f8a                String::String(char const*)
                0x00011f8a                String::String(char const*)
 .text._ZN6StringaSERKS_
                0x00011fae       0x1e c:\Users\chris\Documents\Github\arduino-heat-sensor\build\core\core.a(WString.cpp.o)
                0x00011fae                String::operator=(String const&)
 .text._ZN6StringC2ERKS_
                0x00011fcc       0x14 c:\Users\chris\Documents\Github\arduino-heat-sensor\build\core\core.a(WString.cpp.o)
                0x00011fcc                String::String(String const&)
                0x00011fcc                String::String(String const&)
 .text._ZN6String6concatEPKcj
                0x00011fe0       0x2e c:\Users\chris\Documents\Github\arduino-heat-sensor\build\core\core.a(WString.cpp.o)
                0x00011fe0                String::concat(char const*, unsigned int)
 .text._ZN6String6concatERKS_
                0x0001200e        0x8 c:\Users\chris\Documents\Github\arduino-heat-sensor\build\core\core.a(WString.cpp.o)
                0x0001200e                String::concat(String const&)
 .text._ZN6String6concatEPKc
                0x00012016       0x1e c:\Users\chris\Documents\Github\arduino-heat-sensor\build\core\core.a(WString.cpp.o)
                0x00012016                String::concat(char const*)
 .text._Z16ap3_variant_initv
                0x00012034        0x2 c:\Users\chris\Documents\Github\arduino-heat-sensor\build\core\core.a(main.cpp.o)
                0x00012034                ap3_variant_init()
 .text._init    0x00012036        0x2 c:\Users\chris\Documents\Github\arduino-heat-sensor\build\core\core.a(main.cpp.o)
                0x00012036                _init
 .text.startup.main
                0x00012038       0x18 c:\Users\chris\Documents\Github\arduino-heat-sensor\build\core\core.a(main.cpp.o)
                0x00012038                main
 .text._Z11_fill_ticksv
                0x00012050       0x24 c:\Users\chris\Documents\Github\arduino-heat-sensor\build\core\core.a(ap3_timing.cpp.o)
                0x00012050                _fill_ticks()
 .text._Z6millisv
                0x00012074       0x1c c:\Users\chris\Documents\Github\arduino-heat-sensor\build\core\core.a(ap3_timing.cpp.o)
                0x00012074                millis()
 .text._Z5delaym
                0x00012090        0x4 c:\Users\chris\Documents\Github\arduino-heat-sensor\build\core\core.a(ap3_timing.cpp.o)
                0x00012090                delay(unsigned long)
 .text.am_stimer_isr
                0x00012094       0x18 c:\Users\chris\Documents\Github\arduino-heat-sensor\build\core\core.a(ap3_timing.cpp.o)
                0x00012094                am_stimer_isr
 .text._ZN4UartcvbEv
                0x000120ac        0x4 c:\Users\chris\Documents\Github\arduino-heat-sensor\build\core\core.a(ap3_uart.cpp.o)
                0x000120ac                Uart::operator bool()
 .text._ZN4Uart5beginEm
                0x000120b0        0x8 c:\Users\chris\Documents\Github\arduino-heat-sensor\build\core\core.a(ap3_uart.cpp.o)
                0x000120b0                Uart::begin(unsigned long)
 .text._ZN4Uart5writeEh
                0x000120b8       0x18 c:\Users\chris\Documents\Github\arduino-heat-sensor\build\core\core.a(ap3_uart.cpp.o)
                0x000120b8                Uart::write(unsigned char)
 .text._ZN4Uart9availableEv
                0x000120d0       0x16 c:\Users\chris\Documents\Github\arduino-heat-sensor\build\core\core.a(ap3_uart.cpp.o)
                0x000120d0                Uart::available()
 .text._ZN4Uart17availableForWriteEv
                0x000120e6       0x30 c:\Users\chris\Documents\Github\arduino-heat-sensor\build\core\core.a(ap3_uart.cpp.o)
                0x000120e6                Uart::availableForWrite()
 .text._ZN4Uart4peekEv
                0x00012116       0x1c c:\Users\chris\Documents\Github\arduino-heat-sensor\build\core\core.a(ap3_uart.cpp.o)
                0x00012116                Uart::peek()
 .text._ZN4Uart4readEv
                0x00012132       0x2a c:\Users\chris\Documents\Github\arduino-heat-sensor\build\core\core.a(ap3_uart.cpp.o)
                0x00012132                Uart::read()
 .text._ZN4Uart3endEv
                0x0001215c       0x48 c:\Users\chris\Documents\Github\arduino-heat-sensor\build\core\core.a(ap3_uart.cpp.o)
                0x0001215c                Uart::end()
 .text._ZN4Uart5flushEv
                0x000121a4        0xa c:\Users\chris\Documents\Github\arduino-heat-sensor\build\core\core.a(ap3_uart.cpp.o)
                0x000121a4                Uart::flush()
 .text._ZN4Uart5writeEPKhj
                0x000121ae       0x7e c:\Users\chris\Documents\Github\arduino-heat-sensor\build\core\core.a(ap3_uart.cpp.o)
                0x000121ae                Uart::write(unsigned char const*, unsigned int)
 .text._ZN4UartC2Ehhhhh
                0x0001222c       0xa4 c:\Users\chris\Documents\Github\arduino-heat-sensor\build\core\core.a(ap3_uart.cpp.o)
                0x0001222c                Uart::Uart(unsigned char, unsigned char, unsigned char, unsigned char, unsigned char)
                0x0001222c                Uart::Uart(unsigned char, unsigned char, unsigned char, unsigned char, unsigned char)
 .text._ZN4Uart10set_configE23HardwareSerial_Config_e
                0x000122d0      0x192 c:\Users\chris\Documents\Github\arduino-heat-sensor\build\core\core.a(ap3_uart.cpp.o)
                0x000122d0                Uart::set_config(HardwareSerial_Config_e)
 *fill*         0x00012462        0x2 
 .text._Z20ap3_uart_pad_funcselh19ap3_uart_pad_type_ehPh
                0x00012464       0x60 c:\Users\chris\Documents\Github\arduino-heat-sensor\build\core\core.a(ap3_uart.cpp.o)
                0x00012464                ap3_uart_pad_funcsel(unsigned char, ap3_uart_pad_type_e, unsigned char, unsigned char*)
 .text._ZN4Uart6_beginEv
                0x000124c4      0x238 c:\Users\chris\Documents\Github\arduino-heat-sensor\build\core\core.a(ap3_uart.cpp.o)
                0x000124c4                Uart::_begin()
 .text._ZN4Uart5beginEmt
                0x000126fc       0x20 c:\Users\chris\Documents\Github\arduino-heat-sensor\build\core\core.a(ap3_uart.cpp.o)
                0x000126fc                Uart::begin(unsigned long, unsigned short)
 .text._ZN4Uart8uart_isrEv
                0x0001271c       0x7c c:\Users\chris\Documents\Github\arduino-heat-sensor\build\core\core.a(ap3_uart.cpp.o)
                0x0001271c                Uart::uart_isr()
 .text.am_uart_isr
                0x00012798       0x14 c:\Users\chris\Documents\Github\arduino-heat-sensor\build\core\core.a(ap3_uart.cpp.o)
                0x00012798                am_uart_isr
 .text.am_uart1_isr
                0x000127ac       0x14 c:\Users\chris\Documents\Github\arduino-heat-sensor\build\core\core.a(ap3_uart.cpp.o)
                0x000127ac                am_uart1_isr
 .text.set_LPMMODE.part.0
                0x000127c0       0x34 c:\Users\chris\Documents\Github\arduino-heat-sensor\build\core\core.a(am_hal_cachectrl.c.o)
 .text.set_SEDELAY.part.1
                0x000127f4       0x34 c:\Users\chris\Documents\Github\arduino-heat-sensor\build\core\core.a(am_hal_cachectrl.c.o)
 .text.set_RDWAIT.part.2
                0x00012828       0x3c c:\Users\chris\Documents\Github\arduino-heat-sensor\build\core\core.a(am_hal_cachectrl.c.o)
 .text.am_hal_cachectrl_config
                0x00012864       0x44 c:\Users\chris\Documents\Github\arduino-heat-sensor\build\core\core.a(am_hal_cachectrl.c.o)
                0x00012864                am_hal_cachectrl_config
 .text.am_hal_cachectrl_enable
                0x000128a8       0x14 c:\Users\chris\Documents\Github\arduino-heat-sensor\build\core\core.a(am_hal_cachectrl.c.o)
                0x000128a8                am_hal_cachectrl_enable
 .text.am_hal_cachectrl_control
                0x000128bc      0x14c c:\Users\chris\Documents\Github\arduino-heat-sensor\build\core\core.a(am_hal_cachectrl.c.o)
                0x000128bc                am_hal_cachectrl_control
 .text.am_hal_queue_init
                0x00012a08       0x12 c:\Users\chris\Documents\Github\arduino-heat-sensor\build\core\core.a(am_hal_queue.c.o)
                0x00012a08                am_hal_queue_init
 .text.am_hal_queue_item_add
                0x00012a1a       0x56 c:\Users\chris\Documents\Github\arduino-heat-sensor\build\core\core.a(am_hal_queue.c.o)
                0x00012a1a                am_hal_queue_item_add
 .text.am_hal_queue_item_get
                0x00012a70       0x52 c:\Users\chris\Documents\Github\arduino-heat-sensor\build\core\core.a(am_hal_queue.c.o)
                0x00012a70                am_hal_queue_item_get
 *fill*         0x00012ac2        0x2 
 .text.am_hal_stimer_config
                0x00012ac4       0x14 c:\Users\chris\Documents\Github\arduino-heat-sensor\build\core\core.a(am_hal_stimer.c.o)
                0x00012ac4                am_hal_stimer_config
 .text.am_hal_stimer_counter_get
                0x00012ad8        0xc c:\Users\chris\Documents\Github\arduino-heat-sensor\build\core\core.a(am_hal_stimer.c.o)
                0x00012ad8                am_hal_stimer_counter_get
 .text.am_hal_stimer_int_enable
                0x00012ae4       0x14 c:\Users\chris\Documents\Github\arduino-heat-sensor\build\core\core.a(am_hal_stimer.c.o)
                0x00012ae4                am_hal_stimer_int_enable
 .text.am_hal_stimer_int_clear
                0x00012af8        0xc c:\Users\chris\Documents\Github\arduino-heat-sensor\build\core\core.a(am_hal_stimer.c.o)
                0x00012af8                am_hal_stimer_int_clear
 .text.am_util_delay_ms
                0x00012b04       0x1e c:\Users\chris\Documents\Github\arduino-heat-sensor\build\core\core.a(am_util_delay.c.o)
                0x00012b04                am_util_delay_ms
 *fill*         0x00012b22        0x2 
 .text._Z16ap3_gpio_pin2padh
                0x00012b24        0xc c:\Users\chris\Documents\Github\arduino-heat-sensor\build\core\core.a(ap3_gpio.cpp.o)
                0x00012b24                ap3_gpio_pin2pad(unsigned char)
 .text._Z7padModeh20am_hal_gpio_pincfg_tP9ap3_err_t
                0x00012b30       0x38 c:\Users\chris\Documents\Github\arduino-heat-sensor\build\core\core.a(ap3_gpio.cpp.o)
                0x00012b30                padMode(unsigned char, am_hal_gpio_pincfg_t, ap3_err_t*)
 .text._Z7pinModeh20am_hal_gpio_pincfg_tP9ap3_err_t
                0x00012b68        0xc c:\Users\chris\Documents\Github\arduino-heat-sensor\build\core\core.a(ap3_gpio.cpp.o)
                0x00012b68                pinMode(unsigned char, am_hal_gpio_pincfg_t, ap3_err_t*)
 .text._Z12digitalWritehh
                0x00012b74       0x30 c:\Users\chris\Documents\Github\arduino-heat-sensor\build\core\core.a(ap3_gpio.cpp.o)
                0x00012b74                digitalWrite(unsigned char, unsigned char)
 .text._Z11digitalReadh
                0x00012ba4       0x58 c:\Users\chris\Documents\Github\arduino-heat-sensor\build\core\core.a(ap3_gpio.cpp.o)
                0x00012ba4                digitalRead(unsigned char)
 .text.am_gpio_isr
                0x00012bfc       0xd4 c:\Users\chris\Documents\Github\arduino-heat-sensor\build\core\core.a(ap3_gpio.cpp.o)
                0x00012bfc                am_gpio_isr
 .text._Z8ap3_initv
                0x00012cd0       0x48 c:\Users\chris\Documents\Github\arduino-heat-sensor\build\core\core.a(ap3_initialization.cpp.o)
                0x00012cd0                ap3_init()
 .text.__aeabi_atexit
                0x00012d18        0xa c:/users/chris/appdata/local/arduino15/packages/sparkfun/tools/arm-none-eabi-gcc/8-2018-q4-major/bin/../lib/gcc/arm-none-eabi/8.2.1/../../../../arm-none-eabi/lib/thumb/v7e-m+fp/hard\libc_nano.a(lib_a-aeabi_atexit.o)
                0x00012d18                __aeabi_atexit
 *fill*         0x00012d22        0x2 
 .text.__cxa_atexit
                0x00012d24       0x1c c:/users/chris/appdata/local/arduino15/packages/sparkfun/tools/arm-none-eabi-gcc/8-2018-q4-major/bin/../lib/gcc/arm-none-eabi/8.2.1/../../../../arm-none-eabi/lib/thumb/v7e-m+fp/hard\libc_nano.a(lib_a-cxa_atexit.o)
                0x00012d24                __cxa_atexit
 .text.__libc_init_array
                0x00012d40       0x48 c:/users/chris/appdata/local/arduino15/packages/sparkfun/tools/arm-none-eabi-gcc/8-2018-q4-major/bin/../lib/gcc/arm-none-eabi/8.2.1/../../../../arm-none-eabi/lib/thumb/v7e-m+fp/hard\libc_nano.a(lib_a-init.o)
                0x00012d40                __libc_init_array
 .text.malloc   0x00012d88       0x10 c:/users/chris/appdata/local/arduino15/packages/sparkfun/tools/arm-none-eabi-gcc/8-2018-q4-major/bin/../lib/gcc/arm-none-eabi/8.2.1/../../../../arm-none-eabi/lib/thumb/v7e-m+fp/hard\libc_nano.a(lib_a-malloc.o)
                0x00012d88                malloc
 .text.free     0x00012d98       0x10 c:/users/chris/appdata/local/arduino15/packages/sparkfun/tools/arm-none-eabi-gcc/8-2018-q4-major/bin/../lib/gcc/arm-none-eabi/8.2.1/../../../../arm-none-eabi/lib/thumb/v7e-m+fp/hard\libc_nano.a(lib_a-malloc.o)
                0x00012d98                free
 .text.memcpy   0x00012da8       0x1c c:/users/chris/appdata/local/arduino15/packages/sparkfun/tools/arm-none-eabi-gcc/8-2018-q4-major/bin/../lib/gcc/arm-none-eabi/8.2.1/../../../../arm-none-eabi/lib/thumb/v7e-m+fp/hard\libc_nano.a(lib_a-memcpy-stub.o)
                0x00012da8                memcpy
 .text.memmove  0x00012dc4       0x34 c:/users/chris/appdata/local/arduino15/packages/sparkfun/tools/arm-none-eabi-gcc/8-2018-q4-major/bin/../lib/gcc/arm-none-eabi/8.2.1/../../../../arm-none-eabi/lib/thumb/v7e-m+fp/hard\libc_nano.a(lib_a-memmove.o)
                0x00012dc4                memmove
 .text.memset   0x00012df8       0x10 c:/users/chris/appdata/local/arduino15/packages/sparkfun/tools/arm-none-eabi-gcc/8-2018-q4-major/bin/../lib/gcc/arm-none-eabi/8.2.1/../../../../arm-none-eabi/lib/thumb/v7e-m+fp/hard\libc_nano.a(lib_a-memset.o)
                0x00012df8                memset
 .text._free_r  0x00012e08       0x9c c:/users/chris/appdata/local/arduino15/packages/sparkfun/tools/arm-none-eabi-gcc/8-2018-q4-major/bin/../lib/gcc/arm-none-eabi/8.2.1/../../../../arm-none-eabi/lib/thumb/v7e-m+fp/hard\libc_nano.a(lib_a-nano-freer.o)
                0x00012e08                _free_r
 .text._malloc_r
                0x00012ea4       0xb4 c:/users/chris/appdata/local/arduino15/packages/sparkfun/tools/arm-none-eabi-gcc/8-2018-q4-major/bin/../lib/gcc/arm-none-eabi/8.2.1/../../../../arm-none-eabi/lib/thumb/v7e-m+fp/hard\libc_nano.a(lib_a-nano-mallocr.o)
                0x00012ea4                _malloc_r
 .text.__cvt    0x00012f58       0xba c:/users/chris/appdata/local/arduino15/packages/sparkfun/tools/arm-none-eabi-gcc/8-2018-q4-major/bin/../lib/gcc/arm-none-eabi/8.2.1/../../../../arm-none-eabi/lib/thumb/v7e-m+fp/hard\libc_nano.a(lib_a-nano-vfprintf_float.o)
                0x00012f58                __cvt
 .text.__exponent
                0x00013012       0x64 c:/users/chris/appdata/local/arduino15/packages/sparkfun/tools/arm-none-eabi-gcc/8-2018-q4-major/bin/../lib/gcc/arm-none-eabi/8.2.1/../../../../arm-none-eabi/lib/thumb/v7e-m+fp/hard\libc_nano.a(lib_a-nano-vfprintf_float.o)
                0x00013012                __exponent
 *fill*         0x00013076        0x2 
 .text._printf_float
                0x00013078      0x45c c:/users/chris/appdata/local/arduino15/packages/sparkfun/tools/arm-none-eabi-gcc/8-2018-q4-major/bin/../lib/gcc/arm-none-eabi/8.2.1/../../../../arm-none-eabi/lib/thumb/v7e-m+fp/hard\libc_nano.a(lib_a-nano-vfprintf_float.o)
                0x00013078                _printf_float
 .text._printf_common
                0x000134d4       0xea c:/users/chris/appdata/local/arduino15/packages/sparkfun/tools/arm-none-eabi-gcc/8-2018-q4-major/bin/../lib/gcc/arm-none-eabi/8.2.1/../../../../arm-none-eabi/lib/thumb/v7e-m+fp/hard\libc_nano.a(lib_a-nano-vfprintf_i.o)
                0x000134d4                _printf_common
 *fill*         0x000135be        0x2 
 .text._printf_i
                0x000135c0      0x228 c:/users/chris/appdata/local/arduino15/packages/sparkfun/tools/arm-none-eabi-gcc/8-2018-q4-major/bin/../lib/gcc/arm-none-eabi/8.2.1/../../../../arm-none-eabi/lib/thumb/v7e-m+fp/hard\libc_nano.a(lib_a-nano-vfprintf_i.o)
                0x000135c0                _printf_i
 .text.realloc  0x000137e8       0x10 c:/users/chris/appdata/local/arduino15/packages/sparkfun/tools/arm-none-eabi-gcc/8-2018-q4-major/bin/../lib/gcc/arm-none-eabi/8.2.1/../../../../arm-none-eabi/lib/thumb/v7e-m+fp/hard\libc_nano.a(lib_a-realloc.o)
                0x000137e8                realloc
 .text._sbrk_r  0x000137f8       0x20 c:/users/chris/appdata/local/arduino15/packages/sparkfun/tools/arm-none-eabi-gcc/8-2018-q4-major/bin/../lib/gcc/arm-none-eabi/8.2.1/../../../../arm-none-eabi/lib/thumb/v7e-m+fp/hard\libc_nano.a(lib_a-sbrkr.o)
                0x000137f8                _sbrk_r
 .text.sprintf  0x00013818       0x40 c:/users/chris/appdata/local/arduino15/packages/sparkfun/tools/arm-none-eabi-gcc/8-2018-q4-major/bin/../lib/gcc/arm-none-eabi/8.2.1/../../../../arm-none-eabi/lib/thumb/v7e-m+fp/hard\libc_nano.a(lib_a-sprintf.o)
                0x00013818                siprintf
                0x00013818                sprintf
 .text.strcpy   0x00013858       0x10 c:/users/chris/appdata/local/arduino15/packages/sparkfun/tools/arm-none-eabi-gcc/8-2018-q4-major/bin/../lib/gcc/arm-none-eabi/8.2.1/../../../../arm-none-eabi/lib/thumb/v7e-m+fp/hard\libc_nano.a(lib_a-strcpy.o)
                0x00013858                strcpy
 .text.quorem   0x00013868      0x112 c:/users/chris/appdata/local/arduino15/packages/sparkfun/tools/arm-none-eabi-gcc/8-2018-q4-major/bin/../lib/gcc/arm-none-eabi/8.2.1/../../../../arm-none-eabi/lib/thumb/v7e-m+fp/hard\libc_nano.a(lib_a-dtoa.o)
 *fill*         0x0001397a        0x6 
 .text._dtoa_r  0x00013980      0xb74 c:/users/chris/appdata/local/arduino15/packages/sparkfun/tools/arm-none-eabi-gcc/8-2018-q4-major/bin/../lib/gcc/arm-none-eabi/8.2.1/../../../../arm-none-eabi/lib/thumb/v7e-m+fp/hard\libc_nano.a(lib_a-dtoa.o)
                0x00013980                _dtoa_r
 .text._localeconv_r
                0x000144f4        0x8 c:/users/chris/appdata/local/arduino15/packages/sparkfun/tools/arm-none-eabi-gcc/8-2018-q4-major/bin/../lib/gcc/arm-none-eabi/8.2.1/../../../../arm-none-eabi/lib/thumb/v7e-m+fp/hard\libc_nano.a(lib_a-localeconv.o)
                0x000144f4                _localeconv_r
 .text.__ascii_mbtowc
                0x000144fc       0x24 c:/users/chris/appdata/local/arduino15/packages/sparkfun/tools/arm-none-eabi-gcc/8-2018-q4-major/bin/../lib/gcc/arm-none-eabi/8.2.1/../../../../arm-none-eabi/lib/thumb/v7e-m+fp/hard\libc_nano.a(lib_a-mbtowc_r.o)
                0x000144fc                __ascii_mbtowc
 .text.__malloc_lock
                0x00014520        0xc c:/users/chris/appdata/local/arduino15/packages/sparkfun/tools/arm-none-eabi-gcc/8-2018-q4-major/bin/../lib/gcc/arm-none-eabi/8.2.1/../../../../arm-none-eabi/lib/thumb/v7e-m+fp/hard\libc_nano.a(lib_a-mlock.o)
                0x00014520                __malloc_lock
 .text.__malloc_unlock
                0x0001452c        0xc c:/users/chris/appdata/local/arduino15/packages/sparkfun/tools/arm-none-eabi-gcc/8-2018-q4-major/bin/../lib/gcc/arm-none-eabi/8.2.1/../../../../arm-none-eabi/lib/thumb/v7e-m+fp/hard\libc_nano.a(lib_a-mlock.o)
                0x0001452c                __malloc_unlock
 .text._Balloc  0x00014538       0x68 c:/users/chris/appdata/local/arduino15/packages/sparkfun/tools/arm-none-eabi-gcc/8-2018-q4-major/bin/../lib/gcc/arm-none-eabi/8.2.1/../../../../arm-none-eabi/lib/thumb/v7e-m+fp/hard\libc_nano.a(lib_a-mprec.o)
                0x00014538                _Balloc
 .text._Bfree   0x000145a0       0x2e c:/users/chris/appdata/local/arduino15/packages/sparkfun/tools/arm-none-eabi-gcc/8-2018-q4-major/bin/../lib/gcc/arm-none-eabi/8.2.1/../../../../arm-none-eabi/lib/thumb/v7e-m+fp/hard\libc_nano.a(lib_a-mprec.o)
                0x000145a0                _Bfree
 .text.__multadd
                0x000145ce       0x76 c:/users/chris/appdata/local/arduino15/packages/sparkfun/tools/arm-none-eabi-gcc/8-2018-q4-major/bin/../lib/gcc/arm-none-eabi/8.2.1/../../../../arm-none-eabi/lib/thumb/v7e-m+fp/hard\libc_nano.a(lib_a-mprec.o)
                0x000145ce                __multadd
 .text.__hi0bits
                0x00014644       0x40 c:/users/chris/appdata/local/arduino15/packages/sparkfun/tools/arm-none-eabi-gcc/8-2018-q4-major/bin/../lib/gcc/arm-none-eabi/8.2.1/../../../../arm-none-eabi/lib/thumb/v7e-m+fp/hard\libc_nano.a(lib_a-mprec.o)
                0x00014644                __hi0bits
 .text.__lo0bits
                0x00014684       0x60 c:/users/chris/appdata/local/arduino15/packages/sparkfun/tools/arm-none-eabi-gcc/8-2018-q4-major/bin/../lib/gcc/arm-none-eabi/8.2.1/../../../../arm-none-eabi/lib/thumb/v7e-m+fp/hard\libc_nano.a(lib_a-mprec.o)
                0x00014684                __lo0bits
 .text.__i2b    0x000146e4       0x12 c:/users/chris/appdata/local/arduino15/packages/sparkfun/tools/arm-none-eabi-gcc/8-2018-q4-major/bin/../lib/gcc/arm-none-eabi/8.2.1/../../../../arm-none-eabi/lib/thumb/v7e-m+fp/hard\libc_nano.a(lib_a-mprec.o)
                0x000146e4                __i2b
 .text.__multiply
                0x000146f6      0x120 c:/users/chris/appdata/local/arduino15/packages/sparkfun/tools/arm-none-eabi-gcc/8-2018-q4-major/bin/../lib/gcc/arm-none-eabi/8.2.1/../../../../arm-none-eabi/lib/thumb/v7e-m+fp/hard\libc_nano.a(lib_a-mprec.o)
                0x000146f6                __multiply
 *fill*         0x00014816        0x2 
 .text.__pow5mult
                0x00014818       0x9c c:/users/chris/appdata/local/arduino15/packages/sparkfun/tools/arm-none-eabi-gcc/8-2018-q4-major/bin/../lib/gcc/arm-none-eabi/8.2.1/../../../../arm-none-eabi/lib/thumb/v7e-m+fp/hard\libc_nano.a(lib_a-mprec.o)
                0x00014818                __pow5mult
 .text.__lshift
                0x000148b4       0xa6 c:/users/chris/appdata/local/arduino15/packages/sparkfun/tools/arm-none-eabi-gcc/8-2018-q4-major/bin/../lib/gcc/arm-none-eabi/8.2.1/../../../../arm-none-eabi/lib/thumb/v7e-m+fp/hard\libc_nano.a(lib_a-mprec.o)
                0x000148b4                __lshift
 .text.__mcmp   0x0001495a       0x34 c:/users/chris/appdata/local/arduino15/packages/sparkfun/tools/arm-none-eabi-gcc/8-2018-q4-major/bin/../lib/gcc/arm-none-eabi/8.2.1/../../../../arm-none-eabi/lib/thumb/v7e-m+fp/hard\libc_nano.a(lib_a-mprec.o)
                0x0001495a                __mcmp
 .text.__mdiff  0x0001498e       0xba c:/users/chris/appdata/local/arduino15/packages/sparkfun/tools/arm-none-eabi-gcc/8-2018-q4-major/bin/../lib/gcc/arm-none-eabi/8.2.1/../../../../arm-none-eabi/lib/thumb/v7e-m+fp/hard\libc_nano.a(lib_a-mprec.o)
                0x0001498e                __mdiff
 .text.__d2b    0x00014a48       0x9c c:/users/chris/appdata/local/arduino15/packages/sparkfun/tools/arm-none-eabi-gcc/8-2018-q4-major/bin/../lib/gcc/arm-none-eabi/8.2.1/../../../../arm-none-eabi/lib/thumb/v7e-m+fp/hard\libc_nano.a(lib_a-mprec.o)
                0x00014a48                __d2b
 .text._calloc_r
                0x00014ae4       0x1c c:/users/chris/appdata/local/arduino15/packages/sparkfun/tools/arm-none-eabi-gcc/8-2018-q4-major/bin/../lib/gcc/arm-none-eabi/8.2.1/../../../../arm-none-eabi/lib/thumb/v7e-m+fp/hard\libc_nano.a(lib_a-nano-callocr.o)
                0x00014ae4                _calloc_r
 .text._realloc_r
                0x00014b00       0x4c c:/users/chris/appdata/local/arduino15/packages/sparkfun/tools/arm-none-eabi-gcc/8-2018-q4-major/bin/../lib/gcc/arm-none-eabi/8.2.1/../../../../arm-none-eabi/lib/thumb/v7e-m+fp/hard\libc_nano.a(lib_a-nano-reallocr.o)
                0x00014b00                _realloc_r
 .text.__ssputs_r
                0x00014b4c       0xb6 c:/users/chris/appdata/local/arduino15/packages/sparkfun/tools/arm-none-eabi-gcc/8-2018-q4-major/bin/../lib/gcc/arm-none-eabi/8.2.1/../../../../arm-none-eabi/lib/thumb/v7e-m+fp/hard\libc_nano.a(lib_a-nano-svfprintf.o)
                0x00014b4c                __ssputs_r
 *fill*         0x00014c02        0x2 
 .text._svfprintf_r
                0x00014c04      0x1f0 c:/users/chris/appdata/local/arduino15/packages/sparkfun/tools/arm-none-eabi-gcc/8-2018-q4-major/bin/../lib/gcc/arm-none-eabi/8.2.1/../../../../arm-none-eabi/lib/thumb/v7e-m+fp/hard\libc_nano.a(lib_a-nano-svfprintf.o)
                0x00014c04                _svfiprintf_r
                0x00014c04                _svfprintf_r
 .text.__ascii_wctomb
                0x00014df4       0x1a c:/users/chris/appdata/local/arduino15/packages/sparkfun/tools/arm-none-eabi-gcc/8-2018-q4-major/bin/../lib/gcc/arm-none-eabi/8.2.1/../../../../arm-none-eabi/lib/thumb/v7e-m+fp/hard\libc_nano.a(lib_a-wctomb_r.o)
                0x00014df4                __ascii_wctomb
 .text.__retarget_lock_acquire_recursive
                0x00014e0e        0x2 c:/users/chris/appdata/local/arduino15/packages/sparkfun/tools/arm-none-eabi-gcc/8-2018-q4-major/bin/../lib/gcc/arm-none-eabi/8.2.1/../../../../arm-none-eabi/lib/thumb/v7e-m+fp/hard\libc_nano.a(lib_a-lock.o)
                0x00014e0e                __retarget_lock_acquire_recursive
 .text.__retarget_lock_release_recursive
                0x00014e10        0x2 c:/users/chris/appdata/local/arduino15/packages/sparkfun/tools/arm-none-eabi-gcc/8-2018-q4-major/bin/../lib/gcc/arm-none-eabi/8.2.1/../../../../arm-none-eabi/lib/thumb/v7e-m+fp/hard\libc_nano.a(lib_a-lock.o)
                0x00014e10                __retarget_lock_release_recursive
 .text._malloc_usable_size_r
                0x00014e12       0x10 c:/users/chris/appdata/local/arduino15/packages/sparkfun/tools/arm-none-eabi-gcc/8-2018-q4-major/bin/../lib/gcc/arm-none-eabi/8.2.1/../../../../arm-none-eabi/lib/thumb/v7e-m+fp/hard\libc_nano.a(lib_a-nano-msizer.o)
                0x00014e12                _malloc_usable_size_r
 *fill*         0x00014e22        0x2 
 .text._sbrk    0x00014e24       0x1c c:/users/chris/appdata/local/arduino15/packages/sparkfun/tools/arm-none-eabi-gcc/8-2018-q4-major/bin/../lib/gcc/arm-none-eabi/8.2.1/../../../../arm-none-eabi/lib/thumb/v7e-m+fp/hard\libnosys.a(sbrk.o)
                0x00014e24                _sbrk
                0x00014e40                . = ALIGN (0x4)
                0x00014e40                __init_array_start = .
 *(.init_array)
 .init_array    0x00014e40        0x4 c:\Users\chris\Documents\Github\arduino-heat-sensor\build\sketch\arduino-heat-sensor.ino.cpp.o
 .init_array    0x00014e44        0x4 c:\Users\chris\Documents\Github\arduino-heat-sensor\build\core\config\variant.cpp.o
 *(.ctors)
                0x00014e48                __init_array_end = .
 *(.rodata)
 *(.rodata*)
 .rodata._GLOBAL__sub_I__Z9to_serial6String.str1.1
                0x00014e48       0x55 c:\Users\chris\Documents\Github\arduino-heat-sensor\build\sketch\arduino-heat-sensor.ino.cpp.o
 .rodata._Z9to_serial6String.str1.1
                0x00014e9d        0x5 c:\Users\chris\Documents\Github\arduino-heat-sensor\build\sketch\arduino-heat-sensor.ino.cpp.o
                                  0x7 (size before relaxing)
 .rodata.setup.str1.1
                0x00014ea2       0x23 c:\Users\chris\Documents\Github\arduino-heat-sensor\build\sketch\arduino-heat-sensor.ino.cpp.o
 .rodata.ap3_variant_pinmap
                0x00014ec5       0x20 c:\Users\chris\Documents\Github\arduino-heat-sensor\build\core\config\variant.cpp.o
                0x00014ec5                ap3_variant_pinmap
 *fill*         0x00014ee5        0x3 
 .rodata.g_AM_HAL_GPIO_DISABLE
                0x00014ee8        0x4 c:\Users\chris\Documents\Github\arduino-heat-sensor\build\core\core.a(am_hal_gpio.c.o)
                0x00014ee8                g_AM_HAL_GPIO_DISABLE
 .rodata.g_AM_HAL_GPIO_OUTPUT
                0x00014eec        0x4 c:\Users\chris\Documents\Github\arduino-heat-sensor\build\core\core.a(am_hal_gpio.c.o)
                0x00014eec                g_AM_HAL_GPIO_OUTPUT
 .rodata.g_ui8Bit76Capabilities
                0x00014ef0       0x32 c:\Users\chris\Documents\Github\arduino-heat-sensor\build\core\core.a(am_hal_gpio.c.o)
 .rodata.g_ui8Inpen
                0x00014f22       0x32 c:\Users\chris\Documents\Github\arduino-heat-sensor\build\core\core.a(am_hal_gpio.c.o)
 .rodata.g_ui8NCEtable
                0x00014f54       0xc8 c:\Users\chris\Documents\Github\arduino-heat-sensor\build\core\core.a(am_hal_gpio.c.o)
 .rodata.g_ui8nCEpins
                0x0001501c       0x32 c:\Users\chris\Documents\Github\arduino-heat-sensor\build\core\core.a(am_hal_gpio.c.o)
 *fill*         0x0001504e        0x2 
 .rodata.am_hal_pwrctrl_peripheral_control
                0x00015050       0xb4 c:\Users\chris\Documents\Github\arduino-heat-sensor\build\core\core.a(am_hal_pwrctrl.c.o)
                0x00015050                am_hal_pwrctrl_peripheral_control
 .rodata.CSWTCH.19
                0x00015104       0x10 c:\Users\chris\Documents\Github\arduino-heat-sensor\build\core\core.a(am_hal_uart.c.o)
 .rodata._ZN5Print7printlnEv.str1.1
                0x00015114        0x3 c:\Users\chris\Documents\Github\arduino-heat-sensor\build\core\core.a(Print.cpp.o)
 *fill*         0x00015117        0x1 
 .rodata.CSWTCH.35
                0x00015118       0x10 c:\Users\chris\Documents\Github\arduino-heat-sensor\build\core\core.a(ap3_uart.cpp.o)
 .rodata.CSWTCH.36
                0x00015128        0x4 c:\Users\chris\Documents\Github\arduino-heat-sensor\build\core\core.a(ap3_uart.cpp.o)
 .rodata.CSWTCH.37
                0x0001512c       0x10 c:\Users\chris\Documents\Github\arduino-heat-sensor\build\core\core.a(ap3_uart.cpp.o)
 .rodata.CSWTCH.38
                0x0001513c        0x4 c:\Users\chris\Documents\Github\arduino-heat-sensor\build\core\core.a(ap3_uart.cpp.o)
 .rodata._ZTV4Uart
                0x00015140       0x34 c:\Users\chris\Documents\Github\arduino-heat-sensor\build\core\core.a(ap3_uart.cpp.o)
                0x00015140                vtable for Uart
 .rodata.am_hal_cachectrl_defaults
                0x00015174        0x3 c:\Users\chris\Documents\Github\arduino-heat-sensor\build\core\core.a(am_hal_cachectrl.c.o)
                0x00015174                am_hal_cachectrl_defaults
 *fill*         0x00015177        0x1 
 .rodata.AP3_GPIO_PINCFG_NULL
                0x00015178        0x4 c:\Users\chris\Documents\Github\arduino-heat-sensor\build\core\core.a(ap3_gpio_structures.c.o)
                0x00015178                AP3_GPIO_PINCFG_NULL
 .rodata.ap3_uart0_cts_map
                0x0001517c       0x10 c:\Users\chris\Documents\Github\arduino-heat-sensor\build\core\core.a(ap3_uart_structures.c.o)
                0x0001517c                ap3_uart0_cts_map
 .rodata.ap3_uart0_rts_map
                0x0001518c       0x10 c:\Users\chris\Documents\Github\arduino-heat-sensor\build\core\core.a(ap3_uart_structures.c.o)
                0x0001518c                ap3_uart0_rts_map
 .rodata.ap3_uart0_rx_map
                0x0001519c       0x18 c:\Users\chris\Documents\Github\arduino-heat-sensor\build\core\core.a(ap3_uart_structures.c.o)
                0x0001519c                ap3_uart0_rx_map
 .rodata.ap3_uart0_tx_map
                0x000151b4       0x18 c:\Users\chris\Documents\Github\arduino-heat-sensor\build\core\core.a(ap3_uart_structures.c.o)
                0x000151b4                ap3_uart0_tx_map
 .rodata.ap3_uart1_cts_map
                0x000151cc       0x10 c:\Users\chris\Documents\Github\arduino-heat-sensor\build\core\core.a(ap3_uart_structures.c.o)
                0x000151cc                ap3_uart1_cts_map
 .rodata.ap3_uart1_rts_map
                0x000151dc       0x10 c:\Users\chris\Documents\Github\arduino-heat-sensor\build\core\core.a(ap3_uart_structures.c.o)
                0x000151dc                ap3_uart1_rts_map
 .rodata.ap3_uart1_rx_map
                0x000151ec       0x1a c:\Users\chris\Documents\Github\arduino-heat-sensor\build\core\core.a(ap3_uart_structures.c.o)
                0x000151ec                ap3_uart1_rx_map
 .rodata.ap3_uart1_tx_map
                0x00015206       0x18 c:\Users\chris\Documents\Github\arduino-heat-sensor\build\core\core.a(ap3_uart_structures.c.o)
                0x00015206                ap3_uart1_tx_map
 *fill*         0x0001521e        0x2 
 .rodata.ap3_uart_config_default
                0x00015220       0x28 c:\Users\chris\Documents\Github\arduino-heat-sensor\build\core\core.a(ap3_uart_structures.c.o)
                0x00015220                ap3_uart_config_default
 .rodata._printf_float.str1.1
                0x00015248       0x12 c:/users/chris/appdata/local/arduino15/packages/sparkfun/tools/arm-none-eabi-gcc/8-2018-q4-major/bin/../lib/gcc/arm-none-eabi/8.2.1/../../../../arm-none-eabi/lib/thumb/v7e-m+fp/hard\libc_nano.a(lib_a-nano-vfprintf_float.o)
 .rodata._printf_i.str1.1
                0x0001525a       0x22 c:/users/chris/appdata/local/arduino15/packages/sparkfun/tools/arm-none-eabi-gcc/8-2018-q4-major/bin/../lib/gcc/arm-none-eabi/8.2.1/../../../../arm-none-eabi/lib/thumb/v7e-m+fp/hard\libc_nano.a(lib_a-nano-vfprintf_i.o)
 .rodata._ctype_
                0x0001527c      0x101 c:/users/chris/appdata/local/arduino15/packages/sparkfun/tools/arm-none-eabi-gcc/8-2018-q4-major/bin/../lib/gcc/arm-none-eabi/8.2.1/../../../../arm-none-eabi/lib/thumb/v7e-m+fp/hard\libc_nano.a(lib_a-ctype_.o)
                0x0001527c                _ctype_
 .rodata._dtoa_r.str1.1
                0x0001537d        0xd c:/users/chris/appdata/local/arduino15/packages/sparkfun/tools/arm-none-eabi-gcc/8-2018-q4-major/bin/../lib/gcc/arm-none-eabi/8.2.1/../../../../arm-none-eabi/lib/thumb/v7e-m+fp/hard\libc_nano.a(lib_a-dtoa.o)
                                  0xf (size before relaxing)
 .rodata._setlocale_r.str1.1
                0x0001538a        0x8 c:/users/chris/appdata/local/arduino15/packages/sparkfun/tools/arm-none-eabi-gcc/8-2018-q4-major/bin/../lib/gcc/arm-none-eabi/8.2.1/../../../../arm-none-eabi/lib/thumb/v7e-m+fp/hard\libc_nano.a(lib_a-locale.o)
                                  0x9 (size before relaxing)
 .rodata.str1.1
                0x00015392        0x8 c:/users/chris/appdata/local/arduino15/packages/sparkfun/tools/arm-none-eabi-gcc/8-2018-q4-major/bin/../lib/gcc/arm-none-eabi/8.2.1/../../../../arm-none-eabi/lib/thumb/v7e-m+fp/hard\libc_nano.a(lib_a-locale.o)
                                  0x2 (size before relaxing)
 *fill*         0x00015392        0x6 
 .rodata.__mprec_bigtens
                0x00015398       0x28 c:/users/chris/appdata/local/arduino15/packages/sparkfun/tools/arm-none-eabi-gcc/8-2018-q4-major/bin/../lib/gcc/arm-none-eabi/8.2.1/../../../../arm-none-eabi/lib/thumb/v7e-m+fp/hard\libc_nano.a(lib_a-mprec.o)
                0x00015398                __mprec_bigtens
 .rodata.__mprec_tens
                0x000153c0       0xc8 c:/users/chris/appdata/local/arduino15/packages/sparkfun/tools/arm-none-eabi-gcc/8-2018-q4-major/bin/../lib/gcc/arm-none-eabi/8.2.1/../../../../arm-none-eabi/lib/thumb/v7e-m+fp/hard\libc_nano.a(lib_a-mprec.o)
                0x000153c0                __mprec_tens
 .rodata.p05.7454
                0x00015488        0xc c:/users/chris/appdata/local/arduino15/packages/sparkfun/tools/arm-none-eabi-gcc/8-2018-q4-major/bin/../lib/gcc/arm-none-eabi/8.2.1/../../../../arm-none-eabi/lib/thumb/v7e-m+fp/hard\libc_nano.a(lib_a-mprec.o)
 .rodata._svfprintf_r.str1.1
                0x00015494       0x11 c:/users/chris/appdata/local/arduino15/packages/sparkfun/tools/arm-none-eabi-gcc/8-2018-q4-major/bin/../lib/gcc/arm-none-eabi/8.2.1/../../../../arm-none-eabi/lib/thumb/v7e-m+fp/hard\libc_nano.a(lib_a-nano-svfprintf.o)
                0x000154a8                . = ALIGN (0x4)
 *fill*         0x000154a5        0x3 
                0x000154a8                _etext = .

.glue_7         0x000154a8        0x0
 .glue_7        0x000154a8        0x0 linker stubs

.glue_7t        0x000154a8        0x0
 .glue_7t       0x000154a8        0x0 linker stubs

.vfp11_veneer   0x000154a8        0x0
 .vfp11_veneer  0x000154a8        0x0 linker stubs

.v4_bx          0x000154a8        0x0
 .v4_bx         0x000154a8        0x0 linker stubs

.iplt           0x000154a8        0x0
 .iplt          0x000154a8        0x0 c:\Users\chris\Documents\Github\arduino-heat-sensor\build\sketch\arduino-heat-sensor.ino.cpp.o

.rel.dyn        0x000154a8        0x0
 .rel.iplt      0x000154a8        0x0 c:\Users\chris\Documents\Github\arduino-heat-sensor\build\sketch\arduino-heat-sensor.ino.cpp.o

.ARM.exidx      0x000154a8        0x8
 .ARM.exidx     0x000154a8        0x8 c:/users/chris/appdata/local/arduino15/packages/sparkfun/tools/arm-none-eabi-gcc/8-2018-q4-major/bin/../lib/gcc/arm-none-eabi/8.2.1/thumb/v7e-m+fp/hard\libgcc.a(_udivmoddi4.o)

.stack          0x10000000    0x14000
                0x10000000                . = ALIGN (0x8)
 *(.stack)
 .stack         0x10000000    0x14000 c:\Users\chris\Documents\Github\arduino-heat-sensor\build\core\startup\startup_gcc.c.o
 *(.stack*)
                0x10014000                . = ALIGN (0x8)

.data           0x10014000      0x204 load address 0x000154b0
                0x10014000                . = ALIGN (0x4)
                0x10014000                _sdata = .
 *(.data)
 *(.data*)
 .data.am_bsp_psLEDs
                0x10014000        0x8 c:\Users\chris\Documents\Github\arduino-heat-sensor\build\core\bsp\am_bsp.c.o
                0x10014000                am_bsp_psLEDs
 .data.SRAM_write_ui32
                0x10014008        0xc c:\Users\chris\Documents\Github\arduino-heat-sensor\build\core\core.a(am_hal_flash.c.o)
                0x10014008                SRAM_write_ui32
 .data.ap3_analog_configure_map
                0x10014014       0x1e c:\Users\chris\Documents\Github\arduino-heat-sensor\build\core\core.a(ap3_analog_structures.c.o)
                0x10014014                ap3_analog_configure_map
 *fill*         0x10014032        0x2 
 .data._impure_ptr
                0x10014034        0x4 c:/users/chris/appdata/local/arduino15/packages/sparkfun/tools/arm-none-eabi-gcc/8-2018-q4-major/bin/../lib/gcc/arm-none-eabi/8.2.1/../../../../arm-none-eabi/lib/thumb/v7e-m+fp/hard\libc_nano.a(lib_a-impure.o)
                0x10014034                _impure_ptr
 .data.impure_data
                0x10014038       0x60 c:/users/chris/appdata/local/arduino15/packages/sparkfun/tools/arm-none-eabi-gcc/8-2018-q4-major/bin/../lib/gcc/arm-none-eabi/8.2.1/../../../../arm-none-eabi/lib/thumb/v7e-m+fp/hard\libc_nano.a(lib_a-impure.o)
 .data.__global_locale
                0x10014098      0x16c c:/users/chris/appdata/local/arduino15/packages/sparkfun/tools/arm-none-eabi-gcc/8-2018-q4-major/bin/../lib/gcc/arm-none-eabi/8.2.1/../../../../arm-none-eabi/lib/thumb/v7e-m+fp/hard\libc_nano.a(lib_a-locale.o)
                0x10014098                __global_locale
                0x10014204                . = ALIGN (0x4)
                0x10014204                _edata = .
                0x000154b0                _init_data = LOADADDR (.data)

.igot.plt       0x10014204        0x0 load address 0x000156b4
 .igot.plt      0x10014204        0x0 c:\Users\chris\Documents\Github\arduino-heat-sensor\build\sketch\arduino-heat-sensor.ino.cpp.o

.bss            0x10014208     0x842c load address 0x000156b4
                0x10014208                . = ALIGN (0x4)
                0x10014208                _sbss = .
 *(.bss)
 *(.bss*)
 .bss._ZL10githubHash
                0x10014208        0xc c:\Users\chris\Documents\Github\arduino-heat-sensor\build\sketch\arduino-heat-sensor.ino.cpp.o
 .bss._ZL10githubRepo
                0x10014214        0xc c:\Users\chris\Documents\Github\arduino-heat-sensor\build\sketch\arduino-heat-sensor.ino.cpp.o
 .bss.Serial    0x10014220     0x4058 c:\Users\chris\Documents\Github\arduino-heat-sensor\build\core\config\variant.cpp.o
                0x10014220                Serial
 .bss.Serial1   0x10018278     0x4058 c:\Users\chris\Documents\Github\arduino-heat-sensor\build\core\config\variant.cpp.o
                0x10018278                Serial1
 .bss.gAmHalResetStatus
                0x1001c2d0        0x4 c:\Users\chris\Documents\Github\arduino-heat-sensor\build\core\core.a(am_hal_reset.c.o)
                0x1001c2d0                gAmHalResetStatus
 .bss.__dso_handle
                0x1001c2d4        0x4 c:\Users\chris\Documents\Github\arduino-heat-sensor\build\core\core.a(main.cpp.o)
                0x1001c2d4                __dso_handle
 .bss.ap3_stimer_overflows
                0x1001c2d8        0x4 c:\Users\chris\Documents\Github\arduino-heat-sensor\build\core\core.a(ap3_timing.cpp.o)
                0x1001c2d8                ap3_stimer_overflows
 *fill*         0x1001c2dc        0x4 
 .bss.ticks     0x1001c2e0        0x8 c:\Users\chris\Documents\Github\arduino-heat-sensor\build\core\core.a(ap3_timing.cpp.o)
                0x1001c2e0                ticks
 .bss.ap3_uart_handles
                0x1001c2e8        0x8 c:\Users\chris\Documents\Github\arduino-heat-sensor\build\core\core.a(ap3_uart.cpp.o)
                0x1001c2e8                ap3_uart_handles
 .bss.gpio_isr_entries
                0x1001c2f0      0x258 c:\Users\chris\Documents\Github\arduino-heat-sensor\build\core\core.a(ap3_gpio.cpp.o)
                0x1001c2f0                gpio_isr_entries
 .bss.gpio_num_isr
                0x1001c548        0x1 c:\Users\chris\Documents\Github\arduino-heat-sensor\build\core\core.a(ap3_gpio.cpp.o)
                0x1001c548                gpio_num_isr
 *fill*         0x1001c549        0x3 
 .bss.__malloc_free_list
                0x1001c54c        0x4 c:/users/chris/appdata/local/arduino15/packages/sparkfun/tools/arm-none-eabi-gcc/8-2018-q4-major/bin/../lib/gcc/arm-none-eabi/8.2.1/../../../../arm-none-eabi/lib/thumb/v7e-m+fp/hard\libc_nano.a(lib_a-nano-mallocr.o)
                0x1001c54c                __malloc_free_list
 .bss.__malloc_sbrk_start
                0x1001c550        0x4 c:/users/chris/appdata/local/arduino15/packages/sparkfun/tools/arm-none-eabi-gcc/8-2018-q4-major/bin/../lib/gcc/arm-none-eabi/8.2.1/../../../../arm-none-eabi/lib/thumb/v7e-m+fp/hard\libc_nano.a(lib_a-nano-mallocr.o)
                0x1001c550                __malloc_sbrk_start
 .bss.heap_end.5501
                0x1001c554        0x4 c:/users/chris/appdata/local/arduino15/packages/sparkfun/tools/arm-none-eabi-gcc/8-2018-q4-major/bin/../lib/gcc/arm-none-eabi/8.2.1/../../../../arm-none-eabi/lib/thumb/v7e-m+fp/hard\libnosys.a(sbrk.o)
 *(COMMON)
 COMMON         0x1001c558       0xc8 c:\Users\chris\Documents\Github\arduino-heat-sensor\build\core\core.a(am_hal_uart.c.o)
                0x1001c558                g_am_hal_uart_states
 COMMON         0x1001c620        0x4 c:\Users\chris\Documents\Github\arduino-heat-sensor\build\core\core.a(am_util_stdio.c.o)
                0x1001c620                g_pfnCharPrint
 COMMON         0x1001c624        0x4 c:/users/chris/appdata/local/arduino15/packages/sparkfun/tools/arm-none-eabi-gcc/8-2018-q4-major/bin/../lib/gcc/arm-none-eabi/8.2.1/../../../../arm-none-eabi/lib/thumb/v7e-m+fp/hard\libc_nano.a(lib_a-reent.o)
                0x1001c624                errno
 COMMON         0x1001c628        0x9 c:/users/chris/appdata/local/arduino15/packages/sparkfun/tools/arm-none-eabi-gcc/8-2018-q4-major/bin/../lib/gcc/arm-none-eabi/8.2.1/../../../../arm-none-eabi/lib/thumb/v7e-m+fp/hard\libc_nano.a(lib_a-lock.o)
                0x1001c628                __lock___atexit_recursive_mutex
                0x1001c629                __lock___arc4random_mutex
                0x1001c62a                __lock___env_recursive_mutex
                0x1001c62b                __lock___sinit_recursive_mutex
                0x1001c62c                __lock___malloc_recursive_mutex
                0x1001c62d                __lock___at_quick_exit_mutex
                0x1001c62e                __lock___dd_hash_mutex
                0x1001c62f                __lock___tz_mutex
                0x1001c630                __lock___sfp_recursive_mutex
                0x1001c634                . = ALIGN (0x4)
 *fill*         0x1001c631        0x3 
                0x1001c634                _ebss = .

.heap           0x1001c634        0x0 load address 0x000156b4
                0x1001c634                __end__ = .
                0x1001c634                PROVIDE (end = .)
 *(.heap*)
                0x1001c634                __HeapLimit = .

.ARM.attributes
                0x00000000       0x32
 *(.ARM.attributes)
 .ARM.attributes
                0x00000000       0x34 c:\Users\chris\Documents\Github\arduino-heat-sensor\build\sketch\arduino-heat-sensor.ino.cpp.o
 .ARM.attributes
                0x00000034       0x34 c:\Users\chris\Documents\Github\arduino-heat-sensor\build\core\bsp\am_bsp.c.o
 .ARM.attributes
                0x00000068       0x34 c:\Users\chris\Documents\Github\arduino-heat-sensor\build\core\startup\startup_gcc.c.o
 .ARM.attributes
                0x0000009c       0x34 c:\Users\chris\Documents\Github\arduino-heat-sensor\build\core\config\variant.cpp.o
 .ARM.attributes
                0x000000d0       0x34 c:\Users\chris\Documents\Github\arduino-heat-sensor\build\core\core.a(am_hal_clkgen.c.o)
 .ARM.attributes
                0x00000104       0x34 c:\Users\chris\Documents\Github\arduino-heat-sensor\build\core\core.a(am_hal_flash.c.o)
 .ARM.attributes
                0x00000138       0x34 c:\Users\chris\Documents\Github\arduino-heat-sensor\build\core\core.a(am_hal_gpio.c.o)
 .ARM.attributes
                0x0000016c       0x34 c:\Users\chris\Documents\Github\arduino-heat-sensor\build\core\core.a(am_hal_interrupt.c.o)
 .ARM.attributes
                0x000001a0       0x34 c:\Users\chris\Documents\Github\arduino-heat-sensor\build\core\core.a(am_hal_itm.c.o)
 .ARM.attributes
                0x000001d4       0x34 c:\Users\chris\Documents\Github\arduino-heat-sensor\build\core\core.a(am_hal_pwrctrl.c.o)
 .ARM.attributes
                0x00000208       0x34 c:\Users\chris\Documents\Github\arduino-heat-sensor\build\core\core.a(am_hal_reset.c.o)
 .ARM.attributes
                0x0000023c       0x34 c:\Users\chris\Documents\Github\arduino-heat-sensor\build\core\core.a(am_hal_rtc.c.o)
 .ARM.attributes
                0x00000270       0x34 c:\Users\chris\Documents\Github\arduino-heat-sensor\build\core\core.a(am_hal_uart.c.o)
 .ARM.attributes
                0x000002a4       0x34 c:\Users\chris\Documents\Github\arduino-heat-sensor\build\core\core.a(am_util_stdio.c.o)
 .ARM.attributes
                0x000002d8       0x34 c:\Users\chris\Documents\Github\arduino-heat-sensor\build\core\core.a(Print.cpp.o)
 .ARM.attributes
                0x0000030c       0x34 c:\Users\chris\Documents\Github\arduino-heat-sensor\build\core\core.a(WString.cpp.o)
 .ARM.attributes
                0x00000340       0x34 c:\Users\chris\Documents\Github\arduino-heat-sensor\build\core\core.a(main.cpp.o)
 .ARM.attributes
                0x00000374       0x34 c:\Users\chris\Documents\Github\arduino-heat-sensor\build\core\core.a(ap3_timing.cpp.o)
 .ARM.attributes
                0x000003a8       0x34 c:\Users\chris\Documents\Github\arduino-heat-sensor\build\core\core.a(ap3_uart.cpp.o)
 .ARM.attributes
                0x000003dc       0x34 c:\Users\chris\Documents\Github\arduino-heat-sensor\build\core\core.a(am_hal_cachectrl.c.o)
 .ARM.attributes
                0x00000410       0x34 c:\Users\chris\Documents\Github\arduino-heat-sensor\build\core\core.a(am_hal_queue.c.o)
 .ARM.attributes
                0x00000444       0x34 c:\Users\chris\Documents\Github\arduino-heat-sensor\build\core\core.a(am_hal_stimer.c.o)
 .ARM.attributes
                0x00000478       0x34 c:\Users\chris\Documents\Github\arduino-heat-sensor\build\core\core.a(am_util_delay.c.o)
 .ARM.attributes
                0x000004ac       0x39 c:\Users\chris\Documents\Github\arduino-heat-sensor\build\core\core.a(ap3_gpio_structures.c.o)
 .ARM.attributes
                0x000004e5       0x39 c:\Users\chris\Documents\Github\arduino-heat-sensor\build\core\core.a(ap3_uart_structures.c.o)
 .ARM.attributes
                0x0000051e       0x34 c:\Users\chris\Documents\Github\arduino-heat-sensor\build\core\core.a(ap3_gpio.cpp.o)
 .ARM.attributes
                0x00000552       0x34 c:\Users\chris\Documents\Github\arduino-heat-sensor\build\core\core.a(ap3_initialization.cpp.o)
 .ARM.attributes
                0x00000586       0x39 c:\Users\chris\Documents\Github\arduino-heat-sensor\build\core\core.a(ap3_analog_structures.c.o)
 .ARM.attributes
                0x000005bf       0x34 c:/users/chris/appdata/local/arduino15/packages/sparkfun/tools/arm-none-eabi-gcc/8-2018-q4-major/bin/../lib/gcc/arm-none-eabi/8.2.1/../../../../arm-none-eabi/lib/thumb/v7e-m+fp/hard\libc_nano.a(lib_a-aeabi_atexit.o)
 .ARM.attributes
                0x000005f3       0x34 c:/users/chris/appdata/local/arduino15/packages/sparkfun/tools/arm-none-eabi-gcc/8-2018-q4-major/bin/../lib/gcc/arm-none-eabi/8.2.1/../../../../arm-none-eabi/lib/thumb/v7e-m+fp/hard\libc_nano.a(lib_a-cxa_atexit.o)
 .ARM.attributes
                0x00000627       0x34 c:/users/chris/appdata/local/arduino15/packages/sparkfun/tools/arm-none-eabi-gcc/8-2018-q4-major/bin/../lib/gcc/arm-none-eabi/8.2.1/../../../../arm-none-eabi/lib/thumb/v7e-m+fp/hard\libc_nano.a(lib_a-init.o)
 .ARM.attributes
                0x0000065b       0x34 c:/users/chris/appdata/local/arduino15/packages/sparkfun/tools/arm-none-eabi-gcc/8-2018-q4-major/bin/../lib/gcc/arm-none-eabi/8.2.1/../../../../arm-none-eabi/lib/thumb/v7e-m+fp/hard\libc_nano.a(lib_a-malloc.o)
 .ARM.attributes
                0x0000068f       0x34 c:/users/chris/appdata/local/arduino15/packages/sparkfun/tools/arm-none-eabi-gcc/8-2018-q4-major/bin/../lib/gcc/arm-none-eabi/8.2.1/../../../../arm-none-eabi/lib/thumb/v7e-m+fp/hard\libc_nano.a(lib_a-memcpy-stub.o)
 .ARM.attributes
                0x000006c3       0x34 c:/users/chris/appdata/local/arduino15/packages/sparkfun/tools/arm-none-eabi-gcc/8-2018-q4-major/bin/../lib/gcc/arm-none-eabi/8.2.1/../../../../arm-none-eabi/lib/thumb/v7e-m+fp/hard\libc_nano.a(lib_a-memmove.o)
 .ARM.attributes
                0x000006f7       0x34 c:/users/chris/appdata/local/arduino15/packages/sparkfun/tools/arm-none-eabi-gcc/8-2018-q4-major/bin/../lib/gcc/arm-none-eabi/8.2.1/../../../../arm-none-eabi/lib/thumb/v7e-m+fp/hard\libc_nano.a(lib_a-memset.o)
 .ARM.attributes
                0x0000072b       0x34 c:/users/chris/appdata/local/arduino15/packages/sparkfun/tools/arm-none-eabi-gcc/8-2018-q4-major/bin/../lib/gcc/arm-none-eabi/8.2.1/../../../../arm-none-eabi/lib/thumb/v7e-m+fp/hard\libc_nano.a(lib_a-nano-freer.o)
 .ARM.attributes
                0x0000075f       0x34 c:/users/chris/appdata/local/arduino15/packages/sparkfun/tools/arm-none-eabi-gcc/8-2018-q4-major/bin/../lib/gcc/arm-none-eabi/8.2.1/../../../../arm-none-eabi/lib/thumb/v7e-m+fp/hard\libc_nano.a(lib_a-nano-mallocr.o)
 .ARM.attributes
                0x00000793       0x34 c:/users/chris/appdata/local/arduino15/packages/sparkfun/tools/arm-none-eabi-gcc/8-2018-q4-major/bin/../lib/gcc/arm-none-eabi/8.2.1/../../../../arm-none-eabi/lib/thumb/v7e-m+fp/hard\libc_nano.a(lib_a-nano-vfprintf_float.o)
 .ARM.attributes
                0x000007c7       0x34 c:/users/chris/appdata/local/arduino15/packages/sparkfun/tools/arm-none-eabi-gcc/8-2018-q4-major/bin/../lib/gcc/arm-none-eabi/8.2.1/../../../../arm-none-eabi/lib/thumb/v7e-m+fp/hard\libc_nano.a(lib_a-nano-vfprintf_i.o)
 .ARM.attributes
                0x000007fb       0x34 c:/users/chris/appdata/local/arduino15/packages/sparkfun/tools/arm-none-eabi-gcc/8-2018-q4-major/bin/../lib/gcc/arm-none-eabi/8.2.1/../../../../arm-none-eabi/lib/thumb/v7e-m+fp/hard\libc_nano.a(lib_a-realloc.o)
 .ARM.attributes
                0x0000082f       0x34 c:/users/chris/appdata/local/arduino15/packages/sparkfun/tools/arm-none-eabi-gcc/8-2018-q4-major/bin/../lib/gcc/arm-none-eabi/8.2.1/../../../../arm-none-eabi/lib/thumb/v7e-m+fp/hard\libc_nano.a(lib_a-sbrkr.o)
 .ARM.attributes
                0x00000863       0x34 c:/users/chris/appdata/local/arduino15/packages/sparkfun/tools/arm-none-eabi-gcc/8-2018-q4-major/bin/../lib/gcc/arm-none-eabi/8.2.1/../../../../arm-none-eabi/lib/thumb/v7e-m+fp/hard\libc_nano.a(lib_a-sprintf.o)
 .ARM.attributes
                0x00000897       0x34 c:/users/chris/appdata/local/arduino15/packages/sparkfun/tools/arm-none-eabi-gcc/8-2018-q4-major/bin/../lib/gcc/arm-none-eabi/8.2.1/../../../../arm-none-eabi/lib/thumb/v7e-m+fp/hard\libc_nano.a(lib_a-strcpy.o)
 .ARM.attributes
                0x000008cb       0x17 c:/users/chris/appdata/local/arduino15/packages/sparkfun/tools/arm-none-eabi-gcc/8-2018-q4-major/bin/../lib/gcc/arm-none-eabi/8.2.1/../../../../arm-none-eabi/lib/thumb/v7e-m+fp/hard\libc_nano.a(lib_a-strlen.o)
 .ARM.attributes
                0x000008e2       0x32 c:/users/chris/appdata/local/arduino15/packages/sparkfun/tools/arm-none-eabi-gcc/8-2018-q4-major/bin/../lib/gcc/arm-none-eabi/8.2.1/../../../../arm-none-eabi/lib/thumb/v7e-m+fp/hard\libc_nano.a(lib_a-ctype_.o)
 .ARM.attributes
                0x00000914       0x34 c:/users/chris/appdata/local/arduino15/packages/sparkfun/tools/arm-none-eabi-gcc/8-2018-q4-major/bin/../lib/gcc/arm-none-eabi/8.2.1/../../../../arm-none-eabi/lib/thumb/v7e-m+fp/hard\libc_nano.a(lib_a-dtoa.o)
 .ARM.attributes
                0x00000948       0x32 c:/users/chris/appdata/local/arduino15/packages/sparkfun/tools/arm-none-eabi-gcc/8-2018-q4-major/bin/../lib/gcc/arm-none-eabi/8.2.1/../../../../arm-none-eabi/lib/thumb/v7e-m+fp/hard\libc_nano.a(lib_a-impure.o)
 .ARM.attributes
                0x0000097a       0x34 c:/users/chris/appdata/local/arduino15/packages/sparkfun/tools/arm-none-eabi-gcc/8-2018-q4-major/bin/../lib/gcc/arm-none-eabi/8.2.1/../../../../arm-none-eabi/lib/thumb/v7e-m+fp/hard\libc_nano.a(lib_a-locale.o)
 .ARM.attributes
                0x000009ae       0x34 c:/users/chris/appdata/local/arduino15/packages/sparkfun/tools/arm-none-eabi-gcc/8-2018-q4-major/bin/../lib/gcc/arm-none-eabi/8.2.1/../../../../arm-none-eabi/lib/thumb/v7e-m+fp/hard\libc_nano.a(lib_a-localeconv.o)
 .ARM.attributes
                0x000009e2       0x34 c:/users/chris/appdata/local/arduino15/packages/sparkfun/tools/arm-none-eabi-gcc/8-2018-q4-major/bin/../lib/gcc/arm-none-eabi/8.2.1/../../../../arm-none-eabi/lib/thumb/v7e-m+fp/hard\libc_nano.a(lib_a-mbtowc_r.o)
 .ARM.attributes
                0x00000a16       0x1c c:/users/chris/appdata/local/arduino15/packages/sparkfun/tools/arm-none-eabi-gcc/8-2018-q4-major/bin/../lib/gcc/arm-none-eabi/8.2.1/../../../../arm-none-eabi/lib/thumb/v7e-m+fp/hard\libc_nano.a(lib_a-memchr.o)
 .ARM.attributes
                0x00000a32       0x34 c:/users/chris/appdata/local/arduino15/packages/sparkfun/tools/arm-none-eabi-gcc/8-2018-q4-major/bin/../lib/gcc/arm-none-eabi/8.2.1/../../../../arm-none-eabi/lib/thumb/v7e-m+fp/hard\libc_nano.a(lib_a-mlock.o)
 .ARM.attributes
                0x00000a66       0x34 c:/users/chris/appdata/local/arduino15/packages/sparkfun/tools/arm-none-eabi-gcc/8-2018-q4-major/bin/../lib/gcc/arm-none-eabi/8.2.1/../../../../arm-none-eabi/lib/thumb/v7e-m+fp/hard\libc_nano.a(lib_a-mprec.o)
 .ARM.attributes
                0x00000a9a       0x34 c:/users/chris/appdata/local/arduino15/packages/sparkfun/tools/arm-none-eabi-gcc/8-2018-q4-major/bin/../lib/gcc/arm-none-eabi/8.2.1/../../../../arm-none-eabi/lib/thumb/v7e-m+fp/hard\libc_nano.a(lib_a-nano-callocr.o)
 .ARM.attributes
                0x00000ace       0x34 c:/users/chris/appdata/local/arduino15/packages/sparkfun/tools/arm-none-eabi-gcc/8-2018-q4-major/bin/../lib/gcc/arm-none-eabi/8.2.1/../../../../arm-none-eabi/lib/thumb/v7e-m+fp/hard\libc_nano.a(lib_a-nano-reallocr.o)
 .ARM.attributes
                0x00000b02       0x34 c:/users/chris/appdata/local/arduino15/packages/sparkfun/tools/arm-none-eabi-gcc/8-2018-q4-major/bin/../lib/gcc/arm-none-eabi/8.2.1/../../../../arm-none-eabi/lib/thumb/v7e-m+fp/hard\libc_nano.a(lib_a-nano-svfprintf.o)
 .ARM.attributes
                0x00000b36       0x34 c:/users/chris/appdata/local/arduino15/packages/sparkfun/tools/arm-none-eabi-gcc/8-2018-q4-major/bin/../lib/gcc/arm-none-eabi/8.2.1/../../../../arm-none-eabi/lib/thumb/v7e-m+fp/hard\libc_nano.a(lib_a-reent.o)
 .ARM.attributes
                0x00000b6a       0x34 c:/users/chris/appdata/local/arduino15/packages/sparkfun/tools/arm-none-eabi-gcc/8-2018-q4-major/bin/../lib/gcc/arm-none-eabi/8.2.1/../../../../arm-none-eabi/lib/thumb/v7e-m+fp/hard\libc_nano.a(lib_a-wctomb_r.o)
 .ARM.attributes
                0x00000b9e       0x34 c:/users/chris/appdata/local/arduino15/packages/sparkfun/tools/arm-none-eabi-gcc/8-2018-q4-major/bin/../lib/gcc/arm-none-eabi/8.2.1/../../../../arm-none-eabi/lib/thumb/v7e-m+fp/hard\libc_nano.a(lib_a-lock.o)
 .ARM.attributes
                0x00000bd2       0x34 c:/users/chris/appdata/local/arduino15/packages/sparkfun/tools/arm-none-eabi-gcc/8-2018-q4-major/bin/../lib/gcc/arm-none-eabi/8.2.1/../../../../arm-none-eabi/lib/thumb/v7e-m+fp/hard\libc_nano.a(lib_a-nano-msizer.o)
 .ARM.attributes
                0x00000c06       0x1e c:/users/chris/appdata/local/arduino15/packages/sparkfun/tools/arm-none-eabi-gcc/8-2018-q4-major/bin/../lib/gcc/arm-none-eabi/8.2.1/thumb/v7e-m+fp/hard\libgcc.a(_arm_addsubdf3.o)
 .ARM.attributes
                0x00000c24       0x1e c:/users/chris/appdata/local/arduino15/packages/sparkfun/tools/arm-none-eabi-gcc/8-2018-q4-major/bin/../lib/gcc/arm-none-eabi/8.2.1/thumb/v7e-m+fp/hard\libgcc.a(_arm_muldivdf3.o)
 .ARM.attributes
                0x00000c42       0x1e c:/users/chris/appdata/local/arduino15/packages/sparkfun/tools/arm-none-eabi-gcc/8-2018-q4-major/bin/../lib/gcc/arm-none-eabi/8.2.1/thumb/v7e-m+fp/hard\libgcc.a(_arm_cmpdf2.o)
 .ARM.attributes
                0x00000c60       0x1e c:/users/chris/appdata/local/arduino15/packages/sparkfun/tools/arm-none-eabi-gcc/8-2018-q4-major/bin/../lib/gcc/arm-none-eabi/8.2.1/thumb/v7e-m+fp/hard\libgcc.a(_arm_unorddf2.o)
 .ARM.attributes
                0x00000c7e       0x1e c:/users/chris/appdata/local/arduino15/packages/sparkfun/tools/arm-none-eabi-gcc/8-2018-q4-major/bin/../lib/gcc/arm-none-eabi/8.2.1/thumb/v7e-m+fp/hard\libgcc.a(_arm_fixdfsi.o)
 .ARM.attributes
                0x00000c9c       0x1e c:/users/chris/appdata/local/arduino15/packages/sparkfun/tools/arm-none-eabi-gcc/8-2018-q4-major/bin/../lib/gcc/arm-none-eabi/8.2.1/thumb/v7e-m+fp/hard\libgcc.a(_aeabi_uldivmod.o)
 .ARM.attributes
                0x00000cba       0x34 c:/users/chris/appdata/local/arduino15/packages/sparkfun/tools/arm-none-eabi-gcc/8-2018-q4-major/bin/../lib/gcc/arm-none-eabi/8.2.1/thumb/v7e-m+fp/hard\libgcc.a(_udivmoddi4.o)
 .ARM.attributes
                0x00000cee       0x1e c:/users/chris/appdata/local/arduino15/packages/sparkfun/tools/arm-none-eabi-gcc/8-2018-q4-major/bin/../lib/gcc/arm-none-eabi/8.2.1/thumb/v7e-m+fp/hard\libgcc.a(_dvmd_tls.o)
 .ARM.attributes
                0x00000d0c       0x34 c:/users/chris/appdata/local/arduino15/packages/sparkfun/tools/arm-none-eabi-gcc/8-2018-q4-major/bin/../lib/gcc/arm-none-eabi/8.2.1/../../../../arm-none-eabi/lib/thumb/v7e-m+fp/hard\libnosys.a(sbrk.o)
OUTPUT(c:\Users\chris\Documents\Github\arduino-heat-sensor\build/arduino-heat-sensor.ino.axf elf32-littlearm)

.debug_info     0x00000000    0x590f9
 .debug_info    0x00000000     0x50df c:\Users\chris\Documents\Github\arduino-heat-sensor\build\sketch\arduino-heat-sensor.ino.cpp.o
 .debug_info    0x000050df     0x2312 c:\Users\chris\Documents\Github\arduino-heat-sensor\build\core\bsp\am_bsp.c.o
 .debug_info    0x000073f1      0xb41 c:\Users\chris\Documents\Github\arduino-heat-sensor\build\core\startup\startup_gcc.c.o
 .debug_info    0x00007f32     0x3f92 c:\Users\chris\Documents\Github\arduino-heat-sensor\build\core\config\variant.cpp.o
 .debug_info    0x0000bec4     0x2c35 c:\Users\chris\Documents\Github\arduino-heat-sensor\build\core\core.a(am_hal_clkgen.c.o)
 .debug_info    0x0000eaf9     0x2335 c:\Users\chris\Documents\Github\arduino-heat-sensor\build\core\core.a(am_hal_flash.c.o)
 .debug_info    0x00010e2e     0x54e5 c:\Users\chris\Documents\Github\arduino-heat-sensor\build\core\core.a(am_hal_gpio.c.o)
 .debug_info    0x00016313      0x821 c:\Users\chris\Documents\Github\arduino-heat-sensor\build\core\core.a(am_hal_interrupt.c.o)
 .debug_info    0x00016b34     0x209b c:\Users\chris\Documents\Github\arduino-heat-sensor\build\core\core.a(am_hal_itm.c.o)
 .debug_info    0x00018bcf     0x3c7e c:\Users\chris\Documents\Github\arduino-heat-sensor\build\core\core.a(am_hal_pwrctrl.c.o)
 .debug_info    0x0001c84d     0x11fc c:\Users\chris\Documents\Github\arduino-heat-sensor\build\core\core.a(am_hal_reset.c.o)
 .debug_info    0x0001da49     0x192b c:\Users\chris\Documents\Github\arduino-heat-sensor\build\core\core.a(am_hal_rtc.c.o)
 .debug_info    0x0001f374     0x3fed c:\Users\chris\Documents\Github\arduino-heat-sensor\build\core\core.a(am_hal_uart.c.o)
 .debug_info    0x00023361      0xdbe c:\Users\chris\Documents\Github\arduino-heat-sensor\build\core\core.a(am_util_stdio.c.o)
 .debug_info    0x0002411f     0x66a0 c:\Users\chris\Documents\Github\arduino-heat-sensor\build\core\core.a(Print.cpp.o)
 .debug_info    0x0002a7bf     0x4d31 c:\Users\chris\Documents\Github\arduino-heat-sensor\build\core\core.a(WString.cpp.o)
 .debug_info    0x0002f4f0     0x3e7e c:\Users\chris\Documents\Github\arduino-heat-sensor\build\core\core.a(main.cpp.o)
 .debug_info    0x0003336e     0x3fbc c:\Users\chris\Documents\Github\arduino-heat-sensor\build\core\core.a(ap3_timing.cpp.o)
 .debug_info    0x0003732a     0x7856 c:\Users\chris\Documents\Github\arduino-heat-sensor\build\core\core.a(ap3_uart.cpp.o)
 .debug_info    0x0003eb80     0x18b4 c:\Users\chris\Documents\Github\arduino-heat-sensor\build\core\core.a(am_hal_cachectrl.c.o)
 .debug_info    0x00040434      0xa5c c:\Users\chris\Documents\Github\arduino-heat-sensor\build\core\core.a(am_hal_queue.c.o)
 .debug_info    0x00040e90     0x853e c:\Users\chris\Documents\Github\arduino-heat-sensor\build\core\core.a(am_hal_stimer.c.o)
 .debug_info    0x000493ce      0x960 c:\Users\chris\Documents\Github\arduino-heat-sensor\build\core\core.a(am_util_delay.c.o)
 .debug_info    0x00049d2e      0xb3e c:\Users\chris\Documents\Github\arduino-heat-sensor\build\core\core.a(ap3_gpio_structures.c.o)
 .debug_info    0x0004a86c      0xbf8 c:\Users\chris\Documents\Github\arduino-heat-sensor\build\core\core.a(ap3_uart_structures.c.o)
 .debug_info    0x0004b464     0x8e49 c:\Users\chris\Documents\Github\arduino-heat-sensor\build\core\core.a(ap3_gpio.cpp.o)
 .debug_info    0x000542ad     0x4255 c:\Users\chris\Documents\Github\arduino-heat-sensor\build\core\core.a(ap3_initialization.cpp.o)
 .debug_info    0x00058502      0xbf7 c:\Users\chris\Documents\Github\arduino-heat-sensor\build\core\core.a(ap3_analog_structures.c.o)

.debug_abbrev   0x00000000     0x767a
 .debug_abbrev  0x00000000      0x68b c:\Users\chris\Documents\Github\arduino-heat-sensor\build\sketch\arduino-heat-sensor.ino.cpp.o
 .debug_abbrev  0x0000068b      0x381 c:\Users\chris\Documents\Github\arduino-heat-sensor\build\core\bsp\am_bsp.c.o
 .debug_abbrev  0x00000a0c      0x21d c:\Users\chris\Documents\Github\arduino-heat-sensor\build\core\startup\startup_gcc.c.o
 .debug_abbrev  0x00000c29      0x4cc c:\Users\chris\Documents\Github\arduino-heat-sensor\build\core\config\variant.cpp.o
 .debug_abbrev  0x000010f5      0x312 c:\Users\chris\Documents\Github\arduino-heat-sensor\build\core\core.a(am_hal_clkgen.c.o)
 .debug_abbrev  0x00001407      0x491 c:\Users\chris\Documents\Github\arduino-heat-sensor\build\core\core.a(am_hal_flash.c.o)
 .debug_abbrev  0x00001898      0x3b9 c:\Users\chris\Documents\Github\arduino-heat-sensor\build\core\core.a(am_hal_gpio.c.o)
 .debug_abbrev  0x00001c51      0x1c9 c:\Users\chris\Documents\Github\arduino-heat-sensor\build\core\core.a(am_hal_interrupt.c.o)
 .debug_abbrev  0x00001e1a      0x35b c:\Users\chris\Documents\Github\arduino-heat-sensor\build\core\core.a(am_hal_itm.c.o)
 .debug_abbrev  0x00002175      0x392 c:\Users\chris\Documents\Github\arduino-heat-sensor\build\core\core.a(am_hal_pwrctrl.c.o)
 .debug_abbrev  0x00002507      0x2fc c:\Users\chris\Documents\Github\arduino-heat-sensor\build\core\core.a(am_hal_reset.c.o)
 .debug_abbrev  0x00002803      0x341 c:\Users\chris\Documents\Github\arduino-heat-sensor\build\core\core.a(am_hal_rtc.c.o)
 .debug_abbrev  0x00002b44      0x45c c:\Users\chris\Documents\Github\arduino-heat-sensor\build\core\core.a(am_hal_uart.c.o)
 .debug_abbrev  0x00002fa0      0x401 c:\Users\chris\Documents\Github\arduino-heat-sensor\build\core\core.a(am_util_stdio.c.o)
 .debug_abbrev  0x000033a1      0x81c c:\Users\chris\Documents\Github\arduino-heat-sensor\build\core\core.a(Print.cpp.o)
 .debug_abbrev  0x00003bbd      0x708 c:\Users\chris\Documents\Github\arduino-heat-sensor\build\core\core.a(WString.cpp.o)
 .debug_abbrev  0x000042c5      0x4ca c:\Users\chris\Documents\Github\arduino-heat-sensor\build\core\core.a(main.cpp.o)
 .debug_abbrev  0x0000478f      0x551 c:\Users\chris\Documents\Github\arduino-heat-sensor\build\core\core.a(ap3_timing.cpp.o)
 .debug_abbrev  0x00004ce0      0xab8 c:\Users\chris\Documents\Github\arduino-heat-sensor\build\core\core.a(ap3_uart.cpp.o)
 .debug_abbrev  0x00005798      0x40c c:\Users\chris\Documents\Github\arduino-heat-sensor\build\core\core.a(am_hal_cachectrl.c.o)
 .debug_abbrev  0x00005ba4      0x252 c:\Users\chris\Documents\Github\arduino-heat-sensor\build\core\core.a(am_hal_queue.c.o)
 .debug_abbrev  0x00005df6      0x37d c:\Users\chris\Documents\Github\arduino-heat-sensor\build\core\core.a(am_hal_stimer.c.o)
 .debug_abbrev  0x00006173      0x22d c:\Users\chris\Documents\Github\arduino-heat-sensor\build\core\core.a(am_util_delay.c.o)
 .debug_abbrev  0x000063a0      0x1ab c:\Users\chris\Documents\Github\arduino-heat-sensor\build\core\core.a(ap3_gpio_structures.c.o)
 .debug_abbrev  0x0000654b      0x1bc c:\Users\chris\Documents\Github\arduino-heat-sensor\build\core\core.a(ap3_uart_structures.c.o)
 .debug_abbrev  0x00006707      0x85a c:\Users\chris\Documents\Github\arduino-heat-sensor\build\core\core.a(ap3_gpio.cpp.o)
 .debug_abbrev  0x00006f61      0x548 c:\Users\chris\Documents\Github\arduino-heat-sensor\build\core\core.a(ap3_initialization.cpp.o)
 .debug_abbrev  0x000074a9      0x1d1 c:\Users\chris\Documents\Github\arduino-heat-sensor\build\core\core.a(ap3_analog_structures.c.o)

.debug_loc      0x00000000     0xd0bd
 .debug_loc     0x00000000       0x33 c:\Users\chris\Documents\Github\arduino-heat-sensor\build\sketch\arduino-heat-sensor.ino.cpp.o
 .debug_loc     0x00000033      0xc8f c:\Users\chris\Documents\Github\arduino-heat-sensor\build\core\bsp\am_bsp.c.o
 .debug_loc     0x00000cc2       0x2e c:\Users\chris\Documents\Github\arduino-heat-sensor\build\core\config\variant.cpp.o
 .debug_loc     0x00000cf0      0x2af c:\Users\chris\Documents\Github\arduino-heat-sensor\build\core\core.a(am_hal_clkgen.c.o)
 .debug_loc     0x00000f9f     0x12df c:\Users\chris\Documents\Github\arduino-heat-sensor\build\core\core.a(am_hal_flash.c.o)
 .debug_loc     0x0000227e      0xd77 c:\Users\chris\Documents\Github\arduino-heat-sensor\build\core\core.a(am_hal_gpio.c.o)
 .debug_loc     0x00002ff5      0x26a c:\Users\chris\Documents\Github\arduino-heat-sensor\build\core\core.a(am_hal_itm.c.o)
 .debug_loc     0x0000325f      0x3a6 c:\Users\chris\Documents\Github\arduino-heat-sensor\build\core\core.a(am_hal_pwrctrl.c.o)
 .debug_loc     0x00003605      0x1d1 c:\Users\chris\Documents\Github\arduino-heat-sensor\build\core\core.a(am_hal_reset.c.o)
 .debug_loc     0x000037d6      0x458 c:\Users\chris\Documents\Github\arduino-heat-sensor\build\core\core.a(am_hal_rtc.c.o)
 .debug_loc     0x00003c2e     0x1acf c:\Users\chris\Documents\Github\arduino-heat-sensor\build\core\core.a(am_hal_uart.c.o)
 .debug_loc     0x000056fd     0x17f1 c:\Users\chris\Documents\Github\arduino-heat-sensor\build\core\core.a(am_util_stdio.c.o)
 .debug_loc     0x00006eee     0x16a7 c:\Users\chris\Documents\Github\arduino-heat-sensor\build\core\core.a(Print.cpp.o)
 .debug_loc     0x00008595     0x26b9 c:\Users\chris\Documents\Github\arduino-heat-sensor\build\core\core.a(WString.cpp.o)
 .debug_loc     0x0000ac4e       0x4a c:\Users\chris\Documents\Github\arduino-heat-sensor\build\core\core.a(ap3_timing.cpp.o)
 .debug_loc     0x0000ac98      0xdfe c:\Users\chris\Documents\Github\arduino-heat-sensor\build\core\core.a(ap3_uart.cpp.o)
 .debug_loc     0x0000ba96      0x4b0 c:\Users\chris\Documents\Github\arduino-heat-sensor\build\core\core.a(am_hal_cachectrl.c.o)
 .debug_loc     0x0000bf46      0x278 c:\Users\chris\Documents\Github\arduino-heat-sensor\build\core\core.a(am_hal_queue.c.o)
 .debug_loc     0x0000c1be      0x3ff c:\Users\chris\Documents\Github\arduino-heat-sensor\build\core\core.a(am_hal_stimer.c.o)
 .debug_loc     0x0000c5bd      0x10b c:\Users\chris\Documents\Github\arduino-heat-sensor\build\core\core.a(am_util_delay.c.o)
 .debug_loc     0x0000c6c8      0x9df c:\Users\chris\Documents\Github\arduino-heat-sensor\build\core\core.a(ap3_gpio.cpp.o)
 .debug_loc     0x0000d0a7       0x16 c:\Users\chris\Documents\Github\arduino-heat-sensor\build\core\core.a(ap3_initialization.cpp.o)

.debug_aranges  0x00000000      0xda8
 .debug_aranges
                0x00000000       0x38 c:\Users\chris\Documents\Github\arduino-heat-sensor\build\sketch\arduino-heat-sensor.ino.cpp.o
 .debug_aranges
                0x00000038       0xa8 c:\Users\chris\Documents\Github\arduino-heat-sensor\build\core\bsp\am_bsp.c.o
 .debug_aranges
                0x000000e0       0x38 c:\Users\chris\Documents\Github\arduino-heat-sensor\build\core\startup\startup_gcc.c.o
 .debug_aranges
                0x00000118       0x20 c:\Users\chris\Documents\Github\arduino-heat-sensor\build\core\config\variant.cpp.o
 .debug_aranges
                0x00000138       0x58 c:\Users\chris\Documents\Github\arduino-heat-sensor\build\core\core.a(am_hal_clkgen.c.o)
 .debug_aranges
                0x00000190      0x130 c:\Users\chris\Documents\Github\arduino-heat-sensor\build\core\core.a(am_hal_flash.c.o)
 .debug_aranges
                0x000002c0       0x70 c:\Users\chris\Documents\Github\arduino-heat-sensor\build\core\core.a(am_hal_gpio.c.o)
 .debug_aranges
                0x00000330       0x30 c:\Users\chris\Documents\Github\arduino-heat-sensor\build\core\core.a(am_hal_interrupt.c.o)
 .debug_aranges
                0x00000360       0x78 c:\Users\chris\Documents\Github\arduino-heat-sensor\build\core\core.a(am_hal_itm.c.o)
 .debug_aranges
                0x000003d8       0x58 c:\Users\chris\Documents\Github\arduino-heat-sensor\build\core\core.a(am_hal_pwrctrl.c.o)
 .debug_aranges
                0x00000430       0x50 c:\Users\chris\Documents\Github\arduino-heat-sensor\build\core\core.a(am_hal_reset.c.o)
 .debug_aranges
                0x00000480       0xa0 c:\Users\chris\Documents\Github\arduino-heat-sensor\build\core\core.a(am_hal_rtc.c.o)
 .debug_aranges
                0x00000520       0xc0 c:\Users\chris\Documents\Github\arduino-heat-sensor\build\core\core.a(am_hal_uart.c.o)
 .debug_aranges
                0x000005e0       0x70 c:\Users\chris\Documents\Github\arduino-heat-sensor\build\core\core.a(am_util_stdio.c.o)
 .debug_aranges
                0x00000650      0x100 c:\Users\chris\Documents\Github\arduino-heat-sensor\build\core\core.a(Print.cpp.o)
 .debug_aranges
                0x00000750      0x2b8 c:\Users\chris\Documents\Github\arduino-heat-sensor\build\core\core.a(WString.cpp.o)
 .debug_aranges
                0x00000a08       0x30 c:\Users\chris\Documents\Github\arduino-heat-sensor\build\core\core.a(main.cpp.o)
 .debug_aranges
                0x00000a38       0x60 c:\Users\chris\Documents\Github\arduino-heat-sensor\build\core\core.a(ap3_timing.cpp.o)
 .debug_aranges
                0x00000a98       0xb8 c:\Users\chris\Documents\Github\arduino-heat-sensor\build\core\core.a(ap3_uart.cpp.o)
 .debug_aranges
                0x00000b50       0x58 c:\Users\chris\Documents\Github\arduino-heat-sensor\build\core\core.a(am_hal_cachectrl.c.o)
 .debug_aranges
                0x00000ba8       0x30 c:\Users\chris\Documents\Github\arduino-heat-sensor\build\core\core.a(am_hal_queue.c.o)
 .debug_aranges
                0x00000bd8       0x98 c:\Users\chris\Documents\Github\arduino-heat-sensor\build\core\core.a(am_hal_stimer.c.o)
 .debug_aranges